Archive member included to satisfy reference by file (symbol)

A:/00_SHIELD/00_ITI/00_Sources/03_GCC_Compiler/msys64/mingw64/bin/../lib/gcc/x86_64-w64-mingw32/11.2.0/../../../../x86_64-w64-mingw32/lib/../lib/libmingw32.a(lib64_libmingw32_a-gccmain.o)
                              A:/00_SHIELD/00_ITI/00_Sources/03_GCC_Compiler/msys64/mingw64/bin/../lib/gcc/x86_64-w64-mingw32/11.2.0/../../../../x86_64-w64-mingw32/lib/../lib/crt2.o (__main)
A:/00_SHIELD/00_ITI/00_Sources/03_GCC_Compiler/msys64/mingw64/bin/../lib/gcc/x86_64-w64-mingw32/11.2.0/../../../../x86_64-w64-mingw32/lib/../lib/libmingw32.a(lib64_libmingw32_a-natstart.o)
                              A:/00_SHIELD/00_ITI/00_Sources/03_GCC_Compiler/msys64/mingw64/bin/../lib/gcc/x86_64-w64-mingw32/11.2.0/../../../../x86_64-w64-mingw32/lib/../lib/crt2.o (__native_startup_lock)
A:/00_SHIELD/00_ITI/00_Sources/03_GCC_Compiler/msys64/mingw64/bin/../lib/gcc/x86_64-w64-mingw32/11.2.0/../../../../x86_64-w64-mingw32/lib/../lib/libmingw32.a(lib64_libmingw32_a-wildcard.o)
                              A:/00_SHIELD/00_ITI/00_Sources/03_GCC_Compiler/msys64/mingw64/bin/../lib/gcc/x86_64-w64-mingw32/11.2.0/../../../../x86_64-w64-mingw32/lib/../lib/crt2.o (_dowildcard)
A:/00_SHIELD/00_ITI/00_Sources/03_GCC_Compiler/msys64/mingw64/bin/../lib/gcc/x86_64-w64-mingw32/11.2.0/../../../../x86_64-w64-mingw32/lib/../lib/libmingw32.a(lib64_libmingw32_a-dllargv.o)
                              A:/00_SHIELD/00_ITI/00_Sources/03_GCC_Compiler/msys64/mingw64/bin/../lib/gcc/x86_64-w64-mingw32/11.2.0/../../../../x86_64-w64-mingw32/lib/../lib/crt2.o (_setargv)
A:/00_SHIELD/00_ITI/00_Sources/03_GCC_Compiler/msys64/mingw64/bin/../lib/gcc/x86_64-w64-mingw32/11.2.0/../../../../x86_64-w64-mingw32/lib/../lib/libmingw32.a(lib64_libmingw32_a-_newmode.o)
                              A:/00_SHIELD/00_ITI/00_Sources/03_GCC_Compiler/msys64/mingw64/bin/../lib/gcc/x86_64-w64-mingw32/11.2.0/../../../../x86_64-w64-mingw32/lib/../lib/crt2.o (_newmode)
A:/00_SHIELD/00_ITI/00_Sources/03_GCC_Compiler/msys64/mingw64/bin/../lib/gcc/x86_64-w64-mingw32/11.2.0/../../../../x86_64-w64-mingw32/lib/../lib/libmingw32.a(lib64_libmingw32_a-tlssup.o)
                              A:/00_SHIELD/00_ITI/00_Sources/03_GCC_Compiler/msys64/mingw64/bin/../lib/gcc/x86_64-w64-mingw32/11.2.0/../../../../x86_64-w64-mingw32/lib/../lib/crt2.o (__mingw_initltssuo_force)
A:/00_SHIELD/00_ITI/00_Sources/03_GCC_Compiler/msys64/mingw64/bin/../lib/gcc/x86_64-w64-mingw32/11.2.0/../../../../x86_64-w64-mingw32/lib/../lib/libmingw32.a(lib64_libmingw32_a-xncommod.o)
                              A:/00_SHIELD/00_ITI/00_Sources/03_GCC_Compiler/msys64/mingw64/bin/../lib/gcc/x86_64-w64-mingw32/11.2.0/../../../../x86_64-w64-mingw32/lib/../lib/crt2.o (_commode)
A:/00_SHIELD/00_ITI/00_Sources/03_GCC_Compiler/msys64/mingw64/bin/../lib/gcc/x86_64-w64-mingw32/11.2.0/../../../../x86_64-w64-mingw32/lib/../lib/libmingw32.a(lib64_libmingw32_a-cinitexe.o)
                              A:/00_SHIELD/00_ITI/00_Sources/03_GCC_Compiler/msys64/mingw64/bin/../lib/gcc/x86_64-w64-mingw32/11.2.0/../../../../x86_64-w64-mingw32/lib/../lib/crt2.o (__xc_z)
A:/00_SHIELD/00_ITI/00_Sources/03_GCC_Compiler/msys64/mingw64/bin/../lib/gcc/x86_64-w64-mingw32/11.2.0/../../../../x86_64-w64-mingw32/lib/../lib/libmingw32.a(lib64_libmingw32_a-merr.o)
                              A:/00_SHIELD/00_ITI/00_Sources/03_GCC_Compiler/msys64/mingw64/bin/../lib/gcc/x86_64-w64-mingw32/11.2.0/../../../../x86_64-w64-mingw32/lib/../lib/crt2.o (_matherr)
A:/00_SHIELD/00_ITI/00_Sources/03_GCC_Compiler/msys64/mingw64/bin/../lib/gcc/x86_64-w64-mingw32/11.2.0/../../../../x86_64-w64-mingw32/lib/../lib/libmingw32.a(lib64_libmingw32_a-CRT_fp10.o)
                              A:/00_SHIELD/00_ITI/00_Sources/03_GCC_Compiler/msys64/mingw64/bin/../lib/gcc/x86_64-w64-mingw32/11.2.0/../../../../x86_64-w64-mingw32/lib/../lib/crt2.o (_fpreset)
A:/00_SHIELD/00_ITI/00_Sources/03_GCC_Compiler/msys64/mingw64/bin/../lib/gcc/x86_64-w64-mingw32/11.2.0/../../../../x86_64-w64-mingw32/lib/../lib/libmingw32.a(lib64_libmingw32_a-mingw_helpers.o)
                              A:/00_SHIELD/00_ITI/00_Sources/03_GCC_Compiler/msys64/mingw64/bin/../lib/gcc/x86_64-w64-mingw32/11.2.0/../../../../x86_64-w64-mingw32/lib/../lib/crt2.o (__mingw_app_type)
A:/00_SHIELD/00_ITI/00_Sources/03_GCC_Compiler/msys64/mingw64/bin/../lib/gcc/x86_64-w64-mingw32/11.2.0/../../../../x86_64-w64-mingw32/lib/../lib/libmingw32.a(lib64_libmingw32_a-pseudo-reloc.o)
                              A:/00_SHIELD/00_ITI/00_Sources/03_GCC_Compiler/msys64/mingw64/bin/../lib/gcc/x86_64-w64-mingw32/11.2.0/../../../../x86_64-w64-mingw32/lib/../lib/crt2.o (_pei386_runtime_relocator)
A:/00_SHIELD/00_ITI/00_Sources/03_GCC_Compiler/msys64/mingw64/bin/../lib/gcc/x86_64-w64-mingw32/11.2.0/../../../../x86_64-w64-mingw32/lib/../lib/libmingw32.a(lib64_libmingw32_a-usermatherr.o)
[...]
Memory Configuration

Name             Origin             Length             Attributes
*default*        0x0000000000000000 0xffffffffffffffff

Linker script and memory map

                0x0000000140000000                __image_base__ = 0x140000000
                0x0000000000000000                __dll__ = 0x0
                0x0000000140000000                __ImageBase = 0x140000000
                0x0000000000001000                __section_alignment__ = 0x1000
                0x0000000000000200                __file_alignment__ = 0x200
                0x0000000000000004                __major_os_version__ = 0x4
                0x0000000000000000                __minor_os_version__ = 0x0
                0x0000000000000000                __major_image_version__ = 0x0
                0x0000000000000000                __minor_image_version__ = 0x0
                0x0000000000000005                __major_subsystem_version__ = 0x5
                0x0000000000000002                __minor_subsystem_version__ = 0x2
                0x0000000000000003                __subsystem__ = 0x3
                0x0000000000200000                __size_of_stack_reserve__ = 0x200000
                0x0000000000001000                __size_of_stack_commit__ = 0x1000
                0x0000000000100000                __size_of_heap_reserve__ = 0x100000
                0x0000000000001000                __size_of_heap_commit__ = 0x1000
                0x0000000000000000                __loader_flags__ = 0x0
                0x0000000000000160                __dll_characteristics__ = 0x160
LOAD A:/00_SHIELD/00_ITI/00_Sources/03_GCC_Compiler/msys64/mingw64/bin/../lib/gcc/x86_64-w64-mingw32/11.2.0/../../../../x86_64-w64-mingw32/lib/../lib/crt2.o
LOAD A:/00_SHIELD/00_ITI/00_Sources/03_GCC_Compiler/msys64/mingw64/bin/../lib/gcc/x86_64-w64-mingw32/11.2.0/crtbegin.o
LOAD C:\Users\mmich\AppData\Local\Temp\ccEqAGKk.o
LOAD A:/00_SHIELD/00_ITI/00_Sources/03_GCC_Compiler/msys64/mingw64/bin/../lib/gcc/x86_64-w64-mingw32/11.2.0/../../../../x86_64-w64-mingw32/lib/../lib/libmingw32.a
LOAD A:/00_SHIELD/00_ITI/00_Sources/03_GCC_Compiler/msys64/mingw64/bin/../lib/gcc/x86_64-w64-mingw32/11.2.0/libgcc.a
LOAD A:/00_SHIELD/00_ITI/00_Sources/03_GCC_Compiler/msys64/mingw64/bin/../lib/gcc/x86_64-w64-mingw32/11.2.0/libgcc_eh.a
LOAD A:/00_SHIELD/00_ITI/00_Sources/03_GCC_Compiler/msys64/mingw64/bin/../lib/gcc/x86_64-w64-mingw32/11.2.0/../../../../x86_64-w64-mingw32/lib/../lib/libmoldname.a
LOAD A:/00_SHIELD/00_ITI/00_Sources/03_GCC_Compiler/msys64/mingw64/bin/../lib/gcc/x86_64-w64-mingw32/11.2.0/../../../../x86_64-w64-mingw32/lib/../lib/libmingwex.a
LOAD A:/00_SHIELD/00_ITI/00_Sources/03_GCC_Compiler/msys64/mingw64/bin/../lib/gcc/x86_64-w64-mingw32/11.2.0/../../../../x86_64-w64-mingw32/lib/../lib/libmsvcrt.a
LOAD A:/00_SHIELD/00_ITI/00_Sources/03_GCC_Compiler/msys64/mingw64/bin/../lib/gcc/x86_64-w64-mingw32/11.2.0/../../../../x86_64-w64-mingw32/lib/../lib/libkernel32.a
LOAD A:/00_SHIELD/00_ITI/00_Sources/03_GCC_Compiler/msys64/mingw64/bin/../lib/gcc/x86_64-w64-mingw32/11.2.0/../../../../x86_64-w64-mingw32/lib/../lib/libpthread.dll.a
LOAD A:/00_SHIELD/00_ITI/00_Sources/03_GCC_Compiler/msys64/mingw64/bin/../lib/gcc/x86_64-w64-mingw32/11.2.0/../../../../x86_64-w64-mingw32/lib/../lib/libadvapi32.a
LOAD A:/00_SHIELD/00_ITI/00_Sources/03_GCC_Compiler/msys64/mingw64/bin/../lib/gcc/x86_64-w64-mingw32/11.2.0/../../../../x86_64-w64-mingw32/lib/../lib/libshell32.a
LOAD A:/00_SHIELD/00_ITI/00_Sources/03_GCC_Compiler/msys64/mingw64/bin/../lib/gcc/x86_64-w64-mingw32/11.2.0/../../../../x86_64-w64-mingw32/lib/../lib/libuser32.a
LOAD A:/00_SHIELD/00_ITI/00_Sources/03_GCC_Compiler/msys64/mingw64/bin/../lib/gcc/x86_64-w64-mingw32/11.2.0/../../../../x86_64-w64-mingw32/lib/../lib/libkernel32.a
LOAD A:/00_SHIELD/00_ITI/00_Sources/03_GCC_Compiler/msys64/mingw64/bin/../lib/gcc/x86_64-w64-mingw32/11.2.0/../../../../x86_64-w64-mingw32/lib/../lib/libmingw32.a
LOAD A:/00_SHIELD/00_ITI/00_Sources/03_GCC_Compiler/msys64/mingw64/bin/../lib/gcc/x86_64-w64-mingw32/11.2.0/libgcc.a
LOAD A:/00_SHIELD/00_ITI/00_Sources/03_GCC_Compiler/msys64/mingw64/bin/../lib/gcc/x86_64-w64-mingw32/11.2.0/libgcc_eh.a
LOAD A:/00_SHIELD/00_ITI/00_Sources/03_GCC_Compiler/msys64/mingw64/bin/../lib/gcc/x86_64-w64-mingw32/11.2.0/../../../../x86_64-w64-mingw32/lib/../lib/libmoldname.a
LOAD A:/00_SHIELD/00_ITI/00_Sources/03_GCC_Compiler/msys64/mingw64/bin/../lib/gcc/x86_64-w64-mingw32/11.2.0/../../../../x86_64-w64-mingw32/lib/../lib/libmingwex.a
LOAD A:/00_SHIELD/00_ITI/00_Sources/03_GCC_Compiler/msys64/mingw64/bin/../lib/gcc/x86_64-w64-mingw32/11.2.0/../../../../x86_64-w64-mingw32/lib/../lib/libmsvcrt.a
LOAD A:/00_SHIELD/00_ITI/00_Sources/03_GCC_Compiler/msys64/mingw64/bin/../lib/gcc/x86_64-w64-mingw32/11.2.0/../../../../x86_64-w64-mingw32/lib/../lib/libkernel32.a
LOAD A:/00_SHIELD/00_ITI/00_Sources/03_GCC_Compiler/msys64/mingw64/bin/../lib/gcc/x86_64-w64-mingw32/11.2.0/../../../../x86_64-w64-mingw32/lib/../lib/default-manifest.o
LOAD A:/00_SHIELD/00_ITI/00_Sources/03_GCC_Compiler/msys64/mingw64/bin/../lib/gcc/x86_64-w64-mingw32/11.2.0/crtend.o
                0x00000000000004a8                . = SIZEOF_HEADERS
                0x0000000000001000                . = ALIGN (__section_alignment__)

.text           0x0000000140001000     0xe600
 *(SORT_NONE(.init))
 *(.text)
 .text          0x0000000140001000      0x510 A:/00_SHIELD/00_ITI/00_Sources/03_GCC_Compiler/msys64/mingw64/bin/../lib/gcc/x86_64-w64-mingw32/11.2.0/../../../../x86_64-w64-mingw32/lib/../lib/crt2.o
                0x00000001400014b0                WinMainCRTStartup
                0x00000001400014d0                mainCRTStartup
                0x00000001400014f0                atexit
 .text          0x0000000140001510       0x20 A:/00_SHIELD/00_ITI/00_Sources/03_GCC_Compiler/msys64/mingw64/bin/../lib/gcc/x86_64-w64-mingw32/11.2.0/crtbegin.o
                0x0000000140001510                __gcc_register_frame
                0x0000000140001520                __gcc_deregister_frame
 .text          0x0000000140001530      0x280 C:\Users\mmich\AppData\Local\Temp\ccEqAGKk.o
                0x00000001400015d2                main
 .text          0x00000001400017b0       0xd0 A:/00_SHIELD/00_ITI/00_Sources/03_GCC_Compiler/msys64/mingw64/bin/../lib/gcc/x86_64-w64-mingw32/11.2.0/../../../../x86_64-w64-mingw32/lib/../lib/libmingw32.a(lib64_libmingw32_a-gccmain.o)
                0x00000001400017b0                __do_global_dtors
                0x00000001400017f0                __do_global_ctors
                0x0000000140001860                __main
 .text          0x0000000140001880        0x0 A:/00_SHIELD/00_ITI/00_Sources/03_GCC_Compiler/msys64/mingw64/bin/../lib/gcc/x86_64-w64-mingw32/11.2.0/../../../../x86_64-w64-mingw32/lib/../lib/libmingw32.a(lib64_libmingw32_a-natstart.o)
 .text          0x0000000140001880        0x0 A:/00_SHIELD/00_ITI/00_Sources/03_GCC_Compiler/msys64/mingw64/bin/../lib/gcc/x86_64-w64-mingw32/11.2.0/../../../../x86_64-w64-mingw32/lib/../lib/libmingw32.a(lib64_libmingw32_a-wildcard.o)
 .text          0x0000000140001880       0x10 A:/00_SHIELD/00_ITI/00_Sources/03_GCC_Compiler/msys64/mingw64/bin/../lib/gcc/x86_64-w64-mingw32/11.2.0/../../../../x86_64-w64-mingw32/lib/../lib/libmingw32.a(lib64_libmingw32_a-dllargv.o)
                0x0000000140001880                _setargv
 .text          0x0000000140001890        0x0 A:/00_SHIELD/00_ITI/00_Sources/03_GCC_Compiler/msys64/mingw64/bin/../lib/gcc/x86_64-w64-mingw32/11.2.0/../../../../x86_64-w64-mingw32/lib/../lib/libmingw32.a(lib64_libmingw32_a-_newmode.o)
 .text          0x0000000140001890       0xd0 A:/00_SHIELD/00_ITI/00_Sources/03_GCC_Compiler/msys64/mingw64/bin/../lib/gcc/x86_64-w64-mingw32/11.2.0/../../../../x86_64-w64-mingw32/lib/../lib/libmingw32.a(lib64_libmingw32_a-tlssup.o)
                0x00000001400018c0                __dyn_tls_init
                0x0000000140001950                __tlregdtor
 .text          0x0000000140001960        0x0 A:/00_SHIELD/00_ITI/00_Sources/03_GCC_Compiler/msys64/mingw64/bin/../lib/gcc/x86_64-w64-mingw32/11.2.0/../../../../x86_64-w64-mingw32/lib/../lib/libmingw32.a(lib64_libmingw32_a-xncommod.o)
 .text          0x0000000140001960        0x0 A:/00_SHIELD/00_ITI/00_Sources/03_GCC_Compiler/msys64/mingw64/bin/../lib/gcc/x86_64-w64-mingw32/11.2.0/../../../../x86_64-w64-mingw32/lib/../lib/libmingw32.a(lib64_libmingw32_a-cinitexe.o)
 .text          0x0000000140001960      0x100 A:/00_SHIELD/00_ITI/00_Sources/03_GCC_Compiler/msys64/mingw64/bin/../lib/gcc/x86_64-w64-mingw32/11.2.0/../../../../x86_64-w64-mingw32/lib/../lib/libmingw32.a(lib64_libmingw32_a-merr.o)
                0x0000000140001960                _matherr
 .text          0x0000000140001a60       0x10 A:/00_SHIELD/00_ITI/00_Sources/03_GCC_Compiler/msys64/mingw64/bin/../lib/gcc/x86_64-w64-mingw32/11.2.0/../../../../x86_64-w64-mingw32/lib/../lib/libmingw32.a(lib64_libmingw32_a-CRT_fp10.o)
                0x0000000140001a60                fpreset
                0x0000000140001a60                _fpreset
 .text          0x0000000140001a70        0x0 A:/00_SHIELD/00_ITI/00_Sources/03_GCC_Compiler/msys64/mingw64/bin/../lib/gcc/x86_64-w64-mingw32/11.2.0/../../../../x86_64-w64-mingw32/lib/../lib/libmingw32.a(lib64_libmingw32_a-mingw_helpers.o)
 .text          0x0000000140001a70      0x520 A:/00_SHIELD/00_ITI/00_Sources/03_GCC_Compiler/msys64/mingw64/bin/../lib/gcc/x86_64-w64-mingw32/11.2.0/../../../../x86_64-w64-mingw32/lib/../lib/libmingw32.a(lib64_libmingw32_a-pseudo-reloc.o)
                0x0000000140001c50                _pei386_runtime_relocator
 .text          0x0000000140001f90       0x60 A:/00_SHIELD/00_ITI/00_Sources/03_GCC_Compiler/msys64/mingw64/bin/../lib/gcc/x86_64-w64-mingw32/11.2.0/../../../../x86_64-w64-mingw32/lib/../lib/libmingw32.a(lib64_libmingw32_a-usermatherr.o)
                0x0000000140001f90                __mingw_raise_matherr
                0x0000000140001fe0                __mingw_setusermatherr
 .text          0x0000000140001ff0        0x0 A:/00_SHIELD/00_ITI/00_Sources/03_GCC_Compiler/msys64/mingw64/bin/../lib/gcc/x86_64-w64-mingw32/11.2.0/../../../../x86_64-w64-mingw32/lib/../lib/libmingw32.a(lib64_libmingw32_a-xtxtmode.o)
 .text          0x0000000140001ff0      0x1c0 A:/00_SHIELD/00_ITI/00_Sources/03_GCC_Compiler/msys64/mingw64/bin/../lib/gcc/x86_64-w64-mingw32/11.2.0/../../../../x86_64-w64-mingw32/lib/../lib/libmingw32.a(lib64_libmingw32_a-crt_handler.o)
                0x0000000140001ff0                _gnu_exception_handler
 .text          0x00000001400021b0      0x290 A:/00_SHIELD/00_ITI/00_Sources/03_GCC_Compiler/msys64/mingw64/bin/../lib/gcc/x86_64-w64-mingw32/11.2.0/../../../../x86_64-w64-mingw32/lib/../lib/libmingw32.a(lib64_libmingw32_a-tlsthrd.o)
                0x0000000140002230                ___w64_mingwthr_add_key_dtor
                0x00000001400022c0                ___w64_mingwthr_remove_key_dtor
                0x0000000140002350                __mingw_TLScallback
 .text          0x0000000140002440        0x0 A:/00_SHIELD/00_ITI/00_Sources/03_GCC_Compiler/msys64/mingw64/bin/../lib/gcc/x86_64-w64-mingw32/11.2.0/../../../../x86_64-w64-mingw32/lib/../lib/libmingw32.a(lib64_libmingw32_a-tlsmcrt.o)
 .text          0x0000000140002440        0x0 A:/00_SHIELD/00_ITI/00_Sources/03_GCC_Compiler/msys64/mingw64/bin/../lib/gcc/x86_64-w64-mingw32/11.2.0/../../../../x86_64-w64-mingw32/lib/../lib/libmingw32.a(lib64_libmingw32_a-pseudo-reloc-list.o)
 .text          0x0000000140002440      0x3e0 A:/00_SHIELD/00_ITI/00_Sources/03_GCC_Compiler/msys64/mingw64/bin/../lib/gcc/x86_64-w64-mingw32/11.2.0/../../../../x86_64-w64-mingw32/lib/../lib/libmingw32.a(lib64_libmingw32_a-pesect.o)
                0x0000000140002440                _ValidateImageBase
                0x0000000140002470                _FindPESection
                0x00000001400024c0                _FindPESectionByName
                0x0000000140002560                __mingw_GetSectionForAddress
                0x00000001400025e0                __mingw_GetSectionCount
                0x0000000140002620                _FindPESectionExec
                0x0000000140002690                _GetPEImageBase
                0x00000001400026d0                _IsNonwritableInCurrentImage
                0x0000000140002760                __mingw_enum_import_library_names
 .text          0x0000000140002820       0x40 A:/00_SHIELD/00_ITI/00_Sources/03_GCC_Compiler/msys64/mingw64/bin/../lib/gcc/x86_64-w64-mingw32/11.2.0/libgcc.a(_chkstk_ms.o)
                0x0000000140002820                ___chkstk_ms
 .text          0x0000000140002860        0x0 A:/00_SHIELD/00_ITI/00_Sources/03_GCC_Compiler/msys64/mingw64/bin/../lib/gcc/x86_64-w64-mingw32/11.2.0/libgcc.a(_ctors.o)
 .text          0x0000000140002860        0x0 A:/00_SHIELD/00_ITI/00_Sources/03_GCC_Compiler/msys64/mingw64/bin/../lib/gcc/x86_64-w64-mingw32/11.2.0/../../../../x86_64-w64-mingw32/lib/../lib/libmingwex.a(lib64_libmingwex_a-mingw_matherr.o)
 .text          0x0000000140002860       0x50 A:/00_SHIELD/00_ITI/00_Sources/03_GCC_Compiler/msys64/mingw64/bin/../lib/gcc/x86_64-w64-mingw32/11.2.0/../../../../x86_64-w64-mingw32/lib/../lib/libmingwex.a(lib64_libmingwex_a-mingw_vfprintf.o)
                0x0000000140002860                __mingw_vfprintf
 .text          0x00000001400028b0     0x3ca0 A:/00_SHIELD/00_ITI/00_Sources/03_GCC_Compiler/msys64/mingw64/bin/../lib/gcc/x86_64-w64-mingw32/11.2.0/../../../../x86_64-w64-mingw32/lib/../lib/libmingwex.a(lib64_libmingwex_a-mingw_vfscanf.o)
                0x00000001400064c0                __mingw_vfscanf
                0x0000000140006500                __mingw_vsscanf
 .text          0x0000000140006550       0xa0 A:/00_SHIELD/00_ITI/00_Sources/03_GCC_Compiler/msys64/mingw64/bin/../lib/gcc/x86_64-w64-mingw32/11.2.0/../../../../x86_64-w64-mingw32/lib/../lib/libmingwex.a(lib64_libmingwex_a-strtof.o)
                0x0000000140006550                __strtof
                0x0000000140006550                __mingw_strtof
 .text          0x00000001400065f0       0xb0 A:/00_SHIELD/00_ITI/00_Sources/03_GCC_Compiler/msys64/mingw64/bin/../lib/gcc/x86_64-w64-mingw32/11.2.0/../../../../x86_64-w64-mingw32/lib/../lib/libmingwex.a(lib64_libmingwex_a-strtopx.o)
                0x00000001400065f0                __strtold
                0x00000001400065f0                __mingw_strtold
                0x00000001400065f0                strtold
 .text          0x00000001400066a0      0x270 A:/00_SHIELD/00_ITI/00_Sources/03_GCC_Compiler/msys64/mingw64/bin/../lib/gcc/x86_64-w64-mingw32/11.2.0/../../../../x86_64-w64-mingw32/lib/../lib/libmingwex.a(lib64_libmingwex_a-strtoimax.o)
                0x00000001400066a0                strtoll
                0x00000001400066a0                strtoimax
 .text          0x0000000140006910      0x240 A:/00_SHIELD/00_ITI/00_Sources/03_GCC_Compiler/msys64/mingw64/bin/../lib/gcc/x86_64-w64-mingw32/11.2.0/../../../../x86_64-w64-mingw32/lib/../lib/libmingwex.a(lib64_libmingwex_a-strtoumax.o)
                0x0000000140006910                strtoull
                0x0000000140006910                strtoumax
 .text          0x0000000140006b50     0x25e0 A:/00_SHIELD/00_ITI/00_Sources/03_GCC_Compiler/msys64/mingw64/bin/../lib/gcc/x86_64-w64-mingw32/11.2.0/../../../../x86_64-w64-mingw32/lib/../lib/libmingwex.a(lib64_libmingwex_a-mingw_pformat.o)
                0x00000001400085f0                __mingw_pformat
 .text          0x0000000140009130      0x250 A:/00_SHIELD/00_ITI/00_Sources/03_GCC_Compiler/msys64/mingw64/bin/../lib/gcc/x86_64-w64-mingw32/11.2.0/../../../../x86_64-w64-mingw32/lib/../lib/libmingwex.a(lib64_libmingwex_a-dmisc.o)
                0x0000000140009130                __rv_alloc_D2A
                0x0000000140009170                __nrv_alloc_D2A
                0x00000001400091f0                __freedtoa
                0x0000000140009210                __quorem_D2A
 .text          0x0000000140009380     0x16e0 A:/00_SHIELD/00_ITI/00_Sources/03_GCC_Compiler/msys64/mingw64/bin/../lib/gcc/x86_64-w64-mingw32/11.2.0/../../../../x86_64-w64-mingw32/lib/../lib/libmingwex.a(lib64_libmingwex_a-gdtoa.o)
                0x0000000140009380                __gdtoa
 .text          0x000000014000aa60      0x150 A:/00_SHIELD/00_ITI/00_Sources/03_GCC_Compiler/msys64/mingw64/bin/../lib/gcc/x86_64-w64-mingw32/11.2.0/../../../../x86_64-w64-mingw32/lib/../lib/libmingwex.a(lib64_libmingwex_a-gmisc.o)
                0x000000014000aa60                __rshift_D2A
                0x000000014000ab60                __trailz_D2A
 .text          0x000000014000abb0      0xd00 A:/00_SHIELD/00_ITI/00_Sources/03_GCC_Compiler/msys64/mingw64/bin/../lib/gcc/x86_64-w64-mingw32/11.2.0/../../../../x86_64-w64-mingw32/lib/../lib/libmingwex.a(lib64_libmingwex_a-misc.o)
                0x000000014000ace0                __Balloc_D2A
                0x000000014000ade0                __Bfree_D2A
                0x000000014000ae50                __multadd_D2A
                0x000000014000af00                __i2b_D2A
                0x000000014000afc0                __mult_D2A
                0x000000014000b120                __pow5mult_D2A
                0x000000014000b330                __lshift_D2A
                0x000000014000b440                __cmp_D2A
                0x000000014000b490                __diff_D2A
                0x000000014000b660                __b2d_D2A
                0x000000014000b770                __d2b_D2A
                0x000000014000b880                __strcp_D2A
 .text          0x000000014000b8b0     0x2130 A:/00_SHIELD/00_ITI/00_Sources/03_GCC_Compiler/msys64/mingw64/bin/../lib/gcc/x86_64-w64-mingw32/11.2.0/../../../../x86_64-w64-mingw32/lib/../lib/libmingwex.a(lib64_libmingwex_a-strtodg.o)
                0x000000014000b8b0                __increment_D2A
                0x000000014000bd30                __decrement_D2A
                0x000000014000bd60                __set_ones_D2A
                0x000000014000be70                __strtodg
 .text          0x000000014000d9e0      0x190 A:/00_SHIELD/00_ITI/00_Sources/03_GCC_Compiler/msys64/mingw64/bin/../lib/gcc/x86_64-w64-mingw32/11.2.0/../../../../x86_64-w64-mingw32/lib/../lib/libmingwex.a(lib64_libmingwex_a-sum.o)
                0x000000014000d9e0                __sum_D2A
 .text          0x000000014000db70       0x30 A:/00_SHIELD/00_ITI/00_Sources/03_GCC_Compiler/msys64/mingw64/bin/../lib/gcc/x86_64-w64-mingw32/11.2.0/../../../../x86_64-w64-mingw32/lib/../lib/libmingwex.a(lib64_libmingwex_a-strnlen.o)
                0x000000014000db70                strnlen
 .text          0x000000014000dba0       0x30 A:/00_SHIELD/00_ITI/00_Sources/03_GCC_Compiler/msys64/mingw64/bin/../lib/gcc/x86_64-w64-mingw32/11.2.0/../../../../x86_64-w64-mingw32/lib/../lib/libmingwex.a(lib64_libmingwex_a-wcsnlen.o)
                0x000000014000dba0                wcsnlen
 .text          0x000000014000dbd0      0x930 A:/00_SHIELD/00_ITI/00_Sources/03_GCC_Compiler/msys64/mingw64/bin/../lib/gcc/x86_64-w64-mingw32/11.2.0/../../../../x86_64-w64-mingw32/lib/../lib/libmingwex.a(lib64_libmingwex_a-gethex.o)
                0x000000014000dbd0                __gethex_D2A
 .text          0x000000014000e500       0xa0 A:/00_SHIELD/00_ITI/00_Sources/03_GCC_Compiler/msys64/mingw64/bin/../lib/gcc/x86_64-w64-mingw32/11.2.0/../../../../x86_64-w64-mingw32/lib/../lib/libmingwex.a(lib64_libmingwex_a-hd_init.o)
                0x000000014000e500                __mingw_hexdig_init_D2A
 .text          0x000000014000e5a0      0x400 A:/00_SHIELD/00_ITI/00_Sources/03_GCC_Compiler/msys64/mingw64/bin/../lib/gcc/x86_64-w64-mingw32/11.2.0/../../../../x86_64-w64-mingw32/lib/../lib/libmingwex.a(lib64_libmingwex_a-hexnan.o)
                0x000000014000e5a0                __hexnan_D2A
 .text          0x000000014000e9a0      0x2d0 A:/00_SHIELD/00_ITI/00_Sources/03_GCC_Compiler/msys64/mingw64/bin/../lib/gcc/x86_64-w64-mingw32/11.2.0/../../../../x86_64-w64-mingw32/lib/../lib/libmingwex.a(lib64_libmingwex_a-smisc.o)
                0x000000014000e9a0                __s2b_D2A
                0x000000014000ea90                __ratio_D2A
                0x000000014000eb30                __match_D2A
                0x000000014000eb80                __copybits_D2A
                0x000000014000ebf0                __any_on_D2A
 .text          0x000000014000ec70       0x10 A:/00_SHIELD/00_ITI/00_Sources/03_GCC_Compiler/msys64/mingw64/bin/../lib/gcc/x86_64-w64-mingw32/11.2.0/../../../../x86_64-w64-mingw32/lib/../lib/libmsvcrt.a(lib64_libmsvcrt_extra_a-__p__fmode.o)
                0x000000014000ec70                __p__fmode
 .text          0x000000014000ec80       0x10 A:/00_SHIELD/00_ITI/00_Sources/03_GCC_Compiler/msys64/mingw64/bin/../lib/gcc/x86_64-w64-mingw32/11.2.0/../../../../x86_64-w64-mingw32/lib/../lib/libmsvcrt.a(lib64_libmsvcrt_extra_a-__p__commode.o)
                0x000000014000ec80                __p__commode
 .text          0x000000014000ec90       0x10 A:/00_SHIELD/00_ITI/00_Sources/03_GCC_Compiler/msys64/mingw64/bin/../lib/gcc/x86_64-w64-mingw32/11.2.0/../../../../x86_64-w64-mingw32/lib/../lib/libmsvcrt.a(lib64_libmsvcrt_extra_a-__p__acmdln.o)
                0x000000014000ec90                __p__acmdln
 .text          0x000000014000eca0       0xd0 A:/00_SHIELD/00_ITI/00_Sources/03_GCC_Compiler/msys64/mingw64/bin/../lib/gcc/x86_64-w64-mingw32/11.2.0/../../../../x86_64-w64-mingw32/lib/../lib/libmsvcrt.a(lib64_libmsvcrt_extra_a-mingw_lock.o)
                0x000000014000eca0                _lock_file
                0x000000014000ed10                _unlock_file
 .text          0x000000014000ed70       0x20 A:/00_SHIELD/00_ITI/00_Sources/03_GCC_Compiler/msys64/mingw64/bin/../lib/gcc/x86_64-w64-mingw32/11.2.0/../../../../x86_64-w64-mingw32/lib/../lib/libmsvcrt.a(lib64_libmsvcrt_extra_a-invalid_parameter_handler.o)
                0x000000014000ed70                _get_invalid_parameter_handler
                0x000000014000ed80                _set_invalid_parameter_handler
 .text          0x000000014000ed90       0x20 A:/00_SHIELD/00_ITI/00_Sources/03_GCC_Compiler/msys64/mingw64/bin/../lib/gcc/x86_64-w64-mingw32/11.2.0/../../../../x86_64-w64-mingw32/lib/../lib/libmsvcrt.a(lib64_libmsvcrt_common_a-acrt_iob_func.o)
                0x000000014000ed90                __acrt_iob_func
 .text          0x000000014000edb0      0x1e0 A:/00_SHIELD/00_ITI/00_Sources/03_GCC_Compiler/msys64/mingw64/bin/../lib/gcc/x86_64-w64-mingw32/11.2.0/../../../../x86_64-w64-mingw32/lib/../lib/libmsvcrt.a(lib64_libmsvcrt_common_a-wcrtomb.o)
                0x000000014000ee40                wcrtomb
                0x000000014000ee90                wcsrtombs
 .text          0x000000014000ef90      0x360 A:/00_SHIELD/00_ITI/00_Sources/03_GCC_Compiler/msys64/mingw64/bin/../lib/gcc/x86_64-w64-mingw32/11.2.0/../../../../x86_64-w64-mingw32/lib/../lib/libmsvcrt.a(lib64_libmsvcrt_common_a-mbrtowc.o)
                0x000000014000f110                mbrtowc
                0x000000014000f180                mbsrtowcs
                0x000000014000f290                mbrlen
 .text          0x000000014000f2f0        0x8 A:/00_SHIELD/00_ITI/00_Sources/03_GCC_Compiler/msys64/mingw64/bin/../lib/gcc/x86_64-w64-mingw32/11.2.0/../../../../x86_64-w64-mingw32/lib/../lib/libmsvcrt.a(libmsvcrt_defs00055.o)
                0x000000014000f2f0                __C_specific_handler
 .text          0x000000014000f2f8        0x8 A:/00_SHIELD/00_ITI/00_Sources/03_GCC_Compiler/msys64/mingw64/bin/../lib/gcc/x86_64-w64-mingw32/11.2.0/../../../../x86_64-w64-mingw32/lib/../lib/libmsvcrt.a(libmsvcrt_defs00063.o)
                0x000000014000f2f8                ___lc_codepage_func
 .text          0x000000014000f300        0x8 A:/00_SHIELD/00_ITI/00_Sources/03_GCC_Compiler/msys64/mingw64/bin/../lib/gcc/x86_64-w64-mingw32/11.2.0/../../../../x86_64-w64-mingw32/lib/../lib/libmsvcrt.a(libmsvcrt_defs00066.o)
                0x000000014000f300                ___mb_cur_max_func
 .text          0x000000014000f308        0x8 A:/00_SHIELD/00_ITI/00_Sources/03_GCC_Compiler/msys64/mingw64/bin/../lib/gcc/x86_64-w64-mingw32/11.2.0/../../../../x86_64-w64-mingw32/lib/../lib/libmsvcrt.a(libmsvcrt_defs00081.o)
                0x000000014000f308                __getmainargs
 .text          0x000000014000f310        0x0 A:/00_SHIELD/00_ITI/00_Sources/03_GCC_Compiler/msys64/mingw64/bin/../lib/gcc/x86_64-w64-mingw32/11.2.0/../../../../x86_64-w64-mingw32/lib/../lib/libmsvcrt.a(libmsvcrt_defs00082.o)
 .text          0x000000014000f310        0x8 A:/00_SHIELD/00_ITI/00_Sources/03_GCC_Compiler/msys64/mingw64/bin/../lib/gcc/x86_64-w64-mingw32/11.2.0/../../../../x86_64-w64-mingw32/lib/../lib/libmsvcrt.a(libmsvcrt_defs00083.o)
                0x000000014000f310                __iob_func
 .text          0x000000014000f318        0x8 A:/00_SHIELD/00_ITI/00_Sources/03_GCC_Compiler/msys64/mingw64/bin/../lib/gcc/x86_64-w64-mingw32/11.2.0/../../../../x86_64-w64-mingw32/lib/../lib/libmsvcrt.a(libmsvcrt_defs00097.o)
                0x000000014000f318                __set_app_type
 .text          0x000000014000f320        0x8 A:/00_SHIELD/00_ITI/00_Sources/03_GCC_Compiler/msys64/mingw64/bin/../lib/gcc/x86_64-w64-mingw32/11.2.0/../../../../x86_64-w64-mingw32/lib/../lib/libmsvcrt.a(libmsvcrt_defs00099.o)
                0x000000014000f320                __setusermatherr
 .text          0x000000014000f328        0x0 A:/00_SHIELD/00_ITI/00_Sources/03_GCC_Compiler/msys64/mingw64/bin/../lib/gcc/x86_64-w64-mingw32/11.2.0/../../../../x86_64-w64-mingw32/lib/../lib/libmsvcrt.a(libmsvcrt_defs00116.o)
 .text          0x000000014000f328        0x8 A:/00_SHIELD/00_ITI/00_Sources/03_GCC_Compiler/msys64/mingw64/bin/../lib/gcc/x86_64-w64-mingw32/11.2.0/../../../../x86_64-w64-mingw32/lib/../lib/libmsvcrt.a(libmsvcrt_defs00123.o)
                0x000000014000f328                _amsg_exit
 .text          0x000000014000f330        0x8 A:/00_SHIELD/00_ITI/00_Sources/03_GCC_Compiler/msys64/mingw64/bin/../lib/gcc/x86_64-w64-mingw32/11.2.0/../../../../x86_64-w64-mingw32/lib/../lib/libmsvcrt.a(libmsvcrt_defs00141.o)
                0x000000014000f330                _cexit
 .text          0x000000014000f338        0x0 A:/00_SHIELD/00_ITI/00_Sources/03_GCC_Compiler/msys64/mingw64/bin/../lib/gcc/x86_64-w64-mingw32/11.2.0/../../../../x86_64-w64-mingw32/lib/../lib/libmsvcrt.a(libmsvcrt_defs00157.o)
 .text          0x000000014000f338        0x8 A:/00_SHIELD/00_ITI/00_Sources/03_GCC_Compiler/msys64/mingw64/bin/../lib/gcc/x86_64-w64-mingw32/11.2.0/../../../../x86_64-w64-mingw32/lib/../lib/libmsvcrt.a(libmsvcrt_defs00204.o)
                0x000000014000f338                _errno
 .text          0x000000014000f340        0x0 A:/00_SHIELD/00_ITI/00_Sources/03_GCC_Compiler/msys64/mingw64/bin/../lib/gcc/x86_64-w64-mingw32/11.2.0/../../../../x86_64-w64-mingw32/lib/../lib/libmsvcrt.a(libmsvcrt_defs00254.o)
 .text          0x000000014000f340        0x8 A:/00_SHIELD/00_ITI/00_Sources/03_GCC_Compiler/msys64/mingw64/bin/../lib/gcc/x86_64-w64-mingw32/11.2.0/../../../../x86_64-w64-mingw32/lib/../lib/libmsvcrt.a(libmsvcrt_defs00332.o)
                0x000000014000f340                _initterm
 .text          0x000000014000f348        0x8 A:/00_SHIELD/00_ITI/00_Sources/03_GCC_Compiler/msys64/mingw64/bin/../lib/gcc/x86_64-w64-mingw32/11.2.0/../../../../x86_64-w64-mingw32/lib/../lib/libmsvcrt.a(libmsvcrt_defs00442.o)
                0x000000014000f348                _lock
 .text          0x000000014000f350        0x8 A:/00_SHIELD/00_ITI/00_Sources/03_GCC_Compiler/msys64/mingw64/bin/../lib/gcc/x86_64-w64-mingw32/11.2.0/../../../../x86_64-w64-mingw32/lib/../lib/libmsvcrt.a(libmsvcrt_defs00614.o)
                0x000000014000f350                _onexit
 .text          0x000000014000f358        0x8 A:/00_SHIELD/00_ITI/00_Sources/03_GCC_Compiler/msys64/mingw64/bin/../lib/gcc/x86_64-w64-mingw32/11.2.0/../../../../x86_64-w64-mingw32/lib/../lib/libmsvcrt.a(libmsvcrt_defs00823.o)
                0x000000014000f358                _unlock
 .text          0x000000014000f360        0x8 A:/00_SHIELD/00_ITI/00_Sources/03_GCC_Compiler/msys64/mingw64/bin/../lib/gcc/x86_64-w64-mingw32/11.2.0/../../../../x86_64-w64-mingw32/lib/../lib/libmsvcrt.a(libmsvcrt_defs01038.o)
                0x000000014000f360                abort
 .text          0x000000014000f368        0x8 A:/00_SHIELD/00_ITI/00_Sources/03_GCC_Compiler/msys64/mingw64/bin/../lib/gcc/x86_64-w64-mingw32/11.2.0/../../../../x86_64-w64-mingw32/lib/../lib/libmsvcrt.a(libmsvcrt_defs01056.o)
                0x000000014000f368                calloc
 .text          0x000000014000f370        0x8 A:/00_SHIELD/00_ITI/00_Sources/03_GCC_Compiler/msys64/mingw64/bin/../lib/gcc/x86_64-w64-mingw32/11.2.0/../../../../x86_64-w64-mingw32/lib/../lib/libmsvcrt.a(libmsvcrt_defs01069.o)
                0x000000014000f370                exit
 .text          0x000000014000f378        0x8 A:/00_SHIELD/00_ITI/00_Sources/03_GCC_Compiler/msys64/mingw64/bin/../lib/gcc/x86_64-w64-mingw32/11.2.0/../../../../x86_64-w64-mingw32/lib/../lib/libmsvcrt.a(libmsvcrt_defs01090.o)
                0x000000014000f378                fprintf
 .text          0x000000014000f380        0x8 A:/00_SHIELD/00_ITI/00_Sources/03_GCC_Compiler/msys64/mingw64/bin/../lib/gcc/x86_64-w64-mingw32/11.2.0/../../../../x86_64-w64-mingw32/lib/../lib/libmsvcrt.a(libmsvcrt_defs01092.o)
                0x000000014000f380                fputc
 .text          0x000000014000f388        0x8 A:/00_SHIELD/00_ITI/00_Sources/03_GCC_Compiler/msys64/mingw64/bin/../lib/gcc/x86_64-w64-mingw32/11.2.0/../../../../x86_64-w64-mingw32/lib/../lib/libmsvcrt.a(libmsvcrt_defs01097.o)
                0x000000014000f388                free
 .text          0x000000014000f390        0x8 A:/00_SHIELD/00_ITI/00_Sources/03_GCC_Compiler/msys64/mingw64/bin/../lib/gcc/x86_64-w64-mingw32/11.2.0/../../../../x86_64-w64-mingw32/lib/../lib/libmsvcrt.a(libmsvcrt_defs01110.o)
                0x000000014000f390                fwrite
 .text          0x000000014000f398        0x8 A:/00_SHIELD/00_ITI/00_Sources/03_GCC_Compiler/msys64/mingw64/bin/../lib/gcc/x86_64-w64-mingw32/11.2.0/../../../../x86_64-w64-mingw32/lib/../lib/libmsvcrt.a(libmsvcrt_defs01113.o)
                0x000000014000f398                getc
 .text          0x000000014000f3a0        0x8 A:/00_SHIELD/00_ITI/00_Sources/03_GCC_Compiler/msys64/mingw64/bin/../lib/gcc/x86_64-w64-mingw32/11.2.0/../../../../x86_64-w64-mingw32/lib/../lib/libmsvcrt.a(libmsvcrt_defs01128.o)
                0x000000014000f3a0                islower
 .text          0x000000014000f3a8        0x8 A:/00_SHIELD/00_ITI/00_Sources/03_GCC_Compiler/msys64/mingw64/bin/../lib/gcc/x86_64-w64-mingw32/11.2.0/../../../../x86_64-w64-mingw32/lib/../lib/libmsvcrt.a(libmsvcrt_defs01131.o)
                0x000000014000f3a8                isspace
 .text          0x000000014000f3b0        0x8 A:/00_SHIELD/00_ITI/00_Sources/03_GCC_Compiler/msys64/mingw64/bin/../lib/gcc/x86_64-w64-mingw32/11.2.0/../../../../x86_64-w64-mingw32/lib/../lib/libmsvcrt.a(libmsvcrt_defs01132.o)
                0x000000014000f3b0                isupper
 .text          0x000000014000f3b8        0x8 A:/00_SHIELD/00_ITI/00_Sources/03_GCC_Compiler/msys64/mingw64/bin/../lib/gcc/x86_64-w64-mingw32/11.2.0/../../../../x86_64-w64-mingw32/lib/../lib/libmsvcrt.a(libmsvcrt_defs01146.o)
                0x000000014000f3b8                isxdigit
 .text          0x000000014000f3c0        0x8 A:/00_SHIELD/00_ITI/00_Sources/03_GCC_Compiler/msys64/mingw64/bin/../lib/gcc/x86_64-w64-mingw32/11.2.0/../../../../x86_64-w64-mingw32/lib/../lib/libmsvcrt.a(libmsvcrt_defs01151.o)
                0x000000014000f3c0                localeconv
 .text          0x000000014000f3c8        0x8 A:/00_SHIELD/00_ITI/00_Sources/03_GCC_Compiler/msys64/mingw64/bin/../lib/gcc/x86_64-w64-mingw32/11.2.0/../../../../x86_64-w64-mingw32/lib/../lib/libmsvcrt.a(libmsvcrt_defs01158.o)
                0x000000014000f3c8                malloc
 .text          0x000000014000f3d0        0x8 A:/00_SHIELD/00_ITI/00_Sources/03_GCC_Compiler/msys64/mingw64/bin/../lib/gcc/x86_64-w64-mingw32/11.2.0/../../../../x86_64-w64-mingw32/lib/../lib/libmsvcrt.a(libmsvcrt_defs01166.o)
                0x000000014000f3d0                memcpy
 .text          0x000000014000f3d8        0x8 A:/00_SHIELD/00_ITI/00_Sources/03_GCC_Compiler/msys64/mingw64/bin/../lib/gcc/x86_64-w64-mingw32/11.2.0/../../../../x86_64-w64-mingw32/lib/../lib/libmsvcrt.a(libmsvcrt_defs01168.o)
                0x000000014000f3d8                memset
 .text          0x000000014000f3e0        0x8 A:/00_SHIELD/00_ITI/00_Sources/03_GCC_Compiler/msys64/mingw64/bin/../lib/gcc/x86_64-w64-mingw32/11.2.0/../../../../x86_64-w64-mingw32/lib/../lib/libmsvcrt.a(libmsvcrt_defs01186.o)
                0x000000014000f3e0                realloc
 .text          0x000000014000f3e8        0x8 A:/00_SHIELD/00_ITI/00_Sources/03_GCC_Compiler/msys64/mingw64/bin/../lib/gcc/x86_64-w64-mingw32/11.2.0/../../../../x86_64-w64-mingw32/lib/../lib/libmsvcrt.a(libmsvcrt_defs01198.o)
                0x000000014000f3e8                signal
 .text          0x000000014000f3f0        0x8 A:/00_SHIELD/00_ITI/00_Sources/03_GCC_Compiler/msys64/mingw64/bin/../lib/gcc/x86_64-w64-mingw32/11.2.0/../../../../x86_64-w64-mingw32/lib/../lib/libmsvcrt.a(libmsvcrt_defs01219.o)
                0x000000014000f3f0                strerror
 .text          0x000000014000f3f8        0x8 A:/00_SHIELD/00_ITI/00_Sources/03_GCC_Compiler/msys64/mingw64/bin/../lib/gcc/x86_64-w64-mingw32/11.2.0/../../../../x86_64-w64-mingw32/lib/../lib/libmsvcrt.a(libmsvcrt_defs01221.o)
                0x000000014000f3f8                strlen
 .text          0x000000014000f400        0x8 A:/00_SHIELD/00_ITI/00_Sources/03_GCC_Compiler/msys64/mingw64/bin/../lib/gcc/x86_64-w64-mingw32/11.2.0/../../../../x86_64-w64-mingw32/lib/../lib/libmsvcrt.a(libmsvcrt_defs01224.o)
                0x000000014000f400                strncmp
 .text          0x000000014000f408        0x8 A:/00_SHIELD/00_ITI/00_Sources/03_GCC_Compiler/msys64/mingw64/bin/../lib/gcc/x86_64-w64-mingw32/11.2.0/../../../../x86_64-w64-mingw32/lib/../lib/libmsvcrt.a(libmsvcrt_defs01235.o)
                0x000000014000f408                strtol
 .text          0x000000014000f410        0x8 A:/00_SHIELD/00_ITI/00_Sources/03_GCC_Compiler/msys64/mingw64/bin/../lib/gcc/x86_64-w64-mingw32/11.2.0/../../../../x86_64-w64-mingw32/lib/../lib/libmsvcrt.a(libmsvcrt_defs01236.o)
                0x000000014000f410                strtoul
 .text          0x000000014000f418        0x8 A:/00_SHIELD/00_ITI/00_Sources/03_GCC_Compiler/msys64/mingw64/bin/../lib/gcc/x86_64-w64-mingw32/11.2.0/../../../../x86_64-w64-mingw32/lib/../lib/libmsvcrt.a(libmsvcrt_defs01252.o)
                0x000000014000f418                tolower
 .text          0x000000014000f420        0x8 A:/00_SHIELD/00_ITI/00_Sources/03_GCC_Compiler/msys64/mingw64/bin/../lib/gcc/x86_64-w64-mingw32/11.2.0/../../../../x86_64-w64-mingw32/lib/../lib/libmsvcrt.a(libmsvcrt_defs01258.o)
                0x000000014000f420                ungetc
 .text          0x000000014000f428        0x8 A:/00_SHIELD/00_ITI/00_Sources/03_GCC_Compiler/msys64/mingw64/bin/../lib/gcc/x86_64-w64-mingw32/11.2.0/../../../../x86_64-w64-mingw32/lib/../lib/libmsvcrt.a(libmsvcrt_defs01259.o)
                0x000000014000f428                vfprintf
 .text          0x000000014000f430        0x8 A:/00_SHIELD/00_ITI/00_Sources/03_GCC_Compiler/msys64/mingw64/bin/../lib/gcc/x86_64-w64-mingw32/11.2.0/../../../../x86_64-w64-mingw32/lib/../lib/libmsvcrt.a(libmsvcrt_defs01285.o)
                0x000000014000f430                wcslen
 *fill*         0x000000014000f438        0x8 
 .text          0x000000014000f440        0x0 A:/00_SHIELD/00_ITI/00_Sources/03_GCC_Compiler/msys64/mingw64/bin/../lib/gcc/x86_64-w64-mingw32/11.2.0/../../../../x86_64-w64-mingw32/lib/../lib/libmsvcrt.a(libmsvcrt_defh.o)
 .text          0x000000014000f440        0x0 A:/00_SHIELD/00_ITI/00_Sources/03_GCC_Compiler/msys64/mingw64/bin/../lib/gcc/x86_64-w64-mingw32/11.2.0/../../../../x86_64-w64-mingw32/lib/../lib/libmsvcrt.a(libmsvcrt_deft.o)
 .text          0x000000014000f440        0x8 A:/00_SHIELD/00_ITI/00_Sources/03_GCC_Compiler/msys64/mingw64/bin/../lib/gcc/x86_64-w64-mingw32/11.2.0/../../../../x86_64-w64-mingw32/lib/../lib/libkernel32.a(libkernel32s01546.o)
                0x000000014000f440                WideCharToMultiByte
 .text          0x000000014000f448        0x8 A:/00_SHIELD/00_ITI/00_Sources/03_GCC_Compiler/msys64/mingw64/bin/../lib/gcc/x86_64-w64-mingw32/11.2.0/../../../../x86_64-w64-mingw32/lib/../lib/libkernel32.a(libkernel32s01493.o)
                0x000000014000f448                VirtualQuery
 .text          0x000000014000f450        0x8 A:/00_SHIELD/00_ITI/00_Sources/03_GCC_Compiler/msys64/mingw64/bin/../lib/gcc/x86_64-w64-mingw32/11.2.0/../../../../x86_64-w64-mingw32/lib/../lib/libkernel32.a(libkernel32s01491.o)
                0x000000014000f450                VirtualProtect
 .text          0x000000014000f458        0x8 A:/00_SHIELD/00_ITI/00_Sources/03_GCC_Compiler/msys64/mingw64/bin/../lib/gcc/x86_64-w64-mingw32/11.2.0/../../../../x86_64-w64-mingw32/lib/../lib/libkernel32.a(libkernel32s01444.o)
                0x000000014000f458                TlsGetValue
 .text          0x000000014000f460        0x8 A:/00_SHIELD/00_ITI/00_Sources/03_GCC_Compiler/msys64/mingw64/bin/../lib/gcc/x86_64-w64-mingw32/11.2.0/../../../../x86_64-w64-mingw32/lib/../lib/libkernel32.a(libkernel32s01409.o)
                0x000000014000f460                Sleep
 .text          0x000000014000f468        0x8 A:/00_SHIELD/00_ITI/00_Sources/03_GCC_Compiler/msys64/mingw64/bin/../lib/gcc/x86_64-w64-mingw32/11.2.0/../../../../x86_64-w64-mingw32/lib/../lib/libkernel32.a(libkernel32s01393.o)
                0x000000014000f468                SetUnhandledExceptionFilter
 .text          0x000000014000f470        0x8 A:/00_SHIELD/00_ITI/00_Sources/03_GCC_Compiler/msys64/mingw64/bin/../lib/gcc/x86_64-w64-mingw32/11.2.0/../../../../x86_64-w64-mingw32/lib/../lib/libkernel32.a(libkernel32s01035.o)
                0x000000014000f470                MultiByteToWideChar
 .text          0x000000014000f478        0x8 A:/00_SHIELD/00_ITI/00_Sources/03_GCC_Compiler/msys64/mingw64/bin/../lib/gcc/x86_64-w64-mingw32/11.2.0/../../../../x86_64-w64-mingw32/lib/../lib/libkernel32.a(libkernel32s00983.o)
                0x000000014000f478                LeaveCriticalSection
 .text          0x000000014000f480        0x8 A:/00_SHIELD/00_ITI/00_Sources/03_GCC_Compiler/msys64/mingw64/bin/../lib/gcc/x86_64-w64-mingw32/11.2.0/../../../../x86_64-w64-mingw32/lib/../lib/libkernel32.a(libkernel32s00918.o)
                0x000000014000f480                IsDBCSLeadByteEx
 .text          0x000000014000f488        0x8 A:/00_SHIELD/00_ITI/00_Sources/03_GCC_Compiler/msys64/mingw64/bin/../lib/gcc/x86_64-w64-mingw32/11.2.0/../../../../x86_64-w64-mingw32/lib/../lib/libkernel32.a(libkernel32s00891.o)
                0x000000014000f488                InitializeCriticalSection
 .text          0x000000014000f490        0x8 A:/00_SHIELD/00_ITI/00_Sources/03_GCC_Compiler/msys64/mingw64/bin/../lib/gcc/x86_64-w64-mingw32/11.2.0/../../../../x86_64-w64-mingw32/lib/../lib/libkernel32.a(libkernel32s00742.o)
                0x000000014000f490                GetStartupInfoA
 .text          0x000000014000f498        0x8 A:/00_SHIELD/00_ITI/00_Sources/03_GCC_Compiler/msys64/mingw64/bin/../lib/gcc/x86_64-w64-mingw32/11.2.0/../../../../x86_64-w64-mingw32/lib/../lib/libkernel32.a(libkernel32s00629.o)
                0x000000014000f498                GetLastError
 .text          0x000000014000f4a0        0x8 A:/00_SHIELD/00_ITI/00_Sources/03_GCC_Compiler/msys64/mingw64/bin/../lib/gcc/x86_64-w64-mingw32/11.2.0/../../../../x86_64-w64-mingw32/lib/../lib/libkernel32.a(libkernel32s00318.o)
                0x000000014000f4a0                EnterCriticalSection
 .text          0x000000014000f4a8        0x8 A:/00_SHIELD/00_ITI/00_Sources/03_GCC_Compiler/msys64/mingw64/bin/../lib/gcc/x86_64-w64-mingw32/11.2.0/../../../../x86_64-w64-mingw32/lib/../lib/libkernel32.a(libkernel32s00282.o)
                0x000000014000f4a8                DeleteCriticalSection
 .text          0x000000014000f4b0        0x0 A:/00_SHIELD/00_ITI/00_Sources/03_GCC_Compiler/msys64/mingw64/bin/../lib/gcc/x86_64-w64-mingw32/11.2.0/../../../../x86_64-w64-mingw32/lib/../lib/libkernel32.a(libkernel32h.o)
 .text          0x000000014000f4b0        0x0 A:/00_SHIELD/00_ITI/00_Sources/03_GCC_Compiler/msys64/mingw64/bin/../lib/gcc/x86_64-w64-mingw32/11.2.0/../../../../x86_64-w64-mingw32/lib/../lib/libkernel32.a(libkernel32t.o)
 .text          0x000000014000f4b0        0x0 A:/00_SHIELD/00_ITI/00_Sources/03_GCC_Compiler/msys64/mingw64/bin/../lib/gcc/x86_64-w64-mingw32/11.2.0/crtend.o
 *(SORT_BY_NAME(.text$*))
 *(.text.*)
 .text.startup  0x000000014000f4b0       0x10 A:/00_SHIELD/00_ITI/00_Sources/03_GCC_Compiler/msys64/mingw64/bin/../lib/gcc/x86_64-w64-mingw32/11.2.0/crtend.o
 *(.gnu.linkonce.t.*)
 *(.glue_7t)
 *(.glue_7)
                0x000000014000f4c0                . = ALIGN (0x8)
                0x000000014000f4c0                ___CTOR_LIST__ = .
                0x000000014000f4c0                __CTOR_LIST__ = .
                0x000000014000f4c0        0x4 LONG 0xffffffffffffffff
                0x000000014000f4c4        0x4 LONG 0xffffffffffffffff
 *(.ctors)
 *(.ctor)
 *(SORT_BY_NAME(.ctors.*))
 .ctors.65535   0x000000014000f4c8        0x8 A:/00_SHIELD/00_ITI/00_Sources/03_GCC_Compiler/msys64/mingw64/bin/../lib/gcc/x86_64-w64-mingw32/11.2.0/crtend.o
                0x000000014000f4d0        0x4 LONG 0x0
                0x000000014000f4d4        0x4 LONG 0x0
                0x000000014000f4d8                ___DTOR_LIST__ = .
                0x000000014000f4d8                __DTOR_LIST__ = .
                0x000000014000f4d8        0x4 LONG 0xffffffffffffffff
                0x000000014000f4dc        0x4 LONG 0xffffffffffffffff
 *(.dtors)
 *(.dtor)
 *(SORT_BY_NAME(.dtors.*))
                0x000000014000f4e0        0x4 LONG 0x0
                0x000000014000f4e4        0x4 LONG 0x0
 *(SORT_NONE(.fini))
 *(.gcc_exc)
                [!provide]                        PROVIDE (etext = .)
 *(.gcc_except_table)

.data           0x0000000140010000      0x200
                0x0000000140010000                __data_start__ = .
 *(.data)
 .data          0x0000000140010000       0x10 A:/00_SHIELD/00_ITI/00_Sources/03_GCC_Compiler/msys64/mingw64/bin/../lib/gcc/x86_64-w64-mingw32/11.2.0/../../../../x86_64-w64-mingw32/lib/../lib/crt2.o
                0x0000000140010000                __mingw_winmain_nShowCmd
 .data          0x0000000140010010        0x0 A:/00_SHIELD/00_ITI/00_Sources/03_GCC_Compiler/msys64/mingw64/bin/../lib/gcc/x86_64-w64-mingw32/11.2.0/crtbegin.o
 .data          0x0000000140010010        0x0 C:\Users\mmich\AppData\Local\Temp\ccEqAGKk.o
 .data          0x0000000140010010       0x10 A:/00_SHIELD/00_ITI/00_Sources/03_GCC_Compiler/msys64/mingw64/bin/../lib/gcc/x86_64-w64-mingw32/11.2.0/../../../../x86_64-w64-mingw32/lib/../lib/libmingw32.a(lib64_libmingw32_a-gccmain.o)
 .data          0x0000000140010020       0x10 A:/00_SHIELD/00_ITI/00_Sources/03_GCC_Compiler/msys64/mingw64/bin/../lib/gcc/x86_64-w64-mingw32/11.2.0/../../../../x86_64-w64-mingw32/lib/../lib/libmingw32.a(lib64_libmingw32_a-natstart.o)
                0x0000000140010020                __native_vcclrit_reason
                0x0000000140010024                __native_dllmain_reason
 .data          0x0000000140010030       0x10 A:/00_SHIELD/00_ITI/00_Sources/03_GCC_Compiler/msys64/mingw64/bin/../lib/gcc/x86_64-w64-mingw32/11.2.0/../../../../x86_64-w64-mingw32/lib/../lib/libmingw32.a(lib64_libmingw32_a-wildcard.o)
                0x0000000140010030                _dowildcard
 .data          0x0000000140010040        0x0 A:/00_SHIELD/00_ITI/00_Sources/03_GCC_Compiler/msys64/mingw64/bin/../lib/gcc/x86_64-w64-mingw32/11.2.0/../../../../x86_64-w64-mingw32/lib/../lib/libmingw32.a(lib64_libmingw32_a-dllargv.o)
 .data          0x0000000140010040        0x0 A:/00_SHIELD/00_ITI/00_Sources/03_GCC_Compiler/msys64/mingw64/bin/../lib/gcc/x86_64-w64-mingw32/11.2.0/../../../../x86_64-w64-mingw32/lib/../lib/libmingw32.a(lib64_libmingw32_a-_newmode.o)
 .data          0x0000000140010040        0x0 A:/00_SHIELD/00_ITI/00_Sources/03_GCC_Compiler/msys64/mingw64/bin/../lib/gcc/x86_64-w64-mingw32/11.2.0/../../../../x86_64-w64-mingw32/lib/../lib/libmingw32.a(lib64_libmingw32_a-tlssup.o)
 .data          0x0000000140010040        0x0 A:/00_SHIELD/00_ITI/00_Sources/03_GCC_Compiler/msys64/mingw64/bin/../lib/gcc/x86_64-w64-mingw32/11.2.0/../../../../x86_64-w64-mingw32/lib/../lib/libmingw32.a(lib64_libmingw32_a-xncommod.o)
 .data          0x0000000140010040        0x0 A:/00_SHIELD/00_ITI/00_Sources/03_GCC_Compiler/msys64/mingw64/bin/../lib/gcc/x86_64-w64-mingw32/11.2.0/../../../../x86_64-w64-mingw32/lib/../lib/libmingw32.a(lib64_libmingw32_a-cinitexe.o)
 .data          0x0000000140010040        0x0 A:/00_SHIELD/00_ITI/00_Sources/03_GCC_Compiler/msys64/mingw64/bin/../lib/gcc/x86_64-w64-mingw32/11.2.0/../../../../x86_64-w64-mingw32/lib/../lib/libmingw32.a(lib64_libmingw32_a-merr.o)
 .data          0x0000000140010040        0x0 A:/00_SHIELD/00_ITI/00_Sources/03_GCC_Compiler/msys64/mingw64/bin/../lib/gcc/x86_64-w64-mingw32/11.2.0/../../../../x86_64-w64-mingw32/lib/../lib/libmingw32.a(lib64_libmingw32_a-CRT_fp10.o)
 .data          0x0000000140010040        0x0 A:/00_SHIELD/00_ITI/00_Sources/03_GCC_Compiler/msys64/mingw64/bin/../lib/gcc/x86_64-w64-mingw32/11.2.0/../../../../x86_64-w64-mingw32/lib/../lib/libmingw32.a(lib64_libmingw32_a-mingw_helpers.o)
 .data          0x0000000140010040        0x0 A:/00_SHIELD/00_ITI/00_Sources/03_GCC_Compiler/msys64/mingw64/bin/../lib/gcc/x86_64-w64-mingw32/11.2.0/../../../../x86_64-w64-mingw32/lib/../lib/libmingw32.a(lib64_libmingw32_a-pseudo-reloc.o)
 .data          0x0000000140010040        0x0 A:/00_SHIELD/00_ITI/00_Sources/03_GCC_Compiler/msys64/mingw64/bin/../lib/gcc/x86_64-w64-mingw32/11.2.0/../../../../x86_64-w64-mingw32/lib/../lib/libmingw32.a(lib64_libmingw32_a-usermatherr.o)
 .data          0x0000000140010040        0x0 A:/00_SHIELD/00_ITI/00_Sources/03_GCC_Compiler/msys64/mingw64/bin/../lib/gcc/x86_64-w64-mingw32/11.2.0/../../../../x86_64-w64-mingw32/lib/../lib/libmingw32.a(lib64_libmingw32_a-xtxtmode.o)
 .data          0x0000000140010040        0x0 A:/00_SHIELD/00_ITI/00_Sources/03_GCC_Compiler/msys64/mingw64/bin/../lib/gcc/x86_64-w64-mingw32/11.2.0/../../../../x86_64-w64-mingw32/lib/../lib/libmingw32.a(lib64_libmingw32_a-crt_handler.o)
 .data          0x0000000140010040        0x0 A:/00_SHIELD/00_ITI/00_Sources/03_GCC_Compiler/msys64/mingw64/bin/../lib/gcc/x86_64-w64-mingw32/11.2.0/../../../../x86_64-w64-mingw32/lib/../lib/libmingw32.a(lib64_libmingw32_a-tlsthrd.o)
 .data          0x0000000140010040       0x10 A:/00_SHIELD/00_ITI/00_Sources/03_GCC_Compiler/msys64/mingw64/bin/../lib/gcc/x86_64-w64-mingw32/11.2.0/../../../../x86_64-w64-mingw32/lib/../lib/libmingw32.a(lib64_libmingw32_a-tlsmcrt.o)
                0x0000000140010040                _CRT_MT
 .data          0x0000000140010050        0x0 A:/00_SHIELD/00_ITI/00_Sources/03_GCC_Compiler/msys64/mingw64/bin/../lib/gcc/x86_64-w64-mingw32/11.2.0/../../../../x86_64-w64-mingw32/lib/../lib/libmingw32.a(lib64_libmingw32_a-pseudo-reloc-list.o)
 .data          0x0000000140010050        0x0 A:/00_SHIELD/00_ITI/00_Sources/03_GCC_Compiler/msys64/mingw64/bin/../lib/gcc/x86_64-w64-mingw32/11.2.0/../../../../x86_64-w64-mingw32/lib/../lib/libmingw32.a(lib64_libmingw32_a-pesect.o)
 .data          0x0000000140010050        0x0 A:/00_SHIELD/00_ITI/00_Sources/03_GCC_Compiler/msys64/mingw64/bin/../lib/gcc/x86_64-w64-mingw32/11.2.0/libgcc.a(_chkstk_ms.o)
 .data          0x0000000140010050        0x0 A:/00_SHIELD/00_ITI/00_Sources/03_GCC_Compiler/msys64/mingw64/bin/../lib/gcc/x86_64-w64-mingw32/11.2.0/libgcc.a(_ctors.o)
 .data          0x0000000140010050       0x10 A:/00_SHIELD/00_ITI/00_Sources/03_GCC_Compiler/msys64/mingw64/bin/../lib/gcc/x86_64-w64-mingw32/11.2.0/../../../../x86_64-w64-mingw32/lib/../lib/libmingwex.a(lib64_libmingwex_a-mingw_matherr.o)
                0x0000000140010050                _MINGW_INSTALL_DEBUG_MATHERR
 .data          0x0000000140010060        0x0 A:/00_SHIELD/00_ITI/00_Sources/03_GCC_Compiler/msys64/mingw64/bin/../lib/gcc/x86_64-w64-mingw32/11.2.0/../../../../x86_64-w64-mingw32/lib/../lib/libmingwex.a(lib64_libmingwex_a-mingw_vfprintf.o)
 .data          0x0000000140010060        0x0 A:/00_SHIELD/00_ITI/00_Sources/03_GCC_Compiler/msys64/mingw64/bin/../lib/gcc/x86_64-w64-mingw32/11.2.0/../../../../x86_64-w64-mingw32/lib/../lib/libmingwex.a(lib64_libmingwex_a-mingw_vfscanf.o)
 .data          0x0000000140010060       0x20 A:/00_SHIELD/00_ITI/00_Sources/03_GCC_Compiler/msys64/mingw64/bin/../lib/gcc/x86_64-w64-mingw32/11.2.0/../../../../x86_64-w64-mingw32/lib/../lib/libmingwex.a(lib64_libmingwex_a-strtof.o)
 .data          0x0000000140010080       0x20 A:/00_SHIELD/00_ITI/00_Sources/03_GCC_Compiler/msys64/mingw64/bin/../lib/gcc/x86_64-w64-mingw32/11.2.0/../../../../x86_64-w64-mingw32/lib/../lib/libmingwex.a(lib64_libmingwex_a-strtopx.o)
 .data          0x00000001400100a0        0x0 A:/00_SHIELD/00_ITI/00_Sources/03_GCC_Compiler/msys64/mingw64/bin/../lib/gcc/x86_64-w64-mingw32/11.2.0/../../../../x86_64-w64-mingw32/lib/../lib/libmingwex.a(lib64_libmingwex_a-strtoimax.o)
 .data          0x00000001400100a0        0x0 A:/00_SHIELD/00_ITI/00_Sources/03_GCC_Compiler/msys64/mingw64/bin/../lib/gcc/x86_64-w64-mingw32/11.2.0/../../../../x86_64-w64-mingw32/lib/../lib/libmingwex.a(lib64_libmingwex_a-strtoumax.o)
 .data          0x00000001400100a0       0x20 A:/00_SHIELD/00_ITI/00_Sources/03_GCC_Compiler/msys64/mingw64/bin/../lib/gcc/x86_64-w64-mingw32/11.2.0/../../../../x86_64-w64-mingw32/lib/../lib/libmingwex.a(lib64_libmingwex_a-mingw_pformat.o)
 .data          0x00000001400100c0        0x0 A:/00_SHIELD/00_ITI/00_Sources/03_GCC_Compiler/msys64/mingw64/bin/../lib/gcc/x86_64-w64-mingw32/11.2.0/../../../../x86_64-w64-mingw32/lib/../lib/libmingwex.a(lib64_libmingwex_a-dmisc.o)
 .data          0x00000001400100c0        0x0 A:/00_SHIELD/00_ITI/00_Sources/03_GCC_Compiler/msys64/mingw64/bin/../lib/gcc/x86_64-w64-mingw32/11.2.0/../../../../x86_64-w64-mingw32/lib/../lib/libmingwex.a(lib64_libmingwex_a-gdtoa.o)
 .data          0x00000001400100c0        0x0 A:/00_SHIELD/00_ITI/00_Sources/03_GCC_Compiler/msys64/mingw64/bin/../lib/gcc/x86_64-w64-mingw32/11.2.0/../../../../x86_64-w64-mingw32/lib/../lib/libmingwex.a(lib64_libmingwex_a-gmisc.o)
 .data          0x00000001400100c0       0x10 A:/00_SHIELD/00_ITI/00_Sources/03_GCC_Compiler/msys64/mingw64/bin/../lib/gcc/x86_64-w64-mingw32/11.2.0/../../../../x86_64-w64-mingw32/lib/../lib/libmingwex.a(lib64_libmingwex_a-misc.o)
 .data          0x00000001400100d0        0x0 A:/00_SHIELD/00_ITI/00_Sources/03_GCC_Compiler/msys64/mingw64/bin/../lib/gcc/x86_64-w64-mingw32/11.2.0/../../../../x86_64-w64-mingw32/lib/../lib/libmingwex.a(lib64_libmingwex_a-strtodg.o)
 .data          0x00000001400100d0        0x0 A:/00_SHIELD/00_ITI/00_Sources/03_GCC_Compiler/msys64/mingw64/bin/../lib/gcc/x86_64-w64-mingw32/11.2.0/../../../../x86_64-w64-mingw32/lib/../lib/libmingwex.a(lib64_libmingwex_a-sum.o)
 .data          0x00000001400100d0        0x0 A:/00_SHIELD/00_ITI/00_Sources/03_GCC_Compiler/msys64/mingw64/bin/../lib/gcc/x86_64-w64-mingw32/11.2.0/../../../../x86_64-w64-mingw32/lib/../lib/libmingwex.a(lib64_libmingwex_a-strnlen.o)
 .data          0x00000001400100d0        0x0 A:/00_SHIELD/00_ITI/00_Sources/03_GCC_Compiler/msys64/mingw64/bin/../lib/gcc/x86_64-w64-mingw32/11.2.0/../../../../x86_64-w64-mingw32/lib/../lib/libmingwex.a(lib64_libmingwex_a-wcsnlen.o)
 .data          0x00000001400100d0        0x0 A:/00_SHIELD/00_ITI/00_Sources/03_GCC_Compiler/msys64/mingw64/bin/../lib/gcc/x86_64-w64-mingw32/11.2.0/../../../../x86_64-w64-mingw32/lib/../lib/libmingwex.a(lib64_libmingwex_a-gethex.o)
 .data          0x00000001400100d0        0x0 A:/00_SHIELD/00_ITI/00_Sources/03_GCC_Compiler/msys64/mingw64/bin/../lib/gcc/x86_64-w64-mingw32/11.2.0/../../../../x86_64-w64-mingw32/lib/../lib/libmingwex.a(lib64_libmingwex_a-hd_init.o)
 .data          0x00000001400100d0        0x0 A:/00_SHIELD/00_ITI/00_Sources/03_GCC_Compiler/msys64/mingw64/bin/../lib/gcc/x86_64-w64-mingw32/11.2.0/../../../../x86_64-w64-mingw32/lib/../lib/libmingwex.a(lib64_libmingwex_a-hexnan.o)
 .data          0x00000001400100d0        0x0 A:/00_SHIELD/00_ITI/00_Sources/03_GCC_Compiler/msys64/mingw64/bin/../lib/gcc/x86_64-w64-mingw32/11.2.0/../../../../x86_64-w64-mingw32/lib/../lib/libmingwex.a(lib64_libmingwex_a-smisc.o)
 .data          0x00000001400100d0       0x10 A:/00_SHIELD/00_ITI/00_Sources/03_GCC_Compiler/msys64/mingw64/bin/../lib/gcc/x86_64-w64-mingw32/11.2.0/../../../../x86_64-w64-mingw32/lib/../lib/libmsvcrt.a(lib64_libmsvcrt_extra_a-__p__fmode.o)
                0x00000001400100d0                __imp___p__fmode
 .data          0x00000001400100e0       0x10 A:/00_SHIELD/00_ITI/00_Sources/03_GCC_Compiler/msys64/mingw64/bin/../lib/gcc/x86_64-w64-mingw32/11.2.0/../../../../x86_64-w64-mingw32/lib/../lib/libmsvcrt.a(lib64_libmsvcrt_extra_a-__p__commode.o)
                0x00000001400100e0                __imp___p__commode
 .data          0x00000001400100f0       0x10 A:/00_SHIELD/00_ITI/00_Sources/03_GCC_Compiler/msys64/mingw64/bin/../lib/gcc/x86_64-w64-mingw32/11.2.0/../../../../x86_64-w64-mingw32/lib/../lib/libmsvcrt.a(lib64_libmsvcrt_extra_a-__p__acmdln.o)
                0x00000001400100f0                __imp___p__acmdln
 .data          0x0000000140010100       0x10 A:/00_SHIELD/00_ITI/00_Sources/03_GCC_Compiler/msys64/mingw64/bin/../lib/gcc/x86_64-w64-mingw32/11.2.0/../../../../x86_64-w64-mingw32/lib/../lib/libmsvcrt.a(lib64_libmsvcrt_extra_a-mingw_lock.o)
                0x0000000140010100                __imp__unlock_file
                0x0000000140010108                __imp__lock_file
 .data          0x0000000140010110       0x10 A:/00_SHIELD/00_ITI/00_Sources/03_GCC_Compiler/msys64/mingw64/bin/../lib/gcc/x86_64-w64-mingw32/11.2.0/../../../../x86_64-w64-mingw32/lib/../lib/libmsvcrt.a(lib64_libmsvcrt_extra_a-invalid_parameter_handler.o)
                0x0000000140010110                __imp__get_invalid_parameter_handler
                0x0000000140010118                __imp__set_invalid_parameter_handler
 .data          0x0000000140010120       0x10 A:/00_SHIELD/00_ITI/00_Sources/03_GCC_Compiler/msys64/mingw64/bin/../lib/gcc/x86_64-w64-mingw32/11.2.0/../../../../x86_64-w64-mingw32/lib/../lib/libmsvcrt.a(lib64_libmsvcrt_common_a-acrt_iob_func.o)
                0x0000000140010120                __imp___acrt_iob_func
 .data          0x0000000140010130        0x0 A:/00_SHIELD/00_ITI/00_Sources/03_GCC_Compiler/msys64/mingw64/bin/../lib/gcc/x86_64-w64-mingw32/11.2.0/../../../../x86_64-w64-mingw32/lib/../lib/libmsvcrt.a(lib64_libmsvcrt_common_a-wcrtomb.o)
 .data          0x0000000140010130        0x0 A:/00_SHIELD/00_ITI/00_Sources/03_GCC_Compiler/msys64/mingw64/bin/../lib/gcc/x86_64-w64-mingw32/11.2.0/../../../../x86_64-w64-mingw32/lib/../lib/libmsvcrt.a(lib64_libmsvcrt_common_a-mbrtowc.o)
 .data          0x0000000140010130        0x0 A:/00_SHIELD/00_ITI/00_Sources/03_GCC_Compiler/msys64/mingw64/bin/../lib/gcc/x86_64-w64-mingw32/11.2.0/../../../../x86_64-w64-mingw32/lib/../lib/libmsvcrt.a(libmsvcrt_defs00055.o)
 .data          0x0000000140010130        0x0 A:/00_SHIELD/00_ITI/00_Sources/03_GCC_Compiler/msys64/mingw64/bin/../lib/gcc/x86_64-w64-mingw32/11.2.0/../../../../x86_64-w64-mingw32/lib/../lib/libmsvcrt.a(libmsvcrt_defs00063.o)
 .data          0x0000000140010130        0x0 A:/00_SHIELD/00_ITI/00_Sources/03_GCC_Compiler/msys64/mingw64/bin/../lib/gcc/x86_64-w64-mingw32/11.2.0/../../../../x86_64-w64-mingw32/lib/../lib/libmsvcrt.a(libmsvcrt_defs00066.o)
 .data          0x0000000140010130        0x0 A:/00_SHIELD/00_ITI/00_Sources/03_GCC_Compiler/msys64/mingw64/bin/../lib/gcc/x86_64-w64-mingw32/11.2.0/../../../../x86_64-w64-mingw32/lib/../lib/libmsvcrt.a(libmsvcrt_defs00081.o)
 .data          0x0000000140010130        0x0 A:/00_SHIELD/00_ITI/00_Sources/03_GCC_Compiler/msys64/mingw64/bin/../lib/gcc/x86_64-w64-mingw32/11.2.0/../../../../x86_64-w64-mingw32/lib/../lib/libmsvcrt.a(libmsvcrt_defs00082.o)
 .data          0x0000000140010130        0x0 A:/00_SHIELD/00_ITI/00_Sources/03_GCC_Compiler/msys64/mingw64/bin/../lib/gcc/x86_64-w64-mingw32/11.2.0/../../../../x86_64-w64-mingw32/lib/../lib/libmsvcrt.a(libmsvcrt_defs00083.o)
 .data          0x0000000140010130        0x0 A:/00_SHIELD/00_ITI/00_Sources/03_GCC_Compiler/msys64/mingw64/bin/../lib/gcc/x86_64-w64-mingw32/11.2.0/../../../../x86_64-w64-mingw32/lib/../lib/libmsvcrt.a(libmsvcrt_defs00097.o)
 .data          0x0000000140010130        0x0 A:/00_SHIELD/00_ITI/00_Sources/03_GCC_Compiler/msys64/mingw64/bin/../lib/gcc/x86_64-w64-mingw32/11.2.0/../../../../x86_64-w64-mingw32/lib/../lib/libmsvcrt.a(libmsvcrt_defs00099.o)
 .data          0x0000000140010130        0x0 A:/00_SHIELD/00_ITI/00_Sources/03_GCC_Compiler/msys64/mingw64/bin/../lib/gcc/x86_64-w64-mingw32/11.2.0/../../../../x86_64-w64-mingw32/lib/../lib/libmsvcrt.a(libmsvcrt_defs00116.o)
 .data          0x0000000140010130        0x0 A:/00_SHIELD/00_ITI/00_Sources/03_GCC_Compiler/msys64/mingw64/bin/../lib/gcc/x86_64-w64-mingw32/11.2.0/../../../../x86_64-w64-mingw32/lib/../lib/libmsvcrt.a(libmsvcrt_defs00123.o)
 .data          0x0000000140010130        0x0 A:/00_SHIELD/00_ITI/00_Sources/03_GCC_Compiler/msys64/mingw64/bin/../lib/gcc/x86_64-w64-mingw32/11.2.0/../../../../x86_64-w64-mingw32/lib/../lib/libmsvcrt.a(libmsvcrt_defs00141.o)
 .data          0x0000000140010130        0x0 A:/00_SHIELD/00_ITI/00_Sources/03_GCC_Compiler/msys64/mingw64/bin/../lib/gcc/x86_64-w64-mingw32/11.2.0/../../../../x86_64-w64-mingw32/lib/../lib/libmsvcrt.a(libmsvcrt_defs00157.o)
 .data          0x0000000140010130        0x0 A:/00_SHIELD/00_ITI/00_Sources/03_GCC_Compiler/msys64/mingw64/bin/../lib/gcc/x86_64-w64-mingw32/11.2.0/../../../../x86_64-w64-mingw32/lib/../lib/libmsvcrt.a(libmsvcrt_defs00204.o)
 .data          0x0000000140010130        0x0 A:/00_SHIELD/00_ITI/00_Sources/03_GCC_Compiler/msys64/mingw64/bin/../lib/gcc/x86_64-w64-mingw32/11.2.0/../../../../x86_64-w64-mingw32/lib/../lib/libmsvcrt.a(libmsvcrt_defs00254.o)
 .data          0x0000000140010130        0x0 A:/00_SHIELD/00_ITI/00_Sources/03_GCC_Compiler/msys64/mingw64/bin/../lib/gcc/x86_64-w64-mingw32/11.2.0/../../../../x86_64-w64-mingw32/lib/../lib/libmsvcrt.a(libmsvcrt_defs00332.o)
 .data          0x0000000140010130        0x0 A:/00_SHIELD/00_ITI/00_Sources/03_GCC_Compiler/msys64/mingw64/bin/../lib/gcc/x86_64-w64-mingw32/11.2.0/../../../../x86_64-w64-mingw32/lib/../lib/libmsvcrt.a(libmsvcrt_defs00442.o)
 .data          0x0000000140010130        0x0 A:/00_SHIELD/00_ITI/00_Sources/03_GCC_Compiler/msys64/mingw64/bin/../lib/gcc/x86_64-w64-mingw32/11.2.0/../../../../x86_64-w64-mingw32/lib/../lib/libmsvcrt.a(libmsvcrt_defs00614.o)
 .data          0x0000000140010130        0x0 A:/00_SHIELD/00_ITI/00_Sources/03_GCC_Compiler/msys64/mingw64/bin/../lib/gcc/x86_64-w64-mingw32/11.2.0/../../../../x86_64-w64-mingw32/lib/../lib/libmsvcrt.a(libmsvcrt_defs00823.o)
 .data          0x0000000140010130        0x0 A:/00_SHIELD/00_ITI/00_Sources/03_GCC_Compiler/msys64/mingw64/bin/../lib/gcc/x86_64-w64-mingw32/11.2.0/../../../../x86_64-w64-mingw32/lib/../lib/libmsvcrt.a(libmsvcrt_defs01038.o)
 .data          0x0000000140010130        0x0 A:/00_SHIELD/00_ITI/00_Sources/03_GCC_Compiler/msys64/mingw64/bin/../lib/gcc/x86_64-w64-mingw32/11.2.0/../../../../x86_64-w64-mingw32/lib/../lib/libmsvcrt.a(libmsvcrt_defs01056.o)
 .data          0x0000000140010130        0x0 A:/00_SHIELD/00_ITI/00_Sources/03_GCC_Compiler/msys64/mingw64/bin/../lib/gcc/x86_64-w64-mingw32/11.2.0/../../../../x86_64-w64-mingw32/lib/../lib/libmsvcrt.a(libmsvcrt_defs01069.o)
 .data          0x0000000140010130        0x0 A:/00_SHIELD/00_ITI/00_Sources/03_GCC_Compiler/msys64/mingw64/bin/../lib/gcc/x86_64-w64-mingw32/11.2.0/../../../../x86_64-w64-mingw32/lib/../lib/libmsvcrt.a(libmsvcrt_defs01090.o)
 .data          0x0000000140010130        0x0 A:/00_SHIELD/00_ITI/00_Sources/03_GCC_Compiler/msys64/mingw64/bin/../lib/gcc/x86_64-w64-mingw32/11.2.0/../../../../x86_64-w64-mingw32/lib/../lib/libmsvcrt.a(libmsvcrt_defs01092.o)
 .data          0x0000000140010130        0x0 A:/00_SHIELD/00_ITI/00_Sources/03_GCC_Compiler/msys64/mingw64/bin/../lib/gcc/x86_64-w64-mingw32/11.2.0/../../../../x86_64-w64-mingw32/lib/../lib/libmsvcrt.a(libmsvcrt_defs01097.o)
 .data          0x0000000140010130        0x0 A:/00_SHIELD/00_ITI/00_Sources/03_GCC_Compiler/msys64/mingw64/bin/../lib/gcc/x86_64-w64-mingw32/11.2.0/../../../../x86_64-w64-mingw32/lib/../lib/libmsvcrt.a(libmsvcrt_defs01110.o)
 .data          0x0000000140010130        0x0 A:/00_SHIELD/00_ITI/00_Sources/03_GCC_Compiler/msys64/mingw64/bin/../lib/gcc/x86_64-w64-mingw32/11.2.0/../../../../x86_64-w64-mingw32/lib/../lib/libmsvcrt.a(libmsvcrt_defs01113.o)
 .data          0x0000000140010130        0x0 A:/00_SHIELD/00_ITI/00_Sources/03_GCC_Compiler/msys64/mingw64/bin/../lib/gcc/x86_64-w64-mingw32/11.2.0/../../../../x86_64-w64-mingw32/lib/../lib/libmsvcrt.a(libmsvcrt_defs01128.o)
 .data          0x0000000140010130        0x0 A:/00_SHIELD/00_ITI/00_Sources/03_GCC_Compiler/msys64/mingw64/bin/../lib/gcc/x86_64-w64-mingw32/11.2.0/../../../../x86_64-w64-mingw32/lib/../lib/libmsvcrt.a(libmsvcrt_defs01131.o)
 .data          0x0000000140010130        0x0 A:/00_SHIELD/00_ITI/00_Sources/03_GCC_Compiler/msys64/mingw64/bin/../lib/gcc/x86_64-w64-mingw32/11.2.0/../../../../x86_64-w64-mingw32/lib/../lib/libmsvcrt.a(libmsvcrt_defs01132.o)
 .data          0x0000000140010130        0x0 A:/00_SHIELD/00_ITI/00_Sources/03_GCC_Compiler/msys64/mingw64/bin/../lib/gcc/x86_64-w64-mingw32/11.2.0/../../../../x86_64-w64-mingw32/lib/../lib/libmsvcrt.a(libmsvcrt_defs01146.o)
 .data          0x0000000140010130        0x0 A:/00_SHIELD/00_ITI/00_Sources/03_GCC_Compiler/msys64/mingw64/bin/../lib/gcc/x86_64-w64-mingw32/11.2.0/../../../../x86_64-w64-mingw32/lib/../lib/libmsvcrt.a(libmsvcrt_defs01151.o)
 .data          0x0000000140010130        0x0 A:/00_SHIELD/00_ITI/00_Sources/03_GCC_Compiler/msys64/mingw64/bin/../lib/gcc/x86_64-w64-mingw32/11.2.0/../../../../x86_64-w64-mingw32/lib/../lib/libmsvcrt.a(libmsvcrt_defs01158.o)
 .data          0x0000000140010130        0x0 A:/00_SHIELD/00_ITI/00_Sources/03_GCC_Compiler/msys64/mingw64/bin/../lib/gcc/x86_64-w64-mingw32/11.2.0/../../../../x86_64-w64-mingw32/lib/../lib/libmsvcrt.a(libmsvcrt_defs01166.o)
 .data          0x0000000140010130        0x0 A:/00_SHIELD/00_ITI/00_Sources/03_GCC_Compiler/msys64/mingw64/bin/../lib/gcc/x86_64-w64-mingw32/11.2.0/../../../../x86_64-w64-mingw32/lib/../lib/libmsvcrt.a(libmsvcrt_defs01168.o)
 .data          0x0000000140010130        0x0 A:/00_SHIELD/00_ITI/00_Sources/03_GCC_Compiler/msys64/mingw64/bin/../lib/gcc/x86_64-w64-mingw32/11.2.0/../../../../x86_64-w64-mingw32/lib/../lib/libmsvcrt.a(libmsvcrt_defs01186.o)
 .data          0x0000000140010130        0x0 A:/00_SHIELD/00_ITI/00_Sources/03_GCC_Compiler/msys64/mingw64/bin/../lib/gcc/x86_64-w64-mingw32/11.2.0/../../../../x86_64-w64-mingw32/lib/../lib/libmsvcrt.a(libmsvcrt_defs01198.o)
 .data          0x0000000140010130        0x0 A:/00_SHIELD/00_ITI/00_Sources/03_GCC_Compiler/msys64/mingw64/bin/../lib/gcc/x86_64-w64-mingw32/11.2.0/../../../../x86_64-w64-mingw32/lib/../lib/libmsvcrt.a(libmsvcrt_defs01219.o)
 .data          0x0000000140010130        0x0 A:/00_SHIELD/00_ITI/00_Sources/03_GCC_Compiler/msys64/mingw64/bin/../lib/gcc/x86_64-w64-mingw32/11.2.0/../../../../x86_64-w64-mingw32/lib/../lib/libmsvcrt.a(libmsvcrt_defs01221.o)
 .data          0x0000000140010130        0x0 A:/00_SHIELD/00_ITI/00_Sources/03_GCC_Compiler/msys64/mingw64/bin/../lib/gcc/x86_64-w64-mingw32/11.2.0/../../../../x86_64-w64-mingw32/lib/../lib/libmsvcrt.a(libmsvcrt_defs01224.o)
 .data          0x0000000140010130        0x0 A:/00_SHIELD/00_ITI/00_Sources/03_GCC_Compiler/msys64/mingw64/bin/../lib/gcc/x86_64-w64-mingw32/11.2.0/../../../../x86_64-w64-mingw32/lib/../lib/libmsvcrt.a(libmsvcrt_defs01235.o)
 .data          0x0000000140010130        0x0 A:/00_SHIELD/00_ITI/00_Sources/03_GCC_Compiler/msys64/mingw64/bin/../lib/gcc/x86_64-w64-mingw32/11.2.0/../../../../x86_64-w64-mingw32/lib/../lib/libmsvcrt.a(libmsvcrt_defs01236.o)
 .data          0x0000000140010130        0x0 A:/00_SHIELD/00_ITI/00_Sources/03_GCC_Compiler/msys64/mingw64/bin/../lib/gcc/x86_64-w64-mingw32/11.2.0/../../../../x86_64-w64-mingw32/lib/../lib/libmsvcrt.a(libmsvcrt_defs01252.o)
 .data          0x0000000140010130        0x0 A:/00_SHIELD/00_ITI/00_Sources/03_GCC_Compiler/msys64/mingw64/bin/../lib/gcc/x86_64-w64-mingw32/11.2.0/../../../../x86_64-w64-mingw32/lib/../lib/libmsvcrt.a(libmsvcrt_defs01258.o)
 .data          0x0000000140010130        0x0 A:/00_SHIELD/00_ITI/00_Sources/03_GCC_Compiler/msys64/mingw64/bin/../lib/gcc/x86_64-w64-mingw32/11.2.0/../../../../x86_64-w64-mingw32/lib/../lib/libmsvcrt.a(libmsvcrt_defs01259.o)
 .data          0x0000000140010130        0x0 A:/00_SHIELD/00_ITI/00_Sources/03_GCC_Compiler/msys64/mingw64/bin/../lib/gcc/x86_64-w64-mingw32/11.2.0/../../../../x86_64-w64-mingw32/lib/../lib/libmsvcrt.a(libmsvcrt_defs01285.o)
 .data          0x0000000140010130        0x0 A:/00_SHIELD/00_ITI/00_Sources/03_GCC_Compiler/msys64/mingw64/bin/../lib/gcc/x86_64-w64-mingw32/11.2.0/../../../../x86_64-w64-mingw32/lib/../lib/libmsvcrt.a(libmsvcrt_defh.o)
 .data          0x0000000140010130        0x0 A:/00_SHIELD/00_ITI/00_Sources/03_GCC_Compiler/msys64/mingw64/bin/../lib/gcc/x86_64-w64-mingw32/11.2.0/../../../../x86_64-w64-mingw32/lib/../lib/libmsvcrt.a(libmsvcrt_deft.o)
 .data          0x0000000140010130        0x0 A:/00_SHIELD/00_ITI/00_Sources/03_GCC_Compiler/msys64/mingw64/bin/../lib/gcc/x86_64-w64-mingw32/11.2.0/../../../../x86_64-w64-mingw32/lib/../lib/libkernel32.a(libkernel32s01546.o)
 .data          0x0000000140010130        0x0 A:/00_SHIELD/00_ITI/00_Sources/03_GCC_Compiler/msys64/mingw64/bin/../lib/gcc/x86_64-w64-mingw32/11.2.0/../../../../x86_64-w64-mingw32/lib/../lib/libkernel32.a(libkernel32s01493.o)
 .data          0x0000000140010130        0x0 A:/00_SHIELD/00_ITI/00_Sources/03_GCC_Compiler/msys64/mingw64/bin/../lib/gcc/x86_64-w64-mingw32/11.2.0/../../../../x86_64-w64-mingw32/lib/../lib/libkernel32.a(libkernel32s01491.o)
 .data          0x0000000140010130        0x0 A:/00_SHIELD/00_ITI/00_Sources/03_GCC_Compiler/msys64/mingw64/bin/../lib/gcc/x86_64-w64-mingw32/11.2.0/../../../../x86_64-w64-mingw32/lib/../lib/libkernel32.a(libkernel32s01444.o)
 .data          0x0000000140010130        0x0 A:/00_SHIELD/00_ITI/00_Sources/03_GCC_Compiler/msys64/mingw64/bin/../lib/gcc/x86_64-w64-mingw32/11.2.0/../../../../x86_64-w64-mingw32/lib/../lib/libkernel32.a(libkernel32s01409.o)
 .data          0x0000000140010130        0x0 A:/00_SHIELD/00_ITI/00_Sources/03_GCC_Compiler/msys64/mingw64/bin/../lib/gcc/x86_64-w64-mingw32/11.2.0/../../../../x86_64-w64-mingw32/lib/../lib/libkernel32.a(libkernel32s01393.o)
 .data          0x0000000140010130        0x0 A:/00_SHIELD/00_ITI/00_Sources/03_GCC_Compiler/msys64/mingw64/bin/../lib/gcc/x86_64-w64-mingw32/11.2.0/../../../../x86_64-w64-mingw32/lib/../lib/libkernel32.a(libkernel32s01035.o)
 .data          0x0000000140010130        0x0 A:/00_SHIELD/00_ITI/00_Sources/03_GCC_Compiler/msys64/mingw64/bin/../lib/gcc/x86_64-w64-mingw32/11.2.0/../../../../x86_64-w64-mingw32/lib/../lib/libkernel32.a(libkernel32s00983.o)
 .data          0x0000000140010130        0x0 A:/00_SHIELD/00_ITI/00_Sources/03_GCC_Compiler/msys64/mingw64/bin/../lib/gcc/x86_64-w64-mingw32/11.2.0/../../../../x86_64-w64-mingw32/lib/../lib/libkernel32.a(libkernel32s00918.o)
 .data          0x0000000140010130        0x0 A:/00_SHIELD/00_ITI/00_Sources/03_GCC_Compiler/msys64/mingw64/bin/../lib/gcc/x86_64-w64-mingw32/11.2.0/../../../../x86_64-w64-mingw32/lib/../lib/libkernel32.a(libkernel32s00891.o)
 .data          0x0000000140010130        0x0 A:/00_SHIELD/00_ITI/00_Sources/03_GCC_Compiler/msys64/mingw64/bin/../lib/gcc/x86_64-w64-mingw32/11.2.0/../../../../x86_64-w64-mingw32/lib/../lib/libkernel32.a(libkernel32s00742.o)
 .data          0x0000000140010130        0x0 A:/00_SHIELD/00_ITI/00_Sources/03_GCC_Compiler/msys64/mingw64/bin/../lib/gcc/x86_64-w64-mingw32/11.2.0/../../../../x86_64-w64-mingw32/lib/../lib/libkernel32.a(libkernel32s00629.o)
 .data          0x0000000140010130        0x0 A:/00_SHIELD/00_ITI/00_Sources/03_GCC_Compiler/msys64/mingw64/bin/../lib/gcc/x86_64-w64-mingw32/11.2.0/../../../../x86_64-w64-mingw32/lib/../lib/libkernel32.a(libkernel32s00318.o)
 .data          0x0000000140010130        0x0 A:/00_SHIELD/00_ITI/00_Sources/03_GCC_Compiler/msys64/mingw64/bin/../lib/gcc/x86_64-w64-mingw32/11.2.0/../../../../x86_64-w64-mingw32/lib/../lib/libkernel32.a(libkernel32s00282.o)
 .data          0x0000000140010130        0x0 A:/00_SHIELD/00_ITI/00_Sources/03_GCC_Compiler/msys64/mingw64/bin/../lib/gcc/x86_64-w64-mingw32/11.2.0/../../../../x86_64-w64-mingw32/lib/../lib/libkernel32.a(libkernel32h.o)
 .data          0x0000000140010130        0x0 A:/00_SHIELD/00_ITI/00_Sources/03_GCC_Compiler/msys64/mingw64/bin/../lib/gcc/x86_64-w64-mingw32/11.2.0/../../../../x86_64-w64-mingw32/lib/../lib/libkernel32.a(libkernel32t.o)
 .data          0x0000000140010130        0x0 A:/00_SHIELD/00_ITI/00_Sources/03_GCC_Compiler/msys64/mingw64/bin/../lib/gcc/x86_64-w64-mingw32/11.2.0/crtend.o
 *(.data2)
 *(SORT_BY_NAME(.data$*))
 *(.jcr)
                0x0000000140010130                __data_end__ = .
 *(.data_cygwin_nocopy)

.rdata          0x0000000140011000     0x1a00
 *(.rdata)
 .rdata         0x0000000140011000      0x170 C:\Users\mmich\AppData\Local\Temp\ccEqAGKk.o
 *fill*         0x0000000140011170       0x10 
 .rdata         0x0000000140011180       0x60 A:/00_SHIELD/00_ITI/00_Sources/03_GCC_Compiler/msys64/mingw64/bin/../lib/gcc/x86_64-w64-mingw32/11.2.0/../../../../x86_64-w64-mingw32/lib/../lib/libmingw32.a(lib64_libmingw32_a-tlssup.o)
                0x0000000140011180                __dyn_tls_init_callback
                0x00000001400111a0                _tls_used
 .rdata         0x00000001400111e0      0x140 A:/00_SHIELD/00_ITI/00_Sources/03_GCC_Compiler/msys64/mingw64/bin/../lib/gcc/x86_64-w64-mingw32/11.2.0/../../../../x86_64-w64-mingw32/lib/../lib/libmingw32.a(lib64_libmingw32_a-merr.o)
 .rdata         0x0000000140011320      0x160 A:/00_SHIELD/00_ITI/00_Sources/03_GCC_Compiler/msys64/mingw64/bin/../lib/gcc/x86_64-w64-mingw32/11.2.0/../../../../x86_64-w64-mingw32/lib/../lib/libmingw32.a(lib64_libmingw32_a-pseudo-reloc.o)
 .rdata         0x0000000140011480       0x30 A:/00_SHIELD/00_ITI/00_Sources/03_GCC_Compiler/msys64/mingw64/bin/../lib/gcc/x86_64-w64-mingw32/11.2.0/../../../../x86_64-w64-mingw32/lib/../lib/libmingw32.a(lib64_libmingw32_a-crt_handler.o)
 .rdata         0x00000001400114b0      0x280 A:/00_SHIELD/00_ITI/00_Sources/03_GCC_Compiler/msys64/mingw64/bin/../lib/gcc/x86_64-w64-mingw32/11.2.0/../../../../x86_64-w64-mingw32/lib/../lib/libmingwex.a(lib64_libmingwex_a-mingw_vfscanf.o)
 .rdata         0x0000000140011730       0x20 A:/00_SHIELD/00_ITI/00_Sources/03_GCC_Compiler/msys64/mingw64/bin/../lib/gcc/x86_64-w64-mingw32/11.2.0/../../../../x86_64-w64-mingw32/lib/../lib/libmingwex.a(lib64_libmingwex_a-strtof.o)
 .rdata         0x0000000140011750       0x20 A:/00_SHIELD/00_ITI/00_Sources/03_GCC_Compiler/msys64/mingw64/bin/../lib/gcc/x86_64-w64-mingw32/11.2.0/../../../../x86_64-w64-mingw32/lib/../lib/libmingwex.a(lib64_libmingwex_a-strtopx.o)
 .rdata         0x0000000140011770      0x190 A:/00_SHIELD/00_ITI/00_Sources/03_GCC_Compiler/msys64/mingw64/bin/../lib/gcc/x86_64-w64-mingw32/11.2.0/../../../../x86_64-w64-mingw32/lib/../lib/libmingwex.a(lib64_libmingwex_a-mingw_pformat.o)
 .rdata         0x0000000140011900       0x90 A:/00_SHIELD/00_ITI/00_Sources/03_GCC_Compiler/msys64/mingw64/bin/../lib/gcc/x86_64-w64-mingw32/11.2.0/../../../../x86_64-w64-mingw32/lib/../lib/libmingwex.a(lib64_libmingwex_a-gdtoa.o)
 *fill*         0x0000000140011990       0x10 
 .rdata         0x00000001400119a0      0x160 A:/00_SHIELD/00_ITI/00_Sources/03_GCC_Compiler/msys64/mingw64/bin/../lib/gcc/x86_64-w64-mingw32/11.2.0/../../../../x86_64-w64-mingw32/lib/../lib/libmingwex.a(lib64_libmingwex_a-misc.o)
                0x00000001400119c0                __tens_D2A
                0x0000000140011a80                __tinytens_D2A
                0x0000000140011ac0                __bigtens_D2A
 .rdata         0x0000000140011b00      0x180 A:/00_SHIELD/00_ITI/00_Sources/03_GCC_Compiler/msys64/mingw64/bin/../lib/gcc/x86_64-w64-mingw32/11.2.0/../../../../x86_64-w64-mingw32/lib/../lib/libmingwex.a(lib64_libmingwex_a-strtodg.o)
 .rdata         0x0000000140011c80       0x20 A:/00_SHIELD/00_ITI/00_Sources/03_GCC_Compiler/msys64/mingw64/bin/../lib/gcc/x86_64-w64-mingw32/11.2.0/../../../../x86_64-w64-mingw32/lib/../lib/libmingwex.a(lib64_libmingwex_a-hd_init.o)
 *(SORT_BY_NAME(.rdata$*))
 .rdata$.refptr._CRT_MT
                0x0000000140011ca0       0x10 A:/00_SHIELD/00_ITI/00_Sources/03_GCC_Compiler/msys64/mingw64/bin/../lib/gcc/x86_64-w64-mingw32/11.2.0/../../../../x86_64-w64-mingw32/lib/../lib/libmingw32.a(lib64_libmingw32_a-tlssup.o)
                0x0000000140011ca0                .refptr._CRT_MT
 .rdata$.refptr._MINGW_INSTALL_DEBUG_MATHERR
                0x0000000140011cb0       0x10 A:/00_SHIELD/00_ITI/00_Sources/03_GCC_Compiler/msys64/mingw64/bin/../lib/gcc/x86_64-w64-mingw32/11.2.0/../../../../x86_64-w64-mingw32/lib/../lib/crt2.o
                0x0000000140011cb0                .refptr._MINGW_INSTALL_DEBUG_MATHERR
 .rdata$.refptr.__CTOR_LIST__
                0x0000000140011cc0       0x10 A:/00_SHIELD/00_ITI/00_Sources/03_GCC_Compiler/msys64/mingw64/bin/../lib/gcc/x86_64-w64-mingw32/11.2.0/../../../../x86_64-w64-mingw32/lib/../lib/libmingw32.a(lib64_libmingw32_a-gccmain.o)
                0x0000000140011cc0                .refptr.__CTOR_LIST__
 .rdata$.refptr.__RUNTIME_PSEUDO_RELOC_LIST_END__
                0x0000000140011cd0       0x10 A:/00_SHIELD/00_ITI/00_Sources/03_GCC_Compiler/msys64/mingw64/bin/../lib/gcc/x86_64-w64-mingw32/11.2.0/../../../../x86_64-w64-mingw32/lib/../lib/libmingw32.a(lib64_libmingw32_a-pseudo-reloc.o)
                0x0000000140011cd0                .refptr.__RUNTIME_PSEUDO_RELOC_LIST_END__
 .rdata$.refptr.__RUNTIME_PSEUDO_RELOC_LIST__
                0x0000000140011ce0       0x10 A:/00_SHIELD/00_ITI/00_Sources/03_GCC_Compiler/msys64/mingw64/bin/../lib/gcc/x86_64-w64-mingw32/11.2.0/../../../../x86_64-w64-mingw32/lib/../lib/libmingw32.a(lib64_libmingw32_a-pseudo-reloc.o)
                0x0000000140011ce0                .refptr.__RUNTIME_PSEUDO_RELOC_LIST__
 .rdata$.refptr.__bigtens_D2A
                0x0000000140011cf0       0x10 A:/00_SHIELD/00_ITI/00_Sources/03_GCC_Compiler/msys64/mingw64/bin/../lib/gcc/x86_64-w64-mingw32/11.2.0/../../../../x86_64-w64-mingw32/lib/../lib/libmingwex.a(lib64_libmingwex_a-strtodg.o)
                0x0000000140011cf0                .refptr.__bigtens_D2A
 .rdata$.refptr.__dyn_tls_init_callback
                0x0000000140011d00       0x10 A:/00_SHIELD/00_ITI/00_Sources/03_GCC_Compiler/msys64/mingw64/bin/../lib/gcc/x86_64-w64-mingw32/11.2.0/../../../../x86_64-w64-mingw32/lib/../lib/crt2.o
                0x0000000140011d00                .refptr.__dyn_tls_init_callback
 .rdata$.refptr.__hexdig_D2A
                0x0000000140011d10       0x10 A:/00_SHIELD/00_ITI/00_Sources/03_GCC_Compiler/msys64/mingw64/bin/../lib/gcc/x86_64-w64-mingw32/11.2.0/../../../../x86_64-w64-mingw32/lib/../lib/libmingwex.a(lib64_libmingwex_a-gethex.o)
                0x0000000140011d10                .refptr.__hexdig_D2A
 .rdata$.refptr.__image_base__
                0x0000000140011d20       0x10 A:/00_SHIELD/00_ITI/00_Sources/03_GCC_Compiler/msys64/mingw64/bin/../lib/gcc/x86_64-w64-mingw32/11.2.0/../../../../x86_64-w64-mingw32/lib/../lib/crt2.o
                0x0000000140011d20                .refptr.__image_base__
 .rdata$.refptr.__imp___initenv
                0x0000000140011d30       0x10 A:/00_SHIELD/00_ITI/00_Sources/03_GCC_Compiler/msys64/mingw64/bin/../lib/gcc/x86_64-w64-mingw32/11.2.0/../../../../x86_64-w64-mingw32/lib/../lib/crt2.o
                0x0000000140011d30                .refptr.__imp___initenv
 .rdata$.refptr.__imp__acmdln
                0x0000000140011d40       0x10 A:/00_SHIELD/00_ITI/00_Sources/03_GCC_Compiler/msys64/mingw64/bin/../lib/gcc/x86_64-w64-mingw32/11.2.0/../../../../x86_64-w64-mingw32/lib/../lib/libmsvcrt.a(lib64_libmsvcrt_extra_a-__p__acmdln.o)
                0x0000000140011d40                .refptr.__imp__acmdln
 .rdata$.refptr.__imp__commode
                0x0000000140011d50       0x10 A:/00_SHIELD/00_ITI/00_Sources/03_GCC_Compiler/msys64/mingw64/bin/../lib/gcc/x86_64-w64-mingw32/11.2.0/../../../../x86_64-w64-mingw32/lib/../lib/libmsvcrt.a(lib64_libmsvcrt_extra_a-__p__commode.o)
                0x0000000140011d50                .refptr.__imp__commode
 .rdata$.refptr.__imp__fmode
                0x0000000140011d60       0x10 A:/00_SHIELD/00_ITI/00_Sources/03_GCC_Compiler/msys64/mingw64/bin/../lib/gcc/x86_64-w64-mingw32/11.2.0/../../../../x86_64-w64-mingw32/lib/../lib/libmsvcrt.a(lib64_libmsvcrt_extra_a-__p__fmode.o)
                0x0000000140011d60                .refptr.__imp__fmode
 .rdata$.refptr.__mingw_app_type
                0x0000000140011d70       0x10 A:/00_SHIELD/00_ITI/00_Sources/03_GCC_Compiler/msys64/mingw64/bin/../lib/gcc/x86_64-w64-mingw32/11.2.0/../../../../x86_64-w64-mingw32/lib/../lib/crt2.o
                0x0000000140011d70                .refptr.__mingw_app_type
 .rdata$.refptr.__mingw_initltsdrot_force
                0x0000000140011d80       0x10 A:/00_SHIELD/00_ITI/00_Sources/03_GCC_Compiler/msys64/mingw64/bin/../lib/gcc/x86_64-w64-mingw32/11.2.0/../../../../x86_64-w64-mingw32/lib/../lib/crt2.o
                0x0000000140011d80                .refptr.__mingw_initltsdrot_force
 .rdata$.refptr.__mingw_initltsdyn_force
                0x0000000140011d90       0x10 A:/00_SHIELD/00_ITI/00_Sources/03_GCC_Compiler/msys64/mingw64/bin/../lib/gcc/x86_64-w64-mingw32/11.2.0/../../../../x86_64-w64-mingw32/lib/../lib/crt2.o
                0x0000000140011d90                .refptr.__mingw_initltsdyn_force
 .rdata$.refptr.__mingw_initltssuo_force
                0x0000000140011da0       0x10 A:/00_SHIELD/00_ITI/00_Sources/03_GCC_Compiler/msys64/mingw64/bin/../lib/gcc/x86_64-w64-mingw32/11.2.0/../../../../x86_64-w64-mingw32/lib/../lib/crt2.o
                0x0000000140011da0                .refptr.__mingw_initltssuo_force
 .rdata$.refptr.__mingw_oldexcpt_handler
                0x0000000140011db0       0x10 A:/00_SHIELD/00_ITI/00_Sources/03_GCC_Compiler/msys64/mingw64/bin/../lib/gcc/x86_64-w64-mingw32/11.2.0/../../../../x86_64-w64-mingw32/lib/../lib/crt2.o
                0x0000000140011db0                .refptr.__mingw_oldexcpt_handler
 .rdata$.refptr.__native_startup_lock
                0x0000000140011dc0       0x10 A:/00_SHIELD/00_ITI/00_Sources/03_GCC_Compiler/msys64/mingw64/bin/../lib/gcc/x86_64-w64-mingw32/11.2.0/../../../../x86_64-w64-mingw32/lib/../lib/crt2.o
                0x0000000140011dc0                .refptr.__native_startup_lock
 .rdata$.refptr.__native_startup_state
                0x0000000140011dd0       0x10 A:/00_SHIELD/00_ITI/00_Sources/03_GCC_Compiler/msys64/mingw64/bin/../lib/gcc/x86_64-w64-mingw32/11.2.0/../../../../x86_64-w64-mingw32/lib/../lib/crt2.o
                0x0000000140011dd0                .refptr.__native_startup_state
 .rdata$.refptr.__tens_D2A
                0x0000000140011de0       0x10 A:/00_SHIELD/00_ITI/00_Sources/03_GCC_Compiler/msys64/mingw64/bin/../lib/gcc/x86_64-w64-mingw32/11.2.0/../../../../x86_64-w64-mingw32/lib/../lib/libmingwex.a(lib64_libmingwex_a-gdtoa.o)
                0x0000000140011de0                .refptr.__tens_D2A
 .rdata$.refptr.__tinytens_D2A
                0x0000000140011df0       0x10 A:/00_SHIELD/00_ITI/00_Sources/03_GCC_Compiler/msys64/mingw64/bin/../lib/gcc/x86_64-w64-mingw32/11.2.0/../../../../x86_64-w64-mingw32/lib/../lib/libmingwex.a(lib64_libmingwex_a-strtodg.o)
                0x0000000140011df0                .refptr.__tinytens_D2A
 .rdata$.refptr.__xc_a
                0x0000000140011e00       0x10 A:/00_SHIELD/00_ITI/00_Sources/03_GCC_Compiler/msys64/mingw64/bin/../lib/gcc/x86_64-w64-mingw32/11.2.0/../../../../x86_64-w64-mingw32/lib/../lib/crt2.o
                0x0000000140011e00                .refptr.__xc_a
 .rdata$.refptr.__xc_z
                0x0000000140011e10       0x10 A:/00_SHIELD/00_ITI/00_Sources/03_GCC_Compiler/msys64/mingw64/bin/../lib/gcc/x86_64-w64-mingw32/11.2.0/../../../../x86_64-w64-mingw32/lib/../lib/crt2.o
                0x0000000140011e10                .refptr.__xc_z
 .rdata$.refptr.__xi_a
                0x0000000140011e20       0x10 A:/00_SHIELD/00_ITI/00_Sources/03_GCC_Compiler/msys64/mingw64/bin/../lib/gcc/x86_64-w64-mingw32/11.2.0/../../../../x86_64-w64-mingw32/lib/../lib/crt2.o
                0x0000000140011e20                .refptr.__xi_a
 .rdata$.refptr.__xi_z
                0x0000000140011e30       0x10 A:/00_SHIELD/00_ITI/00_Sources/03_GCC_Compiler/msys64/mingw64/bin/../lib/gcc/x86_64-w64-mingw32/11.2.0/../../../../x86_64-w64-mingw32/lib/../lib/crt2.o
                0x0000000140011e30                .refptr.__xi_z
 .rdata$.refptr._commode
                0x0000000140011e40       0x10 A:/00_SHIELD/00_ITI/00_Sources/03_GCC_Compiler/msys64/mingw64/bin/../lib/gcc/x86_64-w64-mingw32/11.2.0/../../../../x86_64-w64-mingw32/lib/../lib/crt2.o
                0x0000000140011e40                .refptr._commode
 .rdata$.refptr._dowildcard
                0x0000000140011e50       0x10 A:/00_SHIELD/00_ITI/00_Sources/03_GCC_Compiler/msys64/mingw64/bin/../lib/gcc/x86_64-w64-mingw32/11.2.0/../../../../x86_64-w64-mingw32/lib/../lib/crt2.o
                0x0000000140011e50                .refptr._dowildcard
 .rdata$.refptr._fmode
                0x0000000140011e60       0x10 A:/00_SHIELD/00_ITI/00_Sources/03_GCC_Compiler/msys64/mingw64/bin/../lib/gcc/x86_64-w64-mingw32/11.2.0/../../../../x86_64-w64-mingw32/lib/../lib/crt2.o
                0x0000000140011e60                .refptr._fmode
 .rdata$.refptr._gnu_exception_handler
                0x0000000140011e70       0x10 A:/00_SHIELD/00_ITI/00_Sources/03_GCC_Compiler/msys64/mingw64/bin/../lib/gcc/x86_64-w64-mingw32/11.2.0/../../../../x86_64-w64-mingw32/lib/../lib/crt2.o
                0x0000000140011e70                .refptr._gnu_exception_handler
 .rdata$.refptr._matherr
                0x0000000140011e80       0x10 A:/00_SHIELD/00_ITI/00_Sources/03_GCC_Compiler/msys64/mingw64/bin/../lib/gcc/x86_64-w64-mingw32/11.2.0/../../../../x86_64-w64-mingw32/lib/../lib/crt2.o
                0x0000000140011e80                .refptr._matherr
 .rdata$.refptr._newmode
                0x0000000140011e90       0x10 A:/00_SHIELD/00_ITI/00_Sources/03_GCC_Compiler/msys64/mingw64/bin/../lib/gcc/x86_64-w64-mingw32/11.2.0/../../../../x86_64-w64-mingw32/lib/../lib/crt2.o
                0x0000000140011e90                .refptr._newmode
 .rdata$zzz     0x0000000140011ea0       0x30 A:/00_SHIELD/00_ITI/00_Sources/03_GCC_Compiler/msys64/mingw64/bin/../lib/gcc/x86_64-w64-mingw32/11.2.0/../../../../x86_64-w64-mingw32/lib/../lib/crt2.o
 .rdata$zzz     0x0000000140011ed0       0x30 A:/00_SHIELD/00_ITI/00_Sources/03_GCC_Compiler/msys64/mingw64/bin/../lib/gcc/x86_64-w64-mingw32/11.2.0/crtbegin.o
 .rdata$zzz     0x0000000140011f00       0x30 C:\Users\mmich\AppData\Local\Temp\ccEqAGKk.o
 .rdata$zzz     0x0000000140011f30       0x30 A:/00_SHIELD/00_ITI/00_Sources/03_GCC_Compiler/msys64/mingw64/bin/../lib/gcc/x86_64-w64-mingw32/11.2.0/../../../../x86_64-w64-mingw32/lib/../lib/libmingw32.a(lib64_libmingw32_a-gccmain.o)
 .rdata$zzz     0x0000000140011f60       0x30 A:/00_SHIELD/00_ITI/00_Sources/03_GCC_Compiler/msys64/mingw64/bin/../lib/gcc/x86_64-w64-mingw32/11.2.0/../../../../x86_64-w64-mingw32/lib/../lib/libmingw32.a(lib64_libmingw32_a-natstart.o)
 .rdata$zzz     0x0000000140011f90       0x30 A:/00_SHIELD/00_ITI/00_Sources/03_GCC_Compiler/msys64/mingw64/bin/../lib/gcc/x86_64-w64-mingw32/11.2.0/../../../../x86_64-w64-mingw32/lib/../lib/libmingw32.a(lib64_libmingw32_a-wildcard.o)
 .rdata$zzz     0x0000000140011fc0       0x30 A:/00_SHIELD/00_ITI/00_Sources/03_GCC_Compiler/msys64/mingw64/bin/../lib/gcc/x86_64-w64-mingw32/11.2.0/../../../../x86_64-w64-mingw32/lib/../lib/libmingw32.a(lib64_libmingw32_a-dllargv.o)
 .rdata$zzz     0x0000000140011ff0       0x30 A:/00_SHIELD/00_ITI/00_Sources/03_GCC_Compiler/msys64/mingw64/bin/../lib/gcc/x86_64-w64-mingw32/11.2.0/../../../../x86_64-w64-mingw32/lib/../lib/libmingw32.a(lib64_libmingw32_a-_newmode.o)
 .rdata$zzz     0x0000000140012020       0x30 A:/00_SHIELD/00_ITI/00_Sources/03_GCC_Compiler/msys64/mingw64/bin/../lib/gcc/x86_64-w64-mingw32/11.2.0/../../../../x86_64-w64-mingw32/lib/../lib/libmingw32.a(lib64_libmingw32_a-tlssup.o)
 .rdata$zzz     0x0000000140012050       0x30 A:/00_SHIELD/00_ITI/00_Sources/03_GCC_Compiler/msys64/mingw64/bin/../lib/gcc/x86_64-w64-mingw32/11.2.0/../../../../x86_64-w64-mingw32/lib/../lib/libmingw32.a(lib64_libmingw32_a-xncommod.o)
 .rdata$zzz     0x0000000140012080       0x30 A:/00_SHIELD/00_ITI/00_Sources/03_GCC_Compiler/msys64/mingw64/bin/../lib/gcc/x86_64-w64-mingw32/11.2.0/../../../../x86_64-w64-mingw32/lib/../lib/libmingw32.a(lib64_libmingw32_a-cinitexe.o)
 .rdata$zzz     0x00000001400120b0       0x30 A:/00_SHIELD/00_ITI/00_Sources/03_GCC_Compiler/msys64/mingw64/bin/../lib/gcc/x86_64-w64-mingw32/11.2.0/../../../../x86_64-w64-mingw32/lib/../lib/libmingw32.a(lib64_libmingw32_a-merr.o)
 .rdata$zzz     0x00000001400120e0       0x30 A:/00_SHIELD/00_ITI/00_Sources/03_GCC_Compiler/msys64/mingw64/bin/../lib/gcc/x86_64-w64-mingw32/11.2.0/../../../../x86_64-w64-mingw32/lib/../lib/libmingw32.a(lib64_libmingw32_a-CRT_fp10.o)
 .rdata$zzz     0x0000000140012110       0x30 A:/00_SHIELD/00_ITI/00_Sources/03_GCC_Compiler/msys64/mingw64/bin/../lib/gcc/x86_64-w64-mingw32/11.2.0/../../../../x86_64-w64-mingw32/lib/../lib/libmingw32.a(lib64_libmingw32_a-mingw_helpers.o)
 .rdata$zzz     0x0000000140012140       0x30 A:/00_SHIELD/00_ITI/00_Sources/03_GCC_Compiler/msys64/mingw64/bin/../lib/gcc/x86_64-w64-mingw32/11.2.0/../../../../x86_64-w64-mingw32/lib/../lib/libmingw32.a(lib64_libmingw32_a-pseudo-reloc.o)
 .rdata$zzz     0x0000000140012170       0x30 A:/00_SHIELD/00_ITI/00_Sources/03_GCC_Compiler/msys64/mingw64/bin/../lib/gcc/x86_64-w64-mingw32/11.2.0/../../../../x86_64-w64-mingw32/lib/../lib/libmingw32.a(lib64_libmingw32_a-usermatherr.o)
 .rdata$zzz     0x00000001400121a0       0x30 A:/00_SHIELD/00_ITI/00_Sources/03_GCC_Compiler/msys64/mingw64/bin/../lib/gcc/x86_64-w64-mingw32/11.2.0/../../../../x86_64-w64-mingw32/lib/../lib/libmingw32.a(lib64_libmingw32_a-xtxtmode.o)
 .rdata$zzz     0x00000001400121d0       0x30 A:/00_SHIELD/00_ITI/00_Sources/03_GCC_Compiler/msys64/mingw64/bin/../lib/gcc/x86_64-w64-mingw32/11.2.0/../../../../x86_64-w64-mingw32/lib/../lib/libmingw32.a(lib64_libmingw32_a-crt_handler.o)
 .rdata$zzz     0x0000000140012200       0x30 A:/00_SHIELD/00_ITI/00_Sources/03_GCC_Compiler/msys64/mingw64/bin/../lib/gcc/x86_64-w64-mingw32/11.2.0/../../../../x86_64-w64-mingw32/lib/../lib/libmingw32.a(lib64_libmingw32_a-tlsthrd.o)
 .rdata$zzz     0x0000000140012230       0x30 A:/00_SHIELD/00_ITI/00_Sources/03_GCC_Compiler/msys64/mingw64/bin/../lib/gcc/x86_64-w64-mingw32/11.2.0/../../../../x86_64-w64-mingw32/lib/../lib/libmingw32.a(lib64_libmingw32_a-tlsmcrt.o)
 .rdata$zzz     0x0000000140012260       0x30 A:/00_SHIELD/00_ITI/00_Sources/03_GCC_Compiler/msys64/mingw64/bin/../lib/gcc/x86_64-w64-mingw32/11.2.0/../../../../x86_64-w64-mingw32/lib/../lib/libmingw32.a(lib64_libmingw32_a-pseudo-reloc-list.o)
 .rdata$zzz     0x0000000140012290       0x30 A:/00_SHIELD/00_ITI/00_Sources/03_GCC_Compiler/msys64/mingw64/bin/../lib/gcc/x86_64-w64-mingw32/11.2.0/../../../../x86_64-w64-mingw32/lib/../lib/libmingw32.a(lib64_libmingw32_a-pesect.o)
 .rdata$zzz     0x00000001400122c0       0x30 A:/00_SHIELD/00_ITI/00_Sources/03_GCC_Compiler/msys64/mingw64/bin/../lib/gcc/x86_64-w64-mingw32/11.2.0/libgcc.a(_ctors.o)
 .rdata$zzz     0x00000001400122f0       0x30 A:/00_SHIELD/00_ITI/00_Sources/03_GCC_Compiler/msys64/mingw64/bin/../lib/gcc/x86_64-w64-mingw32/11.2.0/../../../../x86_64-w64-mingw32/lib/../lib/libmingwex.a(lib64_libmingwex_a-mingw_matherr.o)
 .rdata$zzz     0x0000000140012320       0x30 A:/00_SHIELD/00_ITI/00_Sources/03_GCC_Compiler/msys64/mingw64/bin/../lib/gcc/x86_64-w64-mingw32/11.2.0/../../../../x86_64-w64-mingw32/lib/../lib/libmingwex.a(lib64_libmingwex_a-mingw_vfprintf.o)
 .rdata$zzz     0x0000000140012350       0x30 A:/00_SHIELD/00_ITI/00_Sources/03_GCC_Compiler/msys64/mingw64/bin/../lib/gcc/x86_64-w64-mingw32/11.2.0/../../../../x86_64-w64-mingw32/lib/../lib/libmingwex.a(lib64_libmingwex_a-mingw_vfscanf.o)
 .rdata$zzz     0x0000000140012380       0x30 A:/00_SHIELD/00_ITI/00_Sources/03_GCC_Compiler/msys64/mingw64/bin/../lib/gcc/x86_64-w64-mingw32/11.2.0/../../../../x86_64-w64-mingw32/lib/../lib/libmingwex.a(lib64_libmingwex_a-strtof.o)
 .rdata$zzz     0x00000001400123b0       0x30 A:/00_SHIELD/00_ITI/00_Sources/03_GCC_Compiler/msys64/mingw64/bin/../lib/gcc/x86_64-w64-mingw32/11.2.0/../../../../x86_64-w64-mingw32/lib/../lib/libmingwex.a(lib64_libmingwex_a-strtopx.o)
 .rdata$zzz     0x00000001400123e0       0x30 A:/00_SHIELD/00_ITI/00_Sources/03_GCC_Compiler/msys64/mingw64/bin/../lib/gcc/x86_64-w64-mingw32/11.2.0/../../../../x86_64-w64-mingw32/lib/../lib/libmingwex.a(lib64_libmingwex_a-strtoimax.o)
 .rdata$zzz     0x0000000140012410       0x30 A:/00_SHIELD/00_ITI/00_Sources/03_GCC_Compiler/msys64/mingw64/bin/../lib/gcc/x86_64-w64-mingw32/11.2.0/../../../../x86_64-w64-mingw32/lib/../lib/libmingwex.a(lib64_libmingwex_a-strtoumax.o)
 .rdata$zzz     0x0000000140012440       0x30 A:/00_SHIELD/00_ITI/00_Sources/03_GCC_Compiler/msys64/mingw64/bin/../lib/gcc/x86_64-w64-mingw32/11.2.0/../../../../x86_64-w64-mingw32/lib/../lib/libmingwex.a(lib64_libmingwex_a-mingw_pformat.o)
 .rdata$zzz     0x0000000140012470       0x30 A:/00_SHIELD/00_ITI/00_Sources/03_GCC_Compiler/msys64/mingw64/bin/../lib/gcc/x86_64-w64-mingw32/11.2.0/../../../../x86_64-w64-mingw32/lib/../lib/libmingwex.a(lib64_libmingwex_a-dmisc.o)
 .rdata$zzz     0x00000001400124a0       0x30 A:/00_SHIELD/00_ITI/00_Sources/03_GCC_Compiler/msys64/mingw64/bin/../lib/gcc/x86_64-w64-mingw32/11.2.0/../../../../x86_64-w64-mingw32/lib/../lib/libmingwex.a(lib64_libmingwex_a-gdtoa.o)
 .rdata$zzz     0x00000001400124d0       0x30 A:/00_SHIELD/00_ITI/00_Sources/03_GCC_Compiler/msys64/mingw64/bin/../lib/gcc/x86_64-w64-mingw32/11.2.0/../../../../x86_64-w64-mingw32/lib/../lib/libmingwex.a(lib64_libmingwex_a-gmisc.o)
 .rdata$zzz     0x0000000140012500       0x30 A:/00_SHIELD/00_ITI/00_Sources/03_GCC_Compiler/msys64/mingw64/bin/../lib/gcc/x86_64-w64-mingw32/11.2.0/../../../../x86_64-w64-mingw32/lib/../lib/libmingwex.a(lib64_libmingwex_a-misc.o)
 .rdata$zzz     0x0000000140012530       0x30 A:/00_SHIELD/00_ITI/00_Sources/03_GCC_Compiler/msys64/mingw64/bin/../lib/gcc/x86_64-w64-mingw32/11.2.0/../../../../x86_64-w64-mingw32/lib/../lib/libmingwex.a(lib64_libmingwex_a-strtodg.o)
 .rdata$zzz     0x0000000140012560       0x30 A:/00_SHIELD/00_ITI/00_Sources/03_GCC_Compiler/msys64/mingw64/bin/../lib/gcc/x86_64-w64-mingw32/11.2.0/../../../../x86_64-w64-mingw32/lib/../lib/libmingwex.a(lib64_libmingwex_a-sum.o)
 .rdata$zzz     0x0000000140012590       0x30 A:/00_SHIELD/00_ITI/00_Sources/03_GCC_Compiler/msys64/mingw64/bin/../lib/gcc/x86_64-w64-mingw32/11.2.0/../../../../x86_64-w64-mingw32/lib/../lib/libmingwex.a(lib64_libmingwex_a-strnlen.o)
 .rdata$zzz     0x00000001400125c0       0x30 A:/00_SHIELD/00_ITI/00_Sources/03_GCC_Compiler/msys64/mingw64/bin/../lib/gcc/x86_64-w64-mingw32/11.2.0/../../../../x86_64-w64-mingw32/lib/../lib/libmingwex.a(lib64_libmingwex_a-wcsnlen.o)
 .rdata$zzz     0x00000001400125f0       0x30 A:/00_SHIELD/00_ITI/00_Sources/03_GCC_Compiler/msys64/mingw64/bin/../lib/gcc/x86_64-w64-mingw32/11.2.0/../../../../x86_64-w64-mingw32/lib/../lib/libmingwex.a(lib64_libmingwex_a-gethex.o)
 .rdata$zzz     0x0000000140012620       0x30 A:/00_SHIELD/00_ITI/00_Sources/03_GCC_Compiler/msys64/mingw64/bin/../lib/gcc/x86_64-w64-mingw32/11.2.0/../../../../x86_64-w64-mingw32/lib/../lib/libmingwex.a(lib64_libmingwex_a-hd_init.o)
 .rdata$zzz     0x0000000140012650       0x30 A:/00_SHIELD/00_ITI/00_Sources/03_GCC_Compiler/msys64/mingw64/bin/../lib/gcc/x86_64-w64-mingw32/11.2.0/../../../../x86_64-w64-mingw32/lib/../lib/libmingwex.a(lib64_libmingwex_a-hexnan.o)
 .rdata$zzz     0x0000000140012680       0x30 A:/00_SHIELD/00_ITI/00_Sources/03_GCC_Compiler/msys64/mingw64/bin/../lib/gcc/x86_64-w64-mingw32/11.2.0/../../../../x86_64-w64-mingw32/lib/../lib/libmingwex.a(lib64_libmingwex_a-smisc.o)
 .rdata$zzz     0x00000001400126b0       0x30 A:/00_SHIELD/00_ITI/00_Sources/03_GCC_Compiler/msys64/mingw64/bin/../lib/gcc/x86_64-w64-mingw32/11.2.0/../../../../x86_64-w64-mingw32/lib/../lib/libmsvcrt.a(lib64_libmsvcrt_extra_a-__p__fmode.o)
 .rdata$zzz     0x00000001400126e0       0x30 A:/00_SHIELD/00_ITI/00_Sources/03_GCC_Compiler/msys64/mingw64/bin/../lib/gcc/x86_64-w64-mingw32/11.2.0/../../../../x86_64-w64-mingw32/lib/../lib/libmsvcrt.a(lib64_libmsvcrt_extra_a-__p__commode.o)
 .rdata$zzz     0x0000000140012710       0x30 A:/00_SHIELD/00_ITI/00_Sources/03_GCC_Compiler/msys64/mingw64/bin/../lib/gcc/x86_64-w64-mingw32/11.2.0/../../../../x86_64-w64-mingw32/lib/../lib/libmsvcrt.a(lib64_libmsvcrt_extra_a-__p__acmdln.o)
 .rdata$zzz     0x0000000140012740       0x30 A:/00_SHIELD/00_ITI/00_Sources/03_GCC_Compiler/msys64/mingw64/bin/../lib/gcc/x86_64-w64-mingw32/11.2.0/../../../../x86_64-w64-mingw32/lib/../lib/libmsvcrt.a(lib64_libmsvcrt_extra_a-mingw_lock.o)
 .rdata$zzz     0x0000000140012770       0x30 A:/00_SHIELD/00_ITI/00_Sources/03_GCC_Compiler/msys64/mingw64/bin/../lib/gcc/x86_64-w64-mingw32/11.2.0/../../../../x86_64-w64-mingw32/lib/../lib/libmsvcrt.a(lib64_libmsvcrt_extra_a-invalid_parameter_handler.o)
 .rdata$zzz     0x00000001400127a0       0x30 A:/00_SHIELD/00_ITI/00_Sources/03_GCC_Compiler/msys64/mingw64/bin/../lib/gcc/x86_64-w64-mingw32/11.2.0/../../../../x86_64-w64-mingw32/lib/../lib/libmsvcrt.a(lib64_libmsvcrt_common_a-acrt_iob_func.o)