Archive member included to satisfy reference by file (symbol)

A:/00_SHIELD/00_ITI/00_Sources/03_GCC_Compiler/msys64/mingw64/bin/../lib/gcc/x86_64-w64-mingw32/11.2.0/../../../../x86_64-w64-mingw32/lib/../lib/libmingw32.a(lib64_libmingw32_a-gccmain.o)
                              A:/00_SHIELD/00_ITI/00_Sources/03_GCC_Compiler/msys64/mingw64/bin/../lib/gcc/x86_64-w64-mingw32/11.2.0/../../../../x86_64-w64-mingw32/lib/../lib/crt2.o (__main)
A:/00_SHIELD/00_ITI/00_Sources/03_GCC_Compiler/msys64/mingw64/bin/../lib/gcc/x86_64-w64-mingw32/11.2.0/../../../../x86_64-w64-mingw32/lib/../lib/libmingw32.a(lib64_libmingw32_a-natstart.o)
                              A:/00_SHIELD/00_ITI/00_Sources/03_GCC_Compiler/msys64/mingw64/bin/../lib/gcc/x86_64-w64-mingw32/11.2.0/../../../../x86_64-w64-mingw32/lib/../lib/crt2.o (__native_startup_lock)
A:/00_SHIELD/00_ITI/00_Sources/03_GCC_Compiler/msys64/mingw64/bin/../lib/gcc/x86_64-w64-mingw32/11.2.0/../../../../x86_64-w64-mingw32/lib/../lib/libmingw32.a(lib64_libmingw32_a-wildcard.o)
                              A:/00_SHIELD/00_ITI/00_Sources/03_GCC_Compiler/msys64/mingw64/bin/../lib/gcc/x86_64-w64-mingw32/11.2.0/../../../../x86_64-w64-mingw32/lib/../lib/crt2.o (_dowildcard)
A:/00_SHIELD/00_ITI/00_Sources/03_GCC_Compiler/msys64/mingw64/bin/../lib/gcc/x86_64-w64-mingw32/11.2.0/../../../../x86_64-w64-mingw32/lib/../lib/libmingw32.a(lib64_libmingw32_a-dllargv.o)
                              A:/00_SHIELD/00_ITI/00_Sources/03_GCC_Compiler/msys64/mingw64/bin/../lib/gcc/x86_64-w64-mingw32/11.2.0/../../../../x86_64-w64-mingw32/lib/../lib/crt2.o (_setargv)
A:/00_SHIELD/00_ITI/00_Sources/03_GCC_Compiler/msys64/mingw64/bin/../lib/gcc/x86_64-w64-mingw32/11.2.0/../../../../x86_64-w64-mingw32/lib/../lib/libmingw32.a(lib64_libmingw32_a-_newmode.o)
                              A:/00_SHIELD/00_ITI/00_Sources/03_GCC_Compiler/msys64/mingw64/bin/../lib/gcc/x86_64-w64-mingw32/11.2.0/../../../../x86_64-w64-mingw32/lib/../lib/crt2.o (_newmode)
A:/00_SHIELD/00_ITI/00_Sources/03_GCC_Compiler/msys64/mingw64/bin/../lib/gcc/x86_64-w64-mingw32/11.2.0/../../../../x86_64-w64-mingw32/lib/../lib/libmingw32.a(lib64_libmingw32_a-tlssup.o)
                              A:/00_SHIELD/00_ITI/00_Sources/03_GCC_Compiler/msys64/mingw64/bin/../lib/gcc/x86_64-w64-mingw32/11.2.0/../../../../x86_64-w64-mingw32/lib/../lib/crt2.o (__mingw_initltssuo_force)
A:/00_SHIELD/00_ITI/00_Sources/03_GCC_Compiler/msys64/mingw64/bin/../lib/gcc/x86_64-w64-mingw32/11.2.0/../../../../x86_64-w64-mingw32/lib/../lib/libmingw32.a(lib64_libmingw32_a-xncommod.o)
                              A:/00_SHIELD/00_ITI/00_Sources/03_GCC_Compiler/msys64/mingw64/bin/../lib/gcc/x86_64-w64-mingw32/11.2.0/../../../../x86_64-w64-mingw32/lib/../lib/crt2.o (_commode)
A:/00_SHIELD/00_ITI/00_Sources/03_GCC_Compiler/msys64/mingw64/bin/../lib/gcc/x86_64-w64-mingw32/11.2.0/../../../../x86_64-w64-mingw32/lib/../lib/libmingw32.a(lib64_libmingw32_a-cinitexe.o)
                              A:/00_SHIELD/00_ITI/00_Sources/03_GCC_Compiler/msys64/mingw64/bin/../lib/gcc/x86_64-w64-mingw32/11.2.0/../../../../x86_64-w64-mingw32/lib/../lib/crt2.o (__xc_z)
A:/00_SHIELD/00_ITI/00_Sources/03_GCC_Compiler/msys64/mingw64/bin/../lib/gcc/x86_64-w64-mingw32/11.2.0/../../../../x86_64-w64-mingw32/lib/../lib/libmingw32.a(lib64_libmingw32_a-merr.o)
                              A:/00_SHIELD/00_ITI/00_Sources/03_GCC_Compiler/msys64/mingw64/bin/../lib/gcc/x86_64-w64-mingw32/11.2.0/../../../../x86_64-w64-mingw32/lib/../lib/crt2.o (_matherr)
A:/00_SHIELD/00_ITI/00_Sources/03_GCC_Compiler/msys64/mingw64/bin/../lib/gcc/x86_64-w64-mingw32/11.2.0/../../../../x86_64-w64-mingw32/lib/../lib/libmingw32.a(lib64_libmingw32_a-CRT_fp10.o)
                              A:/00_SHIELD/00_ITI/00_Sources/03_GCC_Compiler/msys64/mingw64/bin/../lib/gcc/x86_64-w64-mingw32/11.2.0/../../../../x86_64-w64-mingw32/lib/../lib/crt2.o (_fpreset)
A:/00_SHIELD/00_ITI/00_Sources/03_GCC_Compiler/msys64/mingw64/bin/../lib/gcc/x86_64-w64-mingw32/11.2.0/../../../../x86_64-w64-mingw32/lib/../lib/libmingw32.a(lib64_libmingw32_a-mingw_helpers.o)
                              A:/00_SHIELD/00_ITI/00_Sources/03_GCC_Compiler/msys64/mingw64/bin/../lib/gcc/x86_64-w64-mingw32/11.2.0/../../../../x86_64-w64-mingw32/lib/../lib/crt2.o (__mingw_app_type)
A:/00_SHIELD/00_ITI/00_Sources/03_GCC_Compiler/msys64/mingw64/bin/../lib/gcc/x86_64-w64-mingw32/11.2.0/../../../../x86_64-w64-mingw32/lib/../lib/libmingw32.a(lib64_libmingw32_a-pseudo-reloc.o)
                              A:/00_SHIELD/00_ITI/00_Sources/03_GCC_Compiler/msys64/mingw64/bin/../lib/gcc/x86_64-w64-mingw32/11.2.0/../../../../x86_64-w64-mingw32/lib/../lib/crt2.o (_pei386_runtime_relocator)
A:/00_SHIELD/00_ITI/00_Sources/03_GCC_Compiler/msys64/mingw64/bin/../lib/gcc/x86_64-w64-mingw32/11.2.0/../../../../x86_64-w64-mingw32/lib/../lib/libmingw32.a(lib64_libmingw32_a-usermatherr.o)
[...]
Memory Configuration

Name             Origin             Length             Attributes
*default*        0x0000000000000000 0xffffffffffffffff

Linker script and memory map

                0x0000000140000000                __image_base__ = 0x140000000
                0x0000000000000000                __dll__ = 0x0
                0x0000000140000000                __ImageBase = 0x140000000
                0x0000000000001000                __section_alignment__ = 0x1000
                0x0000000000000200                __file_alignment__ = 0x200
                0x0000000000000004                __major_os_version__ = 0x4
                0x0000000000000000                __minor_os_version__ = 0x0
                0x0000000000000000                __major_image_version__ = 0x0
                0x0000000000000000                __minor_image_version__ = 0x0
                0x0000000000000005                __major_subsystem_version__ = 0x5
                0x0000000000000002                __minor_subsystem_version__ = 0x2
                0x0000000000000003                __subsystem__ = 0x3
                0x0000000000200000                __size_of_stack_reserve__ = 0x200000
                0x0000000000001000                __size_of_stack_commit__ = 0x1000
                0x0000000000100000                __size_of_heap_reserve__ = 0x100000
                0x0000000000001000                __size_of_heap_commit__ = 0x1000
                0x0000000000000000                __loader_flags__ = 0x0
                0x0000000000000160                __dll_characteristics__ = 0x160
LOAD A:/00_SHIELD/00_ITI/00_Sources/03_GCC_Compiler/msys64/mingw64/bin/../lib/gcc/x86_64-w64-mingw32/11.2.0/../../../../x86_64-w64-mingw32/lib/../lib/crt2.o
LOAD A:/00_SHIELD/00_ITI/00_Sources/03_GCC_Compiler/msys64/mingw64/bin/../lib/gcc/x86_64-w64-mingw32/11.2.0/crtbegin.o
LOAD C:\Users\mmich\AppData\Local\Temp\ccIWdNSo.o
LOAD A:/00_SHIELD/00_ITI/00_Sources/03_GCC_Compiler/msys64/mingw64/bin/../lib/gcc/x86_64-w64-mingw32/11.2.0/../../../../x86_64-w64-mingw32/lib/../lib/libmingw32.a
LOAD A:/00_SHIELD/00_ITI/00_Sources/03_GCC_Compiler/msys64/mingw64/bin/../lib/gcc/x86_64-w64-mingw32/11.2.0/libgcc.a
LOAD A:/00_SHIELD/00_ITI/00_Sources/03_GCC_Compiler/msys64/mingw64/bin/../lib/gcc/x86_64-w64-mingw32/11.2.0/libgcc_eh.a
LOAD A:/00_SHIELD/00_ITI/00_Sources/03_GCC_Compiler/msys64/mingw64/bin/../lib/gcc/x86_64-w64-mingw32/11.2.0/../../../../x86_64-w64-mingw32/lib/../lib/libmoldname.a
LOAD A:/00_SHIELD/00_ITI/00_Sources/03_GCC_Compiler/msys64/mingw64/bin/../lib/gcc/x86_64-w64-mingw32/11.2.0/../../../../x86_64-w64-mingw32/lib/../lib/libmingwex.a
LOAD A:/00_SHIELD/00_ITI/00_Sources/03_GCC_Compiler/msys64/mingw64/bin/../lib/gcc/x86_64-w64-mingw32/11.2.0/../../../../x86_64-w64-mingw32/lib/../lib/libmsvcrt.a
LOAD A:/00_SHIELD/00_ITI/00_Sources/03_GCC_Compiler/msys64/mingw64/bin/../lib/gcc/x86_64-w64-mingw32/11.2.0/../../../../x86_64-w64-mingw32/lib/../lib/libkernel32.a
LOAD A:/00_SHIELD/00_ITI/00_Sources/03_GCC_Compiler/msys64/mingw64/bin/../lib/gcc/x86_64-w64-mingw32/11.2.0/../../../../x86_64-w64-mingw32/lib/../lib/libpthread.dll.a
LOAD A:/00_SHIELD/00_ITI/00_Sources/03_GCC_Compiler/msys64/mingw64/bin/../lib/gcc/x86_64-w64-mingw32/11.2.0/../../../../x86_64-w64-mingw32/lib/../lib/libadvapi32.a
LOAD A:/00_SHIELD/00_ITI/00_Sources/03_GCC_Compiler/msys64/mingw64/bin/../lib/gcc/x86_64-w64-mingw32/11.2.0/../../../../x86_64-w64-mingw32/lib/../lib/libshell32.a
LOAD A:/00_SHIELD/00_ITI/00_Sources/03_GCC_Compiler/msys64/mingw64/bin/../lib/gcc/x86_64-w64-mingw32/11.2.0/../../../../x86_64-w64-mingw32/lib/../lib/libuser32.a
LOAD A:/00_SHIELD/00_ITI/00_Sources/03_GCC_Compiler/msys64/mingw64/bin/../lib/gcc/x86_64-w64-mingw32/11.2.0/../../../../x86_64-w64-mingw32/lib/../lib/libkernel32.a
LOAD A:/00_SHIELD/00_ITI/00_Sources/03_GCC_Compiler/msys64/mingw64/bin/../lib/gcc/x86_64-w64-mingw32/11.2.0/../../../../x86_64-w64-mingw32/lib/../lib/libmingw32.a
LOAD A:/00_SHIELD/00_ITI/00_Sources/03_GCC_Compiler/msys64/mingw64/bin/../lib/gcc/x86_64-w64-mingw32/11.2.0/libgcc.a
LOAD A:/00_SHIELD/00_ITI/00_Sources/03_GCC_Compiler/msys64/mingw64/bin/../lib/gcc/x86_64-w64-mingw32/11.2.0/libgcc_eh.a
LOAD A:/00_SHIELD/00_ITI/00_Sources/03_GCC_Compiler/msys64/mingw64/bin/../lib/gcc/x86_64-w64-mingw32/11.2.0/../../../../x86_64-w64-mingw32/lib/../lib/libmoldname.a
LOAD A:/00_SHIELD/00_ITI/00_Sources/03_GCC_Compiler/msys64/mingw64/bin/../lib/gcc/x86_64-w64-mingw32/11.2.0/../../../../x86_64-w64-mingw32/lib/../lib/libmingwex.a
LOAD A:/00_SHIELD/00_ITI/00_Sources/03_GCC_Compiler/msys64/mingw64/bin/../lib/gcc/x86_64-w64-mingw32/11.2.0/../../../../x86_64-w64-mingw32/lib/../lib/libmsvcrt.a
LOAD A:/00_SHIELD/00_ITI/00_Sources/03_GCC_Compiler/msys64/mingw64/bin/../lib/gcc/x86_64-w64-mingw32/11.2.0/../../../../x86_64-w64-mingw32/lib/../lib/libkernel32.a
LOAD A:/00_SHIELD/00_ITI/00_Sources/03_GCC_Compiler/msys64/mingw64/bin/../lib/gcc/x86_64-w64-mingw32/11.2.0/../../../../x86_64-w64-mingw32/lib/../lib/default-manifest.o
LOAD A:/00_SHIELD/00_ITI/00_Sources/03_GCC_Compiler/msys64/mingw64/bin/../lib/gcc/x86_64-w64-mingw32/11.2.0/crtend.o
                0x00000000000004a8                . = SIZEOF_HEADERS
                0x0000000000001000                . = ALIGN (__section_alignment__)

.text           0x0000000140001000     0xe600
 *(SORT_NONE(.init))
 *(.text)
 .text          0x0000000140001000      0x510 A:/00_SHIELD/00_ITI/00_Sources/03_GCC_Compiler/msys64/mingw64/bin/../lib/gcc/x86_64-w64-mingw32/11.2.0/../../../../x86_64-w64-mingw32/lib/../lib/crt2.o
                0x00000001400014b0                WinMainCRTStartup
                0x00000001400014d0                mainCRTStartup
                0x00000001400014f0                atexit
 .text          0x0000000140001510       0x20 A:/00_SHIELD/00_ITI/00_Sources/03_GCC_Compiler/msys64/mingw64/bin/../lib/gcc/x86_64-w64-mingw32/11.2.0/crtbegin.o
                0x0000000140001510                __gcc_register_frame
                0x0000000140001520                __gcc_deregister_frame
 .text          0x0000000140001530      0x220 C:\Users\mmich\AppData\Local\Temp\ccIWdNSo.o
                0x00000001400015d2                main
 .text          0x0000000140001750       0xd0 A:/00_SHIELD/00_ITI/00_Sources/03_GCC_Compiler/msys64/mingw64/bin/../lib/gcc/x86_64-w64-mingw32/11.2.0/../../../../x86_64-w64-mingw32/lib/../lib/libmingw32.a(lib64_libmingw32_a-gccmain.o)
                0x0000000140001750                __do_global_dtors
                0x0000000140001790                __do_global_ctors
                0x0000000140001800                __main
 .text          0x0000000140001820        0x0 A:/00_SHIELD/00_ITI/00_Sources/03_GCC_Compiler/msys64/mingw64/bin/../lib/gcc/x86_64-w64-mingw32/11.2.0/../../../../x86_64-w64-mingw32/lib/../lib/libmingw32.a(lib64_libmingw32_a-natstart.o)
 .text          0x0000000140001820        0x0 A:/00_SHIELD/00_ITI/00_Sources/03_GCC_Compiler/msys64/mingw64/bin/../lib/gcc/x86_64-w64-mingw32/11.2.0/../../../../x86_64-w64-mingw32/lib/../lib/libmingw32.a(lib64_libmingw32_a-wildcard.o)
 .text          0x0000000140001820       0x10 A:/00_SHIELD/00_ITI/00_Sources/03_GCC_Compiler/msys64/mingw64/bin/../lib/gcc/x86_64-w64-mingw32/11.2.0/../../../../x86_64-w64-mingw32/lib/../lib/libmingw32.a(lib64_libmingw32_a-dllargv.o)
                0x0000000140001820                _setargv
 .text          0x0000000140001830        0x0 A:/00_SHIELD/00_ITI/00_Sources/03_GCC_Compiler/msys64/mingw64/bin/../lib/gcc/x86_64-w64-mingw32/11.2.0/../../../../x86_64-w64-mingw32/lib/../lib/libmingw32.a(lib64_libmingw32_a-_newmode.o)
 .text          0x0000000140001830       0xd0 A:/00_SHIELD/00_ITI/00_Sources/03_GCC_Compiler/msys64/mingw64/bin/../lib/gcc/x86_64-w64-mingw32/11.2.0/../../../../x86_64-w64-mingw32/lib/../lib/libmingw32.a(lib64_libmingw32_a-tlssup.o)
                0x0000000140001860                __dyn_tls_init
                0x00000001400018f0                __tlregdtor
 .text          0x0000000140001900        0x0 A:/00_SHIELD/00_ITI/00_Sources/03_GCC_Compiler/msys64/mingw64/bin/../lib/gcc/x86_64-w64-mingw32/11.2.0/../../../../x86_64-w64-mingw32/lib/../lib/libmingw32.a(lib64_libmingw32_a-xncommod.o)
 .text          0x0000000140001900        0x0 A:/00_SHIELD/00_ITI/00_Sources/03_GCC_Compiler/msys64/mingw64/bin/../lib/gcc/x86_64-w64-mingw32/11.2.0/../../../../x86_64-w64-mingw32/lib/../lib/libmingw32.a(lib64_libmingw32_a-cinitexe.o)
 .text          0x0000000140001900      0x100 A:/00_SHIELD/00_ITI/00_Sources/03_GCC_Compiler/msys64/mingw64/bin/../lib/gcc/x86_64-w64-mingw32/11.2.0/../../../../x86_64-w64-mingw32/lib/../lib/libmingw32.a(lib64_libmingw32_a-merr.o)
                0x0000000140001900                _matherr
 .text          0x0000000140001a00       0x10 A:/00_SHIELD/00_ITI/00_Sources/03_GCC_Compiler/msys64/mingw64/bin/../lib/gcc/x86_64-w64-mingw32/11.2.0/../../../../x86_64-w64-mingw32/lib/../lib/libmingw32.a(lib64_libmingw32_a-CRT_fp10.o)
                0x0000000140001a00                fpreset
                0x0000000140001a00                _fpreset
 .text          0x0000000140001a10        0x0 A:/00_SHIELD/00_ITI/00_Sources/03_GCC_Compiler/msys64/mingw64/bin/../lib/gcc/x86_64-w64-mingw32/11.2.0/../../../../x86_64-w64-mingw32/lib/../lib/libmingw32.a(lib64_libmingw32_a-mingw_helpers.o)
 .text          0x0000000140001a10      0x520 A:/00_SHIELD/00_ITI/00_Sources/03_GCC_Compiler/msys64/mingw64/bin/../lib/gcc/x86_64-w64-mingw32/11.2.0/../../../../x86_64-w64-mingw32/lib/../lib/libmingw32.a(lib64_libmingw32_a-pseudo-reloc.o)
                0x0000000140001bf0                _pei386_runtime_relocator
 .text          0x0000000140001f30       0x60 A:/00_SHIELD/00_ITI/00_Sources/03_GCC_Compiler/msys64/mingw64/bin/../lib/gcc/x86_64-w64-mingw32/11.2.0/../../../../x86_64-w64-mingw32/lib/../lib/libmingw32.a(lib64_libmingw32_a-usermatherr.o)
                0x0000000140001f30                __mingw_raise_matherr
                0x0000000140001f80                __mingw_setusermatherr
 .text          0x0000000140001f90        0x0 A:/00_SHIELD/00_ITI/00_Sources/03_GCC_Compiler/msys64/mingw64/bin/../lib/gcc/x86_64-w64-mingw32/11.2.0/../../../../x86_64-w64-mingw32/lib/../lib/libmingw32.a(lib64_libmingw32_a-xtxtmode.o)
 .text          0x0000000140001f90      0x1c0 A:/00_SHIELD/00_ITI/00_Sources/03_GCC_Compiler/msys64/mingw64/bin/../lib/gcc/x86_64-w64-mingw32/11.2.0/../../../../x86_64-w64-mingw32/lib/../lib/libmingw32.a(lib64_libmingw32_a-crt_handler.o)
                0x0000000140001f90                _gnu_exception_handler
 .text          0x0000000140002150      0x290 A:/00_SHIELD/00_ITI/00_Sources/03_GCC_Compiler/msys64/mingw64/bin/../lib/gcc/x86_64-w64-mingw32/11.2.0/../../../../x86_64-w64-mingw32/lib/../lib/libmingw32.a(lib64_libmingw32_a-tlsthrd.o)
                0x00000001400021d0                ___w64_mingwthr_add_key_dtor
                0x0000000140002260                ___w64_mingwthr_remove_key_dtor
                0x00000001400022f0                __mingw_TLScallback
 .text          0x00000001400023e0        0x0 A:/00_SHIELD/00_ITI/00_Sources/03_GCC_Compiler/msys64/mingw64/bin/../lib/gcc/x86_64-w64-mingw32/11.2.0/../../../../x86_64-w64-mingw32/lib/../lib/libmingw32.a(lib64_libmingw32_a-tlsmcrt.o)
 .text          0x00000001400023e0        0x0 A:/00_SHIELD/00_ITI/00_Sources/03_GCC_Compiler/msys64/mingw64/bin/../lib/gcc/x86_64-w64-mingw32/11.2.0/../../../../x86_64-w64-mingw32/lib/../lib/libmingw32.a(lib64_libmingw32_a-pseudo-reloc-list.o)
 .text          0x00000001400023e0      0x3e0 A:/00_SHIELD/00_ITI/00_Sources/03_GCC_Compiler/msys64/mingw64/bin/../lib/gcc/x86_64-w64-mingw32/11.2.0/../../../../x86_64-w64-mingw32/lib/../lib/libmingw32.a(lib64_libmingw32_a-pesect.o)
                0x00000001400023e0                _ValidateImageBase
                0x0000000140002410                _FindPESection
                0x0000000140002460                _FindPESectionByName
                0x0000000140002500                __mingw_GetSectionForAddress
                0x0000000140002580                __mingw_GetSectionCount
                0x00000001400025c0                _FindPESectionExec
                0x0000000140002630                _GetPEImageBase
                0x0000000140002670                _IsNonwritableInCurrentImage
                0x0000000140002700                __mingw_enum_import_library_names
 .text          0x00000001400027c0       0x40 A:/00_SHIELD/00_ITI/00_Sources/03_GCC_Compiler/msys64/mingw64/bin/../lib/gcc/x86_64-w64-mingw32/11.2.0/libgcc.a(_chkstk_ms.o)
                0x00000001400027c0                ___chkstk_ms
 .text          0x0000000140002800        0x0 A:/00_SHIELD/00_ITI/00_Sources/03_GCC_Compiler/msys64/mingw64/bin/../lib/gcc/x86_64-w64-mingw32/11.2.0/libgcc.a(_ctors.o)
 .text          0x0000000140002800        0x0 A:/00_SHIELD/00_ITI/00_Sources/03_GCC_Compiler/msys64/mingw64/bin/../lib/gcc/x86_64-w64-mingw32/11.2.0/../../../../x86_64-w64-mingw32/lib/../lib/libmingwex.a(lib64_libmingwex_a-mingw_matherr.o)
 .text          0x0000000140002800       0x50 A:/00_SHIELD/00_ITI/00_Sources/03_GCC_Compiler/msys64/mingw64/bin/../lib/gcc/x86_64-w64-mingw32/11.2.0/../../../../x86_64-w64-mingw32/lib/../lib/libmingwex.a(lib64_libmingwex_a-mingw_vfprintf.o)
                0x0000000140002800                __mingw_vfprintf
 .text          0x0000000140002850     0x3ca0 A:/00_SHIELD/00_ITI/00_Sources/03_GCC_Compiler/msys64/mingw64/bin/../lib/gcc/x86_64-w64-mingw32/11.2.0/../../../../x86_64-w64-mingw32/lib/../lib/libmingwex.a(lib64_libmingwex_a-mingw_vfscanf.o)
                0x0000000140006460                __mingw_vfscanf
                0x00000001400064a0                __mingw_vsscanf
 .text          0x00000001400064f0       0xa0 A:/00_SHIELD/00_ITI/00_Sources/03_GCC_Compiler/msys64/mingw64/bin/../lib/gcc/x86_64-w64-mingw32/11.2.0/../../../../x86_64-w64-mingw32/lib/../lib/libmingwex.a(lib64_libmingwex_a-strtof.o)
                0x00000001400064f0                __strtof
                0x00000001400064f0                __mingw_strtof
 .text          0x0000000140006590       0xb0 A:/00_SHIELD/00_ITI/00_Sources/03_GCC_Compiler/msys64/mingw64/bin/../lib/gcc/x86_64-w64-mingw32/11.2.0/../../../../x86_64-w64-mingw32/lib/../lib/libmingwex.a(lib64_libmingwex_a-strtopx.o)
                0x0000000140006590                __strtold
                0x0000000140006590                __mingw_strtold
                0x0000000140006590                strtold
 .text          0x0000000140006640      0x270 A:/00_SHIELD/00_ITI/00_Sources/03_GCC_Compiler/msys64/mingw64/bin/../lib/gcc/x86_64-w64-mingw32/11.2.0/../../../../x86_64-w64-mingw32/lib/../lib/libmingwex.a(lib64_libmingwex_a-strtoimax.o)
                0x0000000140006640                strtoll
                0x0000000140006640                strtoimax
 .text          0x00000001400068b0      0x240 A:/00_SHIELD/00_ITI/00_Sources/03_GCC_Compiler/msys64/mingw64/bin/../lib/gcc/x86_64-w64-mingw32/11.2.0/../../../../x86_64-w64-mingw32/lib/../lib/libmingwex.a(lib64_libmingwex_a-strtoumax.o)
                0x00000001400068b0                strtoull
                0x00000001400068b0                strtoumax
 .text          0x0000000140006af0     0x25e0 A:/00_SHIELD/00_ITI/00_Sources/03_GCC_Compiler/msys64/mingw64/bin/../lib/gcc/x86_64-w64-mingw32/11.2.0/../../../../x86_64-w64-mingw32/lib/../lib/libmingwex.a(lib64_libmingwex_a-mingw_pformat.o)
                0x0000000140008590                __mingw_pformat
 .text          0x00000001400090d0      0x250 A:/00_SHIELD/00_ITI/00_Sources/03_GCC_Compiler/msys64/mingw64/bin/../lib/gcc/x86_64-w64-mingw32/11.2.0/../../../../x86_64-w64-mingw32/lib/../lib/libmingwex.a(lib64_libmingwex_a-dmisc.o)
                0x00000001400090d0                __rv_alloc_D2A
                0x0000000140009110                __nrv_alloc_D2A
                0x0000000140009190                __freedtoa
                0x00000001400091b0                __quorem_D2A
 .text          0x0000000140009320     0x16e0 A:/00_SHIELD/00_ITI/00_Sources/03_GCC_Compiler/msys64/mingw64/bin/../lib/gcc/x86_64-w64-mingw32/11.2.0/../../../../x86_64-w64-mingw32/lib/../lib/libmingwex.a(lib64_libmingwex_a-gdtoa.o)
                0x0000000140009320                __gdtoa
 .text          0x000000014000aa00      0x150 A:/00_SHIELD/00_ITI/00_Sources/03_GCC_Compiler/msys64/mingw64/bin/../lib/gcc/x86_64-w64-mingw32/11.2.0/../../../../x86_64-w64-mingw32/lib/../lib/libmingwex.a(lib64_libmingwex_a-gmisc.o)
                0x000000014000aa00                __rshift_D2A
                0x000000014000ab00                __trailz_D2A
 .text          0x000000014000ab50      0xd00 A:/00_SHIELD/00_ITI/00_Sources/03_GCC_Compiler/msys64/mingw64/bin/../lib/gcc/x86_64-w64-mingw32/11.2.0/../../../../x86_64-w64-mingw32/lib/../lib/libmingwex.a(lib64_libmingwex_a-misc.o)
                0x000000014000ac80                __Balloc_D2A
                0x000000014000ad80                __Bfree_D2A
                0x000000014000adf0                __multadd_D2A
                0x000000014000aea0                __i2b_D2A
                0x000000014000af60                __mult_D2A
                0x000000014000b0c0                __pow5mult_D2A
                0x000000014000b2d0                __lshift_D2A
                0x000000014000b3e0                __cmp_D2A
                0x000000014000b430                __diff_D2A
                0x000000014000b600                __b2d_D2A
                0x000000014000b710                __d2b_D2A
                0x000000014000b820                __strcp_D2A
 .text          0x000000014000b850     0x2130 A:/00_SHIELD/00_ITI/00_Sources/03_GCC_Compiler/msys64/mingw64/bin/../lib/gcc/x86_64-w64-mingw32/11.2.0/../../../../x86_64-w64-mingw32/lib/../lib/libmingwex.a(lib64_libmingwex_a-strtodg.o)
                0x000000014000b850                __increment_D2A
                0x000000014000bcd0                __decrement_D2A
                0x000000014000bd00                __set_ones_D2A
                0x000000014000be10                __strtodg
 .text          0x000000014000d980      0x190 A:/00_SHIELD/00_ITI/00_Sources/03_GCC_Compiler/msys64/mingw64/bin/../lib/gcc/x86_64-w64-mingw32/11.2.0/../../../../x86_64-w64-mingw32/lib/../lib/libmingwex.a(lib64_libmingwex_a-sum.o)
                0x000000014000d980                __sum_D2A
 .text          0x000000014000db10       0x30 A:/00_SHIELD/00_ITI/00_Sources/03_GCC_Compiler/msys64/mingw64/bin/../lib/gcc/x86_64-w64-mingw32/11.2.0/../../../../x86_64-w64-mingw32/lib/../lib/libmingwex.a(lib64_libmingwex_a-strnlen.o)
                0x000000014000db10                strnlen
 .text          0x000000014000db40       0x30 A:/00_SHIELD/00_ITI/00_Sources/03_GCC_Compiler/msys64/mingw64/bin/../lib/gcc/x86_64-w64-mingw32/11.2.0/../../../../x86_64-w64-mingw32/lib/../lib/libmingwex.a(lib64_libmingwex_a-wcsnlen.o)
                0x000000014000db40                wcsnlen
 .text          0x000000014000db70      0x930 A:/00_SHIELD/00_ITI/00_Sources/03_GCC_Compiler/msys64/mingw64/bin/../lib/gcc/x86_64-w64-mingw32/11.2.0/../../../../x86_64-w64-mingw32/lib/../lib/libmingwex.a(lib64_libmingwex_a-gethex.o)
                0x000000014000db70                __gethex_D2A
 .text          0x000000014000e4a0       0xa0 A:/00_SHIELD/00_ITI/00_Sources/03_GCC_Compiler/msys64/mingw64/bin/../lib/gcc/x86_64-w64-mingw32/11.2.0/../../../../x86_64-w64-mingw32/lib/../lib/libmingwex.a(lib64_libmingwex_a-hd_init.o)
                0x000000014000e4a0                __mingw_hexdig_init_D2A
 .text          0x000000014000e540      0x400 A:/00_SHIELD/00_ITI/00_Sources/03_GCC_Compiler/msys64/mingw64/bin/../lib/gcc/x86_64-w64-mingw32/11.2.0/../../../../x86_64-w64-mingw32/lib/../lib/libmingwex.a(lib64_libmingwex_a-hexnan.o)
                0x000000014000e540                __hexnan_D2A
 .text          0x000000014000e940      0x2d0 A:/00_SHIELD/00_ITI/00_Sources/03_GCC_Compiler/msys64/mingw64/bin/../lib/gcc/x86_64-w64-mingw32/11.2.0/../../../../x86_64-w64-mingw32/lib/../lib/libmingwex.a(lib64_libmingwex_a-smisc.o)
                0x000000014000e940                __s2b_D2A
                0x000000014000ea30                __ratio_D2A
                0x000000014000ead0                __match_D2A
                0x000000014000eb20                __copybits_D2A
                0x000000014000eb90                __any_on_D2A
 .text          0x000000014000ec10       0x10 A:/00_SHIELD/00_ITI/00_Sources/03_GCC_Compiler/msys64/mingw64/bin/../lib/gcc/x86_64-w64-mingw32/11.2.0/../../../../x86_64-w64-mingw32/lib/../lib/libmsvcrt.a(lib64_libmsvcrt_extra_a-__p__fmode.o)
                0x000000014000ec10                __p__fmode
 .text          0x000000014000ec20       0x10 A:/00_SHIELD/00_ITI/00_Sources/03_GCC_Compiler/msys64/mingw64/bin/../lib/gcc/x86_64-w64-mingw32/11.2.0/../../../../x86_64-w64-mingw32/lib/../lib/libmsvcrt.a(lib64_libmsvcrt_extra_a-__p__commode.o)
                0x000000014000ec20                __p__commode
 .text          0x000000014000ec30       0x10 A:/00_SHIELD/00_ITI/00_Sources/03_GCC_Compiler/msys64/mingw64/bin/../lib/gcc/x86_64-w64-mingw32/11.2.0/../../../../x86_64-w64-mingw32/lib/../lib/libmsvcrt.a(lib64_libmsvcrt_extra_a-__p__acmdln.o)
                0x000000014000ec30                __p__acmdln
 .text          0x000000014000ec40       0xd0 A:/00_SHIELD/00_ITI/00_Sources/03_GCC_Compiler/msys64/mingw64/bin/../lib/gcc/x86_64-w64-mingw32/11.2.0/../../../../x86_64-w64-mingw32/lib/../lib/libmsvcrt.a(lib64_libmsvcrt_extra_a-mingw_lock.o)
                0x000000014000ec40                _lock_file
                0x000000014000ecb0                _unlock_file
 .text          0x000000014000ed10       0x20 A:/00_SHIELD/00_ITI/00_Sources/03_GCC_Compiler/msys64/mingw64/bin/../lib/gcc/x86_64-w64-mingw32/11.2.0/../../../../x86_64-w64-mingw32/lib/../lib/libmsvcrt.a(lib64_libmsvcrt_extra_a-invalid_parameter_handler.o)
                0x000000014000ed10                _get_invalid_parameter_handler
                0x000000014000ed20                _set_invalid_parameter_handler
 .text          0x000000014000ed30       0x20 A:/00_SHIELD/00_ITI/00_Sources/03_GCC_Compiler/msys64/mingw64/bin/../lib/gcc/x86_64-w64-mingw32/11.2.0/../../../../x86_64-w64-mingw32/lib/../lib/libmsvcrt.a(lib64_libmsvcrt_common_a-acrt_iob_func.o)
                0x000000014000ed30                __acrt_iob_func
 .text          0x000000014000ed50      0x1e0 A:/00_SHIELD/00_ITI/00_Sources/03_GCC_Compiler/msys64/mingw64/bin/../lib/gcc/x86_64-w64-mingw32/11.2.0/../../../../x86_64-w64-mingw32/lib/../lib/libmsvcrt.a(lib64_libmsvcrt_common_a-wcrtomb.o)
                0x000000014000ede0                wcrtomb
                0x000000014000ee30                wcsrtombs
 .text          0x000000014000ef30      0x360 A:/00_SHIELD/00_ITI/00_Sources/03_GCC_Compiler/msys64/mingw64/bin/../lib/gcc/x86_64-w64-mingw32/11.2.0/../../../../x86_64-w64-mingw32/lib/../lib/libmsvcrt.a(lib64_libmsvcrt_common_a-mbrtowc.o)
                0x000000014000f0b0                mbrtowc
                0x000000014000f120                mbsrtowcs
                0x000000014000f230                mbrlen
 .text          0x000000014000f290        0x8 A:/00_SHIELD/00_ITI/00_Sources/03_GCC_Compiler/msys64/mingw64/bin/../lib/gcc/x86_64-w64-mingw32/11.2.0/../../../../x86_64-w64-mingw32/lib/../lib/libmsvcrt.a(libmsvcrt_defs00055.o)
                0x000000014000f290                __C_specific_handler
 .text          0x000000014000f298        0x8 A:/00_SHIELD/00_ITI/00_Sources/03_GCC_Compiler/msys64/mingw64/bin/../lib/gcc/x86_64-w64-mingw32/11.2.0/../../../../x86_64-w64-mingw32/lib/../lib/libmsvcrt.a(libmsvcrt_defs00063.o)
                0x000000014000f298                ___lc_codepage_func
 .text          0x000000014000f2a0        0x8 A:/00_SHIELD/00_ITI/00_Sources/03_GCC_Compiler/msys64/mingw64/bin/../lib/gcc/x86_64-w64-mingw32/11.2.0/../../../../x86_64-w64-mingw32/lib/../lib/libmsvcrt.a(libmsvcrt_defs00066.o)
                0x000000014000f2a0                ___mb_cur_max_func
 .text          0x000000014000f2a8        0x8 A:/00_SHIELD/00_ITI/00_Sources/03_GCC_Compiler/msys64/mingw64/bin/../lib/gcc/x86_64-w64-mingw32/11.2.0/../../../../x86_64-w64-mingw32/lib/../lib/libmsvcrt.a(libmsvcrt_defs00081.o)
                0x000000014000f2a8                __getmainargs
 .text          0x000000014000f2b0        0x0 A:/00_SHIELD/00_ITI/00_Sources/03_GCC_Compiler/msys64/mingw64/bin/../lib/gcc/x86_64-w64-mingw32/11.2.0/../../../../x86_64-w64-mingw32/lib/../lib/libmsvcrt.a(libmsvcrt_defs00082.o)
 .text          0x000000014000f2b0        0x8 A:/00_SHIELD/00_ITI/00_Sources/03_GCC_Compiler/msys64/mingw64/bin/../lib/gcc/x86_64-w64-mingw32/11.2.0/../../../../x86_64-w64-mingw32/lib/../lib/libmsvcrt.a(libmsvcrt_defs00083.o)
                0x000000014000f2b0                __iob_func
 .text          0x000000014000f2b8        0x8 A:/00_SHIELD/00_ITI/00_Sources/03_GCC_Compiler/msys64/mingw64/bin/../lib/gcc/x86_64-w64-mingw32/11.2.0/../../../../x86_64-w64-mingw32/lib/../lib/libmsvcrt.a(libmsvcrt_defs00097.o)
                0x000000014000f2b8                __set_app_type
 .text          0x000000014000f2c0        0x8 A:/00_SHIELD/00_ITI/00_Sources/03_GCC_Compiler/msys64/mingw64/bin/../lib/gcc/x86_64-w64-mingw32/11.2.0/../../../../x86_64-w64-mingw32/lib/../lib/libmsvcrt.a(libmsvcrt_defs00099.o)
                0x000000014000f2c0                __setusermatherr
 .text          0x000000014000f2c8        0x0 A:/00_SHIELD/00_ITI/00_Sources/03_GCC_Compiler/msys64/mingw64/bin/../lib/gcc/x86_64-w64-mingw32/11.2.0/../../../../x86_64-w64-mingw32/lib/../lib/libmsvcrt.a(libmsvcrt_defs00116.o)
 .text          0x000000014000f2c8        0x8 A:/00_SHIELD/00_ITI/00_Sources/03_GCC_Compiler/msys64/mingw64/bin/../lib/gcc/x86_64-w64-mingw32/11.2.0/../../../../x86_64-w64-mingw32/lib/../lib/libmsvcrt.a(libmsvcrt_defs00123.o)
                0x000000014000f2c8                _amsg_exit
 .text          0x000000014000f2d0        0x8 A:/00_SHIELD/00_ITI/00_Sources/03_GCC_Compiler/msys64/mingw64/bin/../lib/gcc/x86_64-w64-mingw32/11.2.0/../../../../x86_64-w64-mingw32/lib/../lib/libmsvcrt.a(libmsvcrt_defs00141.o)
                0x000000014000f2d0                _cexit
 .text          0x000000014000f2d8        0x0 A:/00_SHIELD/00_ITI/00_Sources/03_GCC_Compiler/msys64/mingw64/bin/../lib/gcc/x86_64-w64-mingw32/11.2.0/../../../../x86_64-w64-mingw32/lib/../lib/libmsvcrt.a(libmsvcrt_defs00157.o)
 .text          0x000000014000f2d8        0x8 A:/00_SHIELD/00_ITI/00_Sources/03_GCC_Compiler/msys64/mingw64/bin/../lib/gcc/x86_64-w64-mingw32/11.2.0/../../../../x86_64-w64-mingw32/lib/../lib/libmsvcrt.a(libmsvcrt_defs00204.o)
                0x000000014000f2d8                _errno
 .text          0x000000014000f2e0        0x0 A:/00_SHIELD/00_ITI/00_Sources/03_GCC_Compiler/msys64/mingw64/bin/../lib/gcc/x86_64-w64-mingw32/11.2.0/../../../../x86_64-w64-mingw32/lib/../lib/libmsvcrt.a(libmsvcrt_defs00254.o)
 .text          0x000000014000f2e0        0x8 A:/00_SHIELD/00_ITI/00_Sources/03_GCC_Compiler/msys64/mingw64/bin/../lib/gcc/x86_64-w64-mingw32/11.2.0/../../../../x86_64-w64-mingw32/lib/../lib/libmsvcrt.a(libmsvcrt_defs00332.o)
                0x000000014000f2e0                _initterm
 .text          0x000000014000f2e8        0x8 A:/00_SHIELD/00_ITI/00_Sources/03_GCC_Compiler/msys64/mingw64/bin/../lib/gcc/x86_64-w64-mingw32/11.2.0/../../../../x86_64-w64-mingw32/lib/../lib/libmsvcrt.a(libmsvcrt_defs00442.o)
                0x000000014000f2e8                _lock
 .text          0x000000014000f2f0        0x8 A:/00_SHIELD/00_ITI/00_Sources/03_GCC_Compiler/msys64/mingw64/bin/../lib/gcc/x86_64-w64-mingw32/11.2.0/../../../../x86_64-w64-mingw32/lib/../lib/libmsvcrt.a(libmsvcrt_defs00614.o)
                0x000000014000f2f0                _onexit
 .text          0x000000014000f2f8        0x8 A:/00_SHIELD/00_ITI/00_Sources/03_GCC_Compiler/msys64/mingw64/bin/../lib/gcc/x86_64-w64-mingw32/11.2.0/../../../../x86_64-w64-mingw32/lib/../lib/libmsvcrt.a(libmsvcrt_defs00823.o)
                0x000000014000f2f8                _unlock
 .text          0x000000014000f300        0x8 A:/00_SHIELD/00_ITI/00_Sources/03_GCC_Compiler/msys64/mingw64/bin/../lib/gcc/x86_64-w64-mingw32/11.2.0/../../../../x86_64-w64-mingw32/lib/../lib/libmsvcrt.a(libmsvcrt_defs01038.o)
                0x000000014000f300                abort
 .text          0x000000014000f308        0x8 A:/00_SHIELD/00_ITI/00_Sources/03_GCC_Compiler/msys64/mingw64/bin/../lib/gcc/x86_64-w64-mingw32/11.2.0/../../../../x86_64-w64-mingw32/lib/../lib/libmsvcrt.a(libmsvcrt_defs01056.o)
                0x000000014000f308                calloc
 .text          0x000000014000f310        0x8 A:/00_SHIELD/00_ITI/00_Sources/03_GCC_Compiler/msys64/mingw64/bin/../lib/gcc/x86_64-w64-mingw32/11.2.0/../../../../x86_64-w64-mingw32/lib/../lib/libmsvcrt.a(libmsvcrt_defs01069.o)
                0x000000014000f310                exit
 .text          0x000000014000f318        0x8 A:/00_SHIELD/00_ITI/00_Sources/03_GCC_Compiler/msys64/mingw64/bin/../lib/gcc/x86_64-w64-mingw32/11.2.0/../../../../x86_64-w64-mingw32/lib/../lib/libmsvcrt.a(libmsvcrt_defs01090.o)
                0x000000014000f318                fprintf
 .text          0x000000014000f320        0x8 A:/00_SHIELD/00_ITI/00_Sources/03_GCC_Compiler/msys64/mingw64/bin/../lib/gcc/x86_64-w64-mingw32/11.2.0/../../../../x86_64-w64-mingw32/lib/../lib/libmsvcrt.a(libmsvcrt_defs01092.o)
                0x000000014000f320                fputc
 .text          0x000000014000f328        0x8 A:/00_SHIELD/00_ITI/00_Sources/03_GCC_Compiler/msys64/mingw64/bin/../lib/gcc/x86_64-w64-mingw32/11.2.0/../../../../x86_64-w64-mingw32/lib/../lib/libmsvcrt.a(libmsvcrt_defs01097.o)
                0x000000014000f328                free
 .text          0x000000014000f330        0x8 A:/00_SHIELD/00_ITI/00_Sources/03_GCC_Compiler/msys64/mingw64/bin/../lib/gcc/x86_64-w64-mingw32/11.2.0/../../../../x86_64-w64-mingw32/lib/../lib/libmsvcrt.a(libmsvcrt_defs01110.o)
                0x000000014000f330                fwrite
 .text          0x000000014000f338        0x8 A:/00_SHIELD/00_ITI/00_Sources/03_GCC_Compiler/msys64/mingw64/bin/../lib/gcc/x86_64-w64-mingw32/11.2.0/../../../../x86_64-w64-mingw32/lib/../lib/libmsvcrt.a(libmsvcrt_defs01113.o)
                0x000000014000f338                getc
 .text          0x000000014000f340        0x8 A:/00_SHIELD/00_ITI/00_Sources/03_GCC_Compiler/msys64/mingw64/bin/../lib/gcc/x86_64-w64-mingw32/11.2.0/../../../../x86_64-w64-mingw32/lib/../lib/libmsvcrt.a(libmsvcrt_defs01128.o)
                0x000000014000f340                islower
 .text          0x000000014000f348        0x8 A:/00_SHIELD/00_ITI/00_Sources/03_GCC_Compiler/msys64/mingw64/bin/../lib/gcc/x86_64-w64-mingw32/11.2.0/../../../../x86_64-w64-mingw32/lib/../lib/libmsvcrt.a(libmsvcrt_defs01131.o)
                0x000000014000f348                isspace
 .text          0x000000014000f350        0x8 A:/00_SHIELD/00_ITI/00_Sources/03_GCC_Compiler/msys64/mingw64/bin/../lib/gcc/x86_64-w64-mingw32/11.2.0/../../../../x86_64-w64-mingw32/lib/../lib/libmsvcrt.a(libmsvcrt_defs01132.o)
                0x000000014000f350                isupper
 .text          0x000000014000f358        0x8 A:/00_SHIELD/00_ITI/00_Sources/03_GCC_Compiler/msys64/mingw64/bin/../lib/gcc/x86_64-w64-mingw32/11.2.0/../../../../x86_64-w64-mingw32/lib/../lib/libmsvcrt.a(libmsvcrt_defs01146.o)
                0x000000014000f358                isxdigit
 .text          0x000000014000f360        0x8 A:/00_SHIELD/00_ITI/00_Sources/03_GCC_Compiler/msys64/mingw64/bin/../lib/gcc/x86_64-w64-mingw32/11.2.0/../../../../x86_64-w64-mingw32/lib/../lib/libmsvcrt.a(libmsvcrt_defs01151.o)
                0x000000014000f360                localeconv
 .text          0x000000014000f368        0x8 A:/00_SHIELD/00_ITI/00_Sources/03_GCC_Compiler/msys64/mingw64/bin/../lib/gcc/x86_64-w64-mingw32/11.2.0/../../../../x86_64-w64-mingw32/lib/../lib/libmsvcrt.a(libmsvcrt_defs01158.o)
                0x000000014000f368                malloc
 .text          0x000000014000f370        0x8 A:/00_SHIELD/00_ITI/00_Sources/03_GCC_Compiler/msys64/mingw64/bin/../lib/gcc/x86_64-w64-mingw32/11.2.0/../../../../x86_64-w64-mingw32/lib/../lib/libmsvcrt.a(libmsvcrt_defs01166.o)
                0x000000014000f370                memcpy
 .text          0x000000014000f378        0x8 A:/00_SHIELD/00_ITI/00_Sources/03_GCC_Compiler/msys64/mingw64/bin/../lib/gcc/x86_64-w64-mingw32/11.2.0/../../../../x86_64-w64-mingw32/lib/../lib/libmsvcrt.a(libmsvcrt_defs01168.o)
                0x000000014000f378                memset
 .text          0x000000014000f380        0x8 A:/00_SHIELD/00_ITI/00_Sources/03_GCC_Compiler/msys64/mingw64/bin/../lib/gcc/x86_64-w64-mingw32/11.2.0/../../../../x86_64-w64-mingw32/lib/../lib/libmsvcrt.a(libmsvcrt_defs01186.o)
                0x000000014000f380                realloc
 .text          0x000000014000f388        0x8 A:/00_SHIELD/00_ITI/00_Sources/03_GCC_Compiler/msys64/mingw64/bin/../lib/gcc/x86_64-w64-mingw32/11.2.0/../../../../x86_64-w64-mingw32/lib/../lib/libmsvcrt.a(libmsvcrt_defs01198.o)
                0x000000014000f388                signal
 .text          0x000000014000f390        0x8 A:/00_SHIELD/00_ITI/00_Sources/03_GCC_Compiler/msys64/mingw64/bin/../lib/gcc/x86_64-w64-mingw32/11.2.0/../../../../x86_64-w64-mingw32/lib/../lib/libmsvcrt.a(libmsvcrt_defs01219.o)
                0x000000014000f390                strerror
 .text          0x000000014000f398        0x8 A:/00_SHIELD/00_ITI/00_Sources/03_GCC_Compiler/msys64/mingw64/bin/../lib/gcc/x86_64-w64-mingw32/11.2.0/../../../../x86_64-w64-mingw32/lib/../lib/libmsvcrt.a(libmsvcrt_defs01221.o)
                0x000000014000f398                strlen
 .text          0x000000014000f3a0        0x8 A:/00_SHIELD/00_ITI/00_Sources/03_GCC_Compiler/msys64/mingw64/bin/../lib/gcc/x86_64-w64-mingw32/11.2.0/../../../../x86_64-w64-mingw32/lib/../lib/libmsvcrt.a(libmsvcrt_defs01224.o)
                0x000000014000f3a0                strncmp
 .text          0x000000014000f3a8        0x8 A:/00_SHIELD/00_ITI/00_Sources/03_GCC_Compiler/msys64/mingw64/bin/../lib/gcc/x86_64-w64-mingw32/11.2.0/../../../../x86_64-w64-mingw32/lib/../lib/libmsvcrt.a(libmsvcrt_defs01235.o)
                0x000000014000f3a8                strtol
 .text          0x000000014000f3b0        0x8 A:/00_SHIELD/00_ITI/00_Sources/03_GCC_Compiler/msys64/mingw64/bin/../lib/gcc/x86_64-w64-mingw32/11.2.0/../../../../x86_64-w64-mingw32/lib/../lib/libmsvcrt.a(libmsvcrt_defs01236.o)
                0x000000014000f3b0                strtoul
 .text          0x000000014000f3b8        0x8 A:/00_SHIELD/00_ITI/00_Sources/03_GCC_Compiler/msys64/mingw64/bin/../lib/gcc/x86_64-w64-mingw32/11.2.0/../../../../x86_64-w64-mingw32/lib/../lib/libmsvcrt.a(libmsvcrt_defs01252.o)
                0x000000014000f3b8                tolower
 .text          0x000000014000f3c0        0x8 A:/00_SHIELD/00_ITI/00_Sources/03_GCC_Compiler/msys64/mingw64/bin/../lib/gcc/x86_64-w64-mingw32/11.2.0/../../../../x86_64-w64-mingw32/lib/../lib/libmsvcrt.a(libmsvcrt_defs01258.o)
                0x000000014000f3c0                ungetc
 .text          0x000000014000f3c8        0x8 A:/00_SHIELD/00_ITI/00_Sources/03_GCC_Compiler/msys64/mingw64/bin/../lib/gcc/x86_64-w64-mingw32/11.2.0/../../../../x86_64-w64-mingw32/lib/../lib/libmsvcrt.a(libmsvcrt_defs01259.o)
                0x000000014000f3c8                vfprintf
 .text          0x000000014000f3d0        0x8 A:/00_SHIELD/00_ITI/00_Sources/03_GCC_Compiler/msys64/mingw64/bin/../lib/gcc/x86_64-w64-mingw32/11.2.0/../../../../x86_64-w64-mingw32/lib/../lib/libmsvcrt.a(libmsvcrt_defs01285.o)
                0x000000014000f3d0                wcslen
 *fill*         0x000000014000f3d8        0x8 
 .text          0x000000014000f3e0        0x0 A:/00_SHIELD/00_ITI/00_Sources/03_GCC_Compiler/msys64/mingw64/bin/../lib/gcc/x86_64-w64-mingw32/11.2.0/../../../../x86_64-w64-mingw32/lib/../lib/libmsvcrt.a(libmsvcrt_defh.o)
 .text          0x000000014000f3e0        0x0 A:/00_SHIELD/00_ITI/00_Sources/03_GCC_Compiler/msys64/mingw64/bin/../lib/gcc/x86_64-w64-mingw32/11.2.0/../../../../x86_64-w64-mingw32/lib/../lib/libmsvcrt.a(libmsvcrt_deft.o)
 .text          0x000000014000f3e0        0x8 A:/00_SHIELD/00_ITI/00_Sources/03_GCC_Compiler/msys64/mingw64/bin/../lib/gcc/x86_64-w64-mingw32/11.2.0/../../../../x86_64-w64-mingw32/lib/../lib/libkernel32.a(libkernel32s01546.o)
                0x000000014000f3e0                WideCharToMultiByte
 .text          0x000000014000f3e8        0x8 A:/00_SHIELD/00_ITI/00_Sources/03_GCC_Compiler/msys64/mingw64/bin/../lib/gcc/x86_64-w64-mingw32/11.2.0/../../../../x86_64-w64-mingw32/lib/../lib/libkernel32.a(libkernel32s01493.o)
                0x000000014000f3e8                VirtualQuery
 .text          0x000000014000f3f0        0x8 A:/00_SHIELD/00_ITI/00_Sources/03_GCC_Compiler/msys64/mingw64/bin/../lib/gcc/x86_64-w64-mingw32/11.2.0/../../../../x86_64-w64-mingw32/lib/../lib/libkernel32.a(libkernel32s01491.o)
                0x000000014000f3f0                VirtualProtect
 .text          0x000000014000f3f8        0x8 A:/00_SHIELD/00_ITI/00_Sources/03_GCC_Compiler/msys64/mingw64/bin/../lib/gcc/x86_64-w64-mingw32/11.2.0/../../../../x86_64-w64-mingw32/lib/../lib/libkernel32.a(libkernel32s01444.o)
                0x000000014000f3f8                TlsGetValue
 .text          0x000000014000f400        0x8 A:/00_SHIELD/00_ITI/00_Sources/03_GCC_Compiler/msys64/mingw64/bin/../lib/gcc/x86_64-w64-mingw32/11.2.0/../../../../x86_64-w64-mingw32/lib/../lib/libkernel32.a(libkernel32s01409.o)
                0x000000014000f400                Sleep
 .text          0x000000014000f408        0x8 A:/00_SHIELD/00_ITI/00_Sources/03_GCC_Compiler/msys64/mingw64/bin/../lib/gcc/x86_64-w64-mingw32/11.2.0/../../../../x86_64-w64-mingw32/lib/../lib/libkernel32.a(libkernel32s01393.o)
                0x000000014000f408                SetUnhandledExceptionFilter
 .text          0x000000014000f410        0x8 A:/00_SHIELD/00_ITI/00_Sources/03_GCC_Compiler/msys64/mingw64/bin/../lib/gcc/x86_64-w64-mingw32/11.2.0/../../../../x86_64-w64-mingw32/lib/../lib/libkernel32.a(libkernel32s01035.o)
                0x000000014000f410                MultiByteToWideChar
 .text          0x000000014000f418        0x8 A:/00_SHIELD/00_ITI/00_Sources/03_GCC_Compiler/msys64/mingw64/bin/../lib/gcc/x86_64-w64-mingw32/11.2.0/../../../../x86_64-w64-mingw32/lib/../lib/libkernel32.a(libkernel32s00983.o)
                0x000000014000f418                LeaveCriticalSection
 .text          0x000000014000f420        0x8 A:/00_SHIELD/00_ITI/00_Sources/03_GCC_Compiler/msys64/mingw64/bin/../lib/gcc/x86_64-w64-mingw32/11.2.0/../../../../x86_64-w64-mingw32/lib/../lib/libkernel32.a(libkernel32s00918.o)
                0x000000014000f420                IsDBCSLeadByteEx
 .text          0x000000014000f428        0x8 A:/00_SHIELD/00_ITI/00_Sources/03_GCC_Compiler/msys64/mingw64/bin/../lib/gcc/x86_64-w64-mingw32/11.2.0/../../../../x86_64-w64-mingw32/lib/../lib/libkernel32.a(libkernel32s00891.o)
                0x000000014000f428                InitializeCriticalSection
 .text          0x000000014000f430        0x8 A:/00_SHIELD/00_ITI/00_Sources/03_GCC_Compiler/msys64/mingw64/bin/../lib/gcc/x86_64-w64-mingw32/11.2.0/../../../../x86_64-w64-mingw32/lib/../lib/libkernel32.a(libkernel32s00742.o)
                0x000000014000f430                GetStartupInfoA
 .text          0x000000014000f438        0x8 A:/00_SHIELD/00_ITI/00_Sources/03_GCC_Compiler/msys64/mingw64/bin/../lib/gcc/x86_64-w64-mingw32/11.2.0/../../../../x86_64-w64-mingw32/lib/../lib/libkernel32.a(libkernel32s00629.o)
                0x000000014000f438                GetLastError
 .text          0x000000014000f440        0x8 A:/00_SHIELD/00_ITI/00_Sources/03_GCC_Compiler/msys64/mingw64/bin/../lib/gcc/x86_64-w64-mingw32/11.2.0/../../../../x86_64-w64-mingw32/lib/../lib/libkernel32.a(libkernel32s00318.o)
                0x000000014000f440                EnterCriticalSection
 .text          0x000000014000f448        0x8 A:/00_SHIELD/00_ITI/00_Sources/03_GCC_Compiler/msys64/mingw64/bin/../lib/gcc/x86_64-w64-mingw32/11.2.0/../../../../x86_64-w64-mingw32/lib/../lib/libkernel32.a(libkernel32s00282.o)
                0x000000014000f448                DeleteCriticalSection
 .text          0x000000014000f450        0x0 A:/00_SHIELD/00_ITI/00_Sources/03_GCC_Compiler/msys64/mingw64/bin/../lib/gcc/x86_64-w64-mingw32/11.2.0/../../../../x86_64-w64-mingw32/lib/../lib/libkernel32.a(libkernel32h.o)
 .text          0x000000014000f450        0x0 A:/00_SHIELD/00_ITI/00_Sources/03_GCC_Compiler/msys64/mingw64/bin/../lib/gcc/x86_64-w64-mingw32/11.2.0/../../../../x86_64-w64-mingw32/lib/../lib/libkernel32.a(libkernel32t.o)
 .text          0x000000014000f450        0x0 A:/00_SHIELD/00_ITI/00_Sources/03_GCC_Compiler/msys64/mingw64/bin/../lib/gcc/x86_64-w64-mingw32/11.2.0/crtend.o
 *(SORT_BY_NAME(.text$*))
 *(.text.*)
 .text.startup  0x000000014000f450       0x10 A:/00_SHIELD/00_ITI/00_Sources/03_GCC_Compiler/msys64/mingw64/bin/../lib/gcc/x86_64-w64-mingw32/11.2.0/crtend.o
 *(.gnu.linkonce.t.*)
 *(.glue_7t)
 *(.glue_7)
                0x000000014000f460                . = ALIGN (0x8)
                0x000000014000f460                ___CTOR_LIST__ = .
                0x000000014000f460                __CTOR_LIST__ = .
                0x000000014000f460        0x4 LONG 0xffffffffffffffff
                0x000000014000f464        0x4 LONG 0xffffffffffffffff
 *(.ctors)
 *(.ctor)
 *(SORT_BY_NAME(.ctors.*))
 .ctors.65535   0x000000014000f468        0x8 A:/00_SHIELD/00_ITI/00_Sources/03_GCC_Compiler/msys64/mingw64/bin/../lib/gcc/x86_64-w64-mingw32/11.2.0/crtend.o
                0x000000014000f470        0x4 LONG 0x0
                0x000000014000f474        0x4 LONG 0x0
                0x000000014000f478                ___DTOR_LIST__ = .
                0x000000014000f478                __DTOR_LIST__ = .
                0x000000014000f478        0x4 LONG 0xffffffffffffffff
                0x000000014000f47c        0x4 LONG 0xffffffffffffffff
 *(.dtors)
 *(.dtor)
 *(SORT_BY_NAME(.dtors.*))
                0x000000014000f480        0x4 LONG 0x0
                0x000000014000f484        0x4 LONG 0x0
 *(SORT_NONE(.fini))
 *(.gcc_exc)
                [!provide]                        PROVIDE (etext = .)
 *(.gcc_except_table)

.data           0x0000000140010000      0x200
                0x0000000140010000                __data_start__ = .
 *(.data)
 .data          0x0000000140010000       0x10 A:/00_SHIELD/00_ITI/00_Sources/03_GCC_Compiler/msys64/mingw64/bin/../lib/gcc/x86_64-w64-mingw32/11.2.0/../../../../x86_64-w64-mingw32/lib/../lib/crt2.o
                0x0000000140010000                __mingw_winmain_nShowCmd
 .data          0x0000000140010010        0x0 A:/00_SHIELD/00_ITI/00_Sources/03_GCC_Compiler/msys64/mingw64/bin/../lib/gcc/x86_64-w64-mingw32/11.2.0/crtbegin.o
 .data          0x0000000140010010        0x0 C:\Users\mmich\AppData\Local\Temp\ccIWdNSo.o
 .data          0x0000000140010010       0x10 A:/00_SHIELD/00_ITI/00_Sources/03_GCC_Compiler/msys64/mingw64/bin/../lib/gcc/x86_64-w64-mingw32/11.2.0/../../../../x86_64-w64-mingw32/lib/../lib/libmingw32.a(lib64_libmingw32_a-gccmain.o)
 .data          0x0000000140010020       0x10 A:/00_SHIELD/00_ITI/00_Sources/03_GCC_Compiler/msys64/mingw64/bin/../lib/gcc/x86_64-w64-mingw32/11.2.0/../../../../x86_64-w64-mingw32/lib/../lib/libmingw32.a(lib64_libmingw32_a-natstart.o)
                0x0000000140010020                __native_vcclrit_reason
                0x0000000140010024                __native_dllmain_reason
 .data          0x0000000140010030       0x10 A:/00_SHIELD/00_ITI/00_Sources/03_GCC_Compiler/msys64/mingw64/bin/../lib/gcc/x86_64-w64-mingw32/11.2.0/../../../../x86_64-w64-mingw32/lib/../lib/libmingw32.a(lib64_libmingw32_a-wildcard.o)
                0x0000000140010030                _dowildcard
 .data          0x0000000140010040        0x0 A:/00_SHIELD/00_ITI/00_Sources/03_GCC_Compiler/msys64/mingw64/bin/../lib/gcc/x86_64-w64-mingw32/11.2.0/../../../../x86_64-w64-mingw32/lib/../lib/libmingw32.a(lib64_libmingw32_a-dllargv.o)
 .data          0x0000000140010040        0x0 A:/00_SHIELD/00_ITI/00_Sources/03_GCC_Compiler/msys64/mingw64/bin/../lib/gcc/x86_64-w64-mingw32/11.2.0/../../../../x86_64-w64-mingw32/lib/../lib/libmingw32.a(lib64_libmingw32_a-_newmode.o)
 .data          0x0000000140010040        0x0 A:/00_SHIELD/00_ITI/00_Sources/03_GCC_Compiler/msys64/mingw64/bin/../lib/gcc/x86_64-w64-mingw32/11.2.0/../../../../x86_64-w64-mingw32/lib/../lib/libmingw32.a(lib64_libmingw32_a-tlssup.o)
 .data          0x0000000140010040        0x0 A:/00_SHIELD/00_ITI/00_Sources/03_GCC_Compiler/msys64/mingw64/bin/../lib/gcc/x86_64-w64-mingw32/11.2.0/../../../../x86_64-w64-mingw32/lib/../lib/libmingw32.a(lib64_libmingw32_a-xncommod.o)
 .data          0x0000000140010040        0x0 A:/00_SHIELD/00_ITI/00_Sources/03_GCC_Compiler/msys64/mingw64/bin/../lib/gcc/x86_64-w64-mingw32/11.2.0/../../../../x86_64-w64-mingw32/lib/../lib/libmingw32.a(lib64_libmingw32_a-cinitexe.o)
 .data          0x0000000140010040        0x0 A:/00_SHIELD/00_ITI/00_Sources/03_GCC_Compiler/msys64/mingw64/bin/../lib/gcc/x86_64-w64-mingw32/11.2.0/../../../../x86_64-w64-mingw32/lib/../lib/libmingw32.a(lib64_libmingw32_a-merr.o)
 .data          0x0000000140010040        0x0 A:/00_SHIELD/00_ITI/00_Sources/03_GCC_Compiler/msys64/mingw64/bin/../lib/gcc/x86_64-w64-mingw32/11.2.0/../../../../x86_64-w64-mingw32/lib/../lib/libmingw32.a(lib64_libmingw32_a-CRT_fp10.o)
 .data          0x0000000140010040        0x0 A:/00_SHIELD/00_ITI/00_Sources/03_GCC_Compiler/msys64/mingw64/bin/../lib/gcc/x86_64-w64-mingw32/11.2.0/../../../../x86_64-w64-mingw32/lib/../lib/libmingw32.a(lib64_libmingw32_a-mingw_helpers.o)
 .data          0x0000000140010040        0x0 A:/00_SHIELD/00_ITI/00_Sources/03_GCC_Compiler/msys64/mingw64/bin/../lib/gcc/x86_64-w64-mingw32/11.2.0/../../../../x86_64-w64-mingw32/lib/../lib/libmingw32.a(lib64_libmingw32_a-pseudo-reloc.o)
 .data          0x0000000140010040        0x0 A:/00_SHIELD/00_ITI/00_Sources/03_GCC_Compiler/msys64/mingw64/bin/../lib/gcc/x86_64-w64-mingw32/11.2.0/../../../../x86_64-w64-mingw32/lib/../lib/libmingw32.a(lib64_libmingw32_a-usermatherr.o)
 .data          0x0000000140010040        0x0 A:/00_SHIELD/00_ITI/00_Sources/03_GCC_Compiler/msys64/mingw64/bin/../lib/gcc/x86_64-w64-mingw32/11.2.0/../../../../x86_64-w64-mingw32/lib/../lib/libmingw32.a(lib64_libmingw32_a-xtxtmode.o)
 .data          0x0000000140010040        0x0 A:/00_SHIELD/00_ITI/00_Sources/03_GCC_Compiler/msys64/mingw64/bin/../lib/gcc/x86_64-w64-mingw32/11.2.0/../../../../x86_64-w64-mingw32/lib/../lib/libmingw32.a(lib64_libmingw32_a-crt_handler.o)
 .data          0x0000000140010040        0x0 A:/00_SHIELD/00_ITI/00_Sources/03_GCC_Compiler/msys64/mingw64/bin/../lib/gcc/x86_64-w64-mingw32/11.2.0/../../../../x86_64-w64-mingw32/lib/../lib/libmingw32.a(lib64_libmingw32_a-tlsthrd.o)
 .data          0x0000000140010040       0x10 A:/00_SHIELD/00_ITI/00_Sources/03_GCC_Compiler/msys64/mingw64/bin/../lib/gcc/x86_64-w64-mingw32/11.2.0/../../../../x86_64-w64-mingw32/lib/../lib/libmingw32.a(lib64_libmingw32_a-tlsmcrt.o)
                0x0000000140010040                _CRT_MT
 .data          0x0000000140010050        0x0 A:/00_SHIELD/00_ITI/00_Sources/03_GCC_Compiler/msys64/mingw64/bin/../lib/gcc/x86_64-w64-mingw32/11.2.0/../../../../x86_64-w64-mingw32/lib/../lib/libmingw32.a(lib64_libmingw32_a-pseudo-reloc-list.o)
 .data          0x0000000140010050        0x0 A:/00_SHIELD/00_ITI/00_Sources/03_GCC_Compiler/msys64/mingw64/bin/../lib/gcc/x86_64-w64-mingw32/11.2.0/../../../../x86_64-w64-mingw32/lib/../lib/libmingw32.a(lib64_libmingw32_a-pesect.o)
 .data          0x0000000140010050        0x0 A:/00_SHIELD/00_ITI/00_Sources/03_GCC_Compiler/msys64/mingw64/bin/../lib/gcc/x86_64-w64-mingw32/11.2.0/libgcc.a(_chkstk_ms.o)
 .data          0x0000000140010050        0x0 A:/00_SHIELD/00_ITI/00_Sources/03_GCC_Compiler/msys64/mingw64/bin/../lib/gcc/x86_64-w64-mingw32/11.2.0/libgcc.a(_ctors.o)
 .data          0x0000000140010050       0x10 A:/00_SHIELD/00_ITI/00_Sources/03_GCC_Compiler/msys64/mingw64/bin/../lib/gcc/x86_64-w64-mingw32/11.2.0/../../../../x86_64-w64-mingw32/lib/../lib/libmingwex.a(lib64_libmingwex_a-mingw_matherr.o)
                0x0000000140010050                _MINGW_INSTALL_DEBUG_MATHERR
 .data          0x0000000140010060        0x0 A:/00_SHIELD/00_ITI/00_Sources/03_GCC_Compiler/msys64/mingw64/bin/../lib/gcc/x86_64-w64-mingw32/11.2.0/../../../../x86_64-w64-mingw32/lib/../lib/libmingwex.a(lib64_libmingwex_a-mingw_vfprintf.o)
 .data          0x0000000140010060        0x0 A:/00_SHIELD/00_ITI/00_Sources/03_GCC_Compiler/msys64/mingw64/bin/../lib/gcc/x86_64-w64-mingw32/11.2.0/../../../../x86_64-w64-mingw32/lib/../lib/libmingwex.a(lib64_libmingwex_a-mingw_vfscanf.o)
 .data          0x0000000140010060       0x20 A:/00_SHIELD/00_ITI/00_Sources/03_GCC_Compiler/msys64/mingw64/bin/../lib/gcc/x86_64-w64-mingw32/11.2.0/../../../../x86_64-w64-mingw32/lib/../lib/libmingwex.a(lib64_libmingwex_a-strtof.o)
 .data          0x0000000140010080       0x20 A:/00_SHIELD/00_ITI/00_Sources/03_GCC_Compiler/msys64/mingw64/bin/../lib/gcc/x86_64-w64-mingw32/11.2.0/../../../../x86_64-w64-mingw32/lib/../lib/libmingwex.a(lib64_libmingwex_a-strtopx.o)
 .data          0x00000001400100a0        0x0 A:/00_SHIELD/00_ITI/00_Sources/03_GCC_Compiler/msys64/mingw64/bin/../lib/gcc/x86_64-w64-mingw32/11.2.0/../../../../x86_64-w64-mingw32/lib/../lib/libmingwex.a(lib64_libmingwex_a-strtoimax.o)
 .data          0x00000001400100a0        0x0 A:/00_SHIELD/00_ITI/00_Sources/03_GCC_Compiler/msys64/mingw64/bin/../lib/gcc/x86_64-w64-mingw32/11.2.0/../../../../x86_64-w64-mingw32/lib/../lib/libmingwex.a(lib64_libmingwex_a-strtoumax.o)
 .data          0x00000001400100a0       0x20 A:/00_SHIELD/00_ITI/00_Sources/03_GCC_Compiler/msys64/mingw64/bin/../lib/gcc/x86_64-w64-mingw32/11.2.0/../../../../x86_64-w64-mingw32/lib/../lib/libmingwex.a(lib64_libmingwex_a-mingw_pformat.o)
 .data          0x00000001400100c0        0x0 A:/00_SHIELD/00_ITI/00_Sources/03_GCC_Compiler/msys64/mingw64/bin/../lib/gcc/x86_64-w64-mingw32/11.2.0/../../../../x86_64-w64-mingw32/lib/../lib/libmingwex.a(lib64_libmingwex_a-dmisc.o)
 .data          0x00000001400100c0        0x0 A:/00_SHIELD/00_ITI/00_Sources/03_GCC_Compiler/msys64/mingw64/bin/../lib/gcc/x86_64-w64-mingw32/11.2.0/../../../../x86_64-w64-mingw32/lib/../lib/libmingwex.a(lib64_libmingwex_a-gdtoa.o)
 .data          0x00000001400100c0        0x0 A:/00_SHIELD/00_ITI/00_Sources/03_GCC_Compiler/msys64/mingw64/bin/../lib/gcc/x86_64-w64-mingw32/11.2.0/../../../../x86_64-w64-mingw32/lib/../lib/libmingwex.a(lib64_libmingwex_a-gmisc.o)
 .data          0x00000001400100c0       0x10 A:/00_SHIELD/00_ITI/00_Sources/03_GCC_Compiler/msys64/mingw64/bin/../lib/gcc/x86_64-w64-mingw32/11.2.0/../../../../x86_64-w64-mingw32/lib/../lib/libmingwex.a(lib64_libmingwex_a-misc.o)
 .data          0x00000001400100d0        0x0 A:/00_SHIELD/00_ITI/00_Sources/03_GCC_Compiler/msys64/mingw64/bin/../lib/gcc/x86_64-w64-mingw32/11.2.0/../../../../x86_64-w64-mingw32/lib/../lib/libmingwex.a(lib64_libmingwex_a-strtodg.o)
 .data          0x00000001400100d0        0x0 A:/00_SHIELD/00_ITI/00_Sources/03_GCC_Compiler/msys64/mingw64/bin/../lib/gcc/x86_64-w64-mingw32/11.2.0/../../../../x86_64-w64-mingw32/lib/../lib/libmingwex.a(lib64_libmingwex_a-sum.o)
 .data          0x00000001400100d0        0x0 A:/00_SHIELD/00_ITI/00_Sources/03_GCC_Compiler/msys64/mingw64/bin/../lib/gcc/x86_64-w64-mingw32/11.2.0/../../../../x86_64-w64-mingw32/lib/../lib/libmingwex.a(lib64_libmingwex_a-strnlen.o)
 .data          0x00000001400100d0        0x0 A:/00_SHIELD/00_ITI/00_Sources/03_GCC_Compiler/msys64/mingw64/bin/../lib/gcc/x86_64-w64-mingw32/11.2.0/../../../../x86_64-w64-mingw32/lib/../lib/libmingwex.a(lib64_libmingwex_a-wcsnlen.o)
 .data          0x00000001400100d0        0x0 A:/00_SHIELD/00_ITI/00_Sources/03_GCC_Compiler/msys64/mingw64/bin/../lib/gcc/x86_64-w64-mingw32/11.2.0/../../../../x86_64-w64-mingw32/lib/../lib/libmingwex.a(lib64_libmingwex_a-gethex.o)
 .data          0x00000001400100d0        0x0 A:/00_SHIELD/00_ITI/00_Sources/03_GCC_Compiler/msys64/mingw64/bin/../lib/gcc/x86_64-w64-mingw32/11.2.0/../../../../x86_64-w64-mingw32/lib/../lib/libmingwex.a(lib64_libmingwex_a-hd_init.o)
 .data          0x00000001400100d0        0x0 A:/00_SHIELD/00_ITI/00_Sources/03_GCC_Compiler/msys64/mingw64/bin/../lib/gcc/x86_64-w64-mingw32/11.2.0/../../../../x86_64-w64-mingw32/lib/../lib/libmingwex.a(lib64_libmingwex_a-hexnan.o)
 .data          0x00000001400100d0        0x0 A:/00_SHIELD/00_ITI/00_Sources/03_GCC_Compiler/msys64/mingw64/bin/../lib/gcc/x86_64-w64-mingw32/11.2.0/../../../../x86_64-w64-mingw32/lib/../lib/libmingwex.a(lib64_libmingwex_a-smisc.o)
 .data          0x00000001400100d0       0x10 A:/00_SHIELD/00_ITI/00_Sources/03_GCC_Compiler/msys64/mingw64/bin/../lib/gcc/x86_64-w64-mingw32/11.2.0/../../../../x86_64-w64-mingw32/lib/../lib/libmsvcrt.a(lib64_libmsvcrt_extra_a-__p__fmode.o)
                0x00000001400100d0                __imp___p__fmode
 .data          0x00000001400100e0       0x10 A:/00_SHIELD/00_ITI/00_Sources/03_GCC_Compiler/msys64/mingw64/bin/../lib/gcc/x86_64-w64-mingw32/11.2.0/../../../../x86_64-w64-mingw32/lib/../lib/libmsvcrt.a(lib64_libmsvcrt_extra_a-__p__commode.o)
                0x00000001400100e0                __imp___p__commode
 .data          0x00000001400100f0       0x10 A:/00_SHIELD/00_ITI/00_Sources/03_GCC_Compiler/msys64/mingw64/bin/../lib/gcc/x86_64-w64-mingw32/11.2.0/../../../../x86_64-w64-mingw32/lib/../lib/libmsvcrt.a(lib64_libmsvcrt_extra_a-__p__acmdln.o)
                0x00000001400100f0                __imp___p__acmdln
 .data          0x0000000140010100       0x10 A:/00_SHIELD/00_ITI/00_Sources/03_GCC_Compiler/msys64/mingw64/bin/../lib/gcc/x86_64-w64-mingw32/11.2.0/../../../../x86_64-w64-mingw32/lib/../lib/libmsvcrt.a(lib64_libmsvcrt_extra_a-mingw_lock.o)
                0x0000000140010100                __imp__unlock_file
                0x0000000140010108                __imp__lock_file
 .data          0x0000000140010110       0x10 A:/00_SHIELD/00_ITI/00_Sources/03_GCC_Compiler/msys64/mingw64/bin/../lib/gcc/x86_64-w64-mingw32/11.2.0/../../../../x86_64-w64-mingw32/lib/../lib/libmsvcrt.a(lib64_libmsvcrt_extra_a-invalid_parameter_handler.o)
                0x0000000140010110                __imp__get_invalid_parameter_handler
                0x0000000140010118                __imp__set_invalid_parameter_handler
 .data          0x0000000140010120       0x10 A:/00_SHIELD/00_ITI/00_Sources/03_GCC_Compiler/msys64/mingw64/bin/../lib/gcc/x86_64-w64-mingw32/11.2.0/../../../../x86_64-w64-mingw32/lib/../lib/libmsvcrt.a(lib64_libmsvcrt_common_a-acrt_iob_func.o)
                0x0000000140010120                __imp___acrt_iob_func
 .data          0x0000000140010130        0x0 A:/00_SHIELD/00_ITI/00_Sources/03_GCC_Compiler/msys64/mingw64/bin/../lib/gcc/x86_64-w64-mingw32/11.2.0/../../../../x86_64-w64-mingw32/lib/../lib/libmsvcrt.a(lib64_libmsvcrt_common_a-wcrtomb.o)
 .data          0x0000000140010130        0x0 A:/00_SHIELD/00_ITI/00_Sources/03_GCC_Compiler/msys64/mingw64/bin/../lib/gcc/x86_64-w64-mingw32/11.2.0/../../../../x86_64-w64-mingw32/lib/../lib/libmsvcrt.a(lib64_libmsvcrt_common_a-mbrtowc.o)
 .data          0x0000000140010130        0x0 A:/00_SHIELD/00_ITI/00_Sources/03_GCC_Compiler/msys64/mingw64/bin/../lib/gcc/x86_64-w64-mingw32/11.2.0/../../../../x86_64-w64-mingw32/lib/../lib/libmsvcrt.a(libmsvcrt_defs00055.o)
 .data          0x0000000140010130        0x0 A:/00_SHIELD/00_ITI/00_Sources/03_GCC_Compiler/msys64/mingw64/bin/../lib/gcc/x86_64-w64-mingw32/11.2.0/../../../../x86_64-w64-mingw32/lib/../lib/libmsvcrt.a(libmsvcrt_defs00063.o)
 .data          0x0000000140010130        0x0 A:/00_SHIELD/00_ITI/00_Sources/03_GCC_Compiler/msys64/mingw64/bin/../lib/gcc/x86_64-w64-mingw32/11.2.0/../../../../x86_64-w64-mingw32/lib/../lib/libmsvcrt.a(libmsvcrt_defs00066.o)
 .data          0x0000000140010130        0x0 A:/00_SHIELD/00_ITI/00_Sources/03_GCC_Compiler/msys64/mingw64/bin/../lib/gcc/x86_64-w64-mingw32/11.2.0/../../../../x86_64-w64-mingw32/lib/../lib/libmsvcrt.a(libmsvcrt_defs00081.o)
 .data          0x0000000140010130        0x0 A:/00_SHIELD/00_ITI/00_Sources/03_GCC_Compiler/msys64/mingw64/bin/../lib/gcc/x86_64-w64-mingw32/11.2.0/../../../../x86_64-w64-mingw32/lib/../lib/libmsvcrt.a(libmsvcrt_defs00082.o)
 .data          0x0000000140010130        0x0 A:/00_SHIELD/00_ITI/00_Sources/03_GCC_Compiler/msys64/mingw64/bin/../lib/gcc/x86_64-w64-mingw32/11.2.0/../../../../x86_64-w64-mingw32/lib/../lib/libmsvcrt.a(libmsvcrt_defs00083.o)
 .data          0x0000000140010130        0x0 A:/00_SHIELD/00_ITI/00_Sources/03_GCC_Compiler/msys64/mingw64/bin/../lib/gcc/x86_64-w64-mingw32/11.2.0/../../../../x86_64-w64-mingw32/lib/../lib/libmsvcrt.a(libmsvcrt_defs00097.o)
 .data          0x0000000140010130        0x0 A:/00_SHIELD/00_ITI/00_Sources/03_GCC_Compiler/msys64/mingw64/bin/../lib/gcc/x86_64-w64-mingw32/11.2.0/../../../../x86_64-w64-mingw32/lib/../lib/libmsvcrt.a(libmsvcrt_defs00099.o)
 .data          0x0000000140010130        0x0 A:/00_SHIELD/00_ITI/00_Sources/03_GCC_Compiler/msys64/mingw64/bin/../lib/gcc/x86_64-w64-mingw32/11.2.0/../../../../x86_64-w64-mingw32/lib/../lib/libmsvcrt.a(libmsvcrt_defs00116.o)
 .data          0x0000000140010130        0x0 A:/00_SHIELD/00_ITI/00_Sources/03_GCC_Compiler/msys64/mingw64/bin/../lib/gcc/x86_64-w64-mingw32/11.2.0/../../../../x86_64-w64-mingw32/lib/../lib/libmsvcrt.a(libmsvcrt_defs00123.o)
 .data          0x0000000140010130        0x0 A:/00_SHIELD/00_ITI/00_Sources/03_GCC_Compiler/msys64/mingw64/bin/../lib/gcc/x86_64-w64-mingw32/11.2.0/../../../../x86_64-w64-mingw32/lib/../lib/libmsvcrt.a(libmsvcrt_defs00141.o)
 .data          0x0000000140010130        0x0 A:/00_SHIELD/00_ITI/00_Sources/03_GCC_Compiler/msys64/mingw64/bin/../lib/gcc/x86_64-w64-mingw32/11.2.0/../../../../x86_64-w64-mingw32/lib/../lib/libmsvcrt.a(libmsvcrt_defs00157.o)
 .data          0x0000000140010130        0x0 A:/00_SHIELD/00_ITI/00_Sources/03_GCC_Compiler/msys64/mingw64/bin/../lib/gcc/x86_64-w64-mingw32/11.2.0/../../../../x86_64-w64-mingw32/lib/../lib/libmsvcrt.a(libmsvcrt_defs00204.o)
 .data          0x0000000140010130        0x0 A:/00_SHIELD/00_ITI/00_Sources/03_GCC_Compiler/msys64/mingw64/bin/../lib/gcc/x86_64-w64-mingw32/11.2.0/../../../../x86_64-w64-mingw32/lib/../lib/libmsvcrt.a(libmsvcrt_defs00254.o)
 .data          0x0000000140010130        0x0 A:/00_SHIELD/00_ITI/00_Sources/03_GCC_Compiler/msys64/mingw64/bin/../lib/gcc/x86_64-w64-mingw32/11.2.0/../../../../x86_64-w64-mingw32/lib/../lib/libmsvcrt.a(libmsvcrt_defs00332.o)
 .data          0x0000000140010130        0x0 A:/00_SHIELD/00_ITI/00_Sources/03_GCC_Compiler/msys64/mingw64/bin/../lib/gcc/x86_64-w64-mingw32/11.2.0/../../../../x86_64-w64-mingw32/lib/../lib/libmsvcrt.a(libmsvcrt_defs00442.o)
 .data          0x0000000140010130        0x0 A:/00_SHIELD/00_ITI/00_Sources/03_GCC_Compiler/msys64/mingw64/bin/../lib/gcc/x86_64-w64-mingw32/11.2.0/../../../../x86_64-w64-mingw32/lib/../lib/libmsvcrt.a(libmsvcrt_defs00614.o)
 .data          0x0000000140010130        0x0 A:/00_SHIELD/00_ITI/00_Sources/03_GCC_Compiler/msys64/mingw64/bin/../lib/gcc/x86_64-w64-mingw32/11.2.0/../../../../x86_64-w64-mingw32/lib/../lib/libmsvcrt.a(libmsvcrt_defs00823.o)
 .data          0x0000000140010130        0x0 A:/00_SHIELD/00_ITI/00_Sources/03_GCC_Compiler/msys64/mingw64/bin/../lib/gcc/x86_64-w64-mingw32/11.2.0/../../../../x86_64-w64-mingw32/lib/../lib/libmsvcrt.a(libmsvcrt_defs01038.o)
 .data          0x0000000140010130        0x0 A:/00_SHIELD/00_ITI/00_Sources/03_GCC_Compiler/msys64/mingw64/bin/../lib/gcc/x86_64-w64-mingw32/11.2.0/../../../../x86_64-w64-mingw32/lib/../lib/libmsvcrt.a(libmsvcrt_defs01056.o)
 .data          0x0000000140010130        0x0 A:/00_SHIELD/00_ITI/00_Sources/03_GCC_Compiler/msys64/mingw64/bin/../lib/gcc/x86_64-w64-mingw32/11.2.0/../../../../x86_64-w64-mingw32/lib/../lib/libmsvcrt.a(libmsvcrt_defs01069.o)
 .data          0x0000000140010130        0x0 A:/00_SHIELD/00_ITI/00_Sources/03_GCC_Compiler/msys64/mingw64/bin/../lib/gcc/x86_64-w64-mingw32/11.2.0/../../../../x86_64-w64-mingw32/lib/../lib/libmsvcrt.a(libmsvcrt_defs01090.o)
 .data          0x0000000140010130        0x0 A:/00_SHIELD/00_ITI/00_Sources/03_GCC_Compiler/msys64/mingw64/bin/../lib/gcc/x86_64-w64-mingw32/11.2.0/../../../../x86_64-w64-mingw32/lib/../lib/libmsvcrt.a(libmsvcrt_defs01092.o)
 .data          0x0000000140010130        0x0 A:/00_SHIELD/00_ITI/00_Sources/03_GCC_Compiler/msys64/mingw64/bin/../lib/gcc/x86_64-w64-mingw32/11.2.0/../../../../x86_64-w64-mingw32/lib/../lib/libmsvcrt.a(libmsvcrt_defs01097.o)
 .data          0x0000000140010130        0x0 A:/00_SHIELD/00_ITI/00_Sources/03_GCC_Compiler/msys64/mingw64/bin/../lib/gcc/x86_64-w64-mingw32/11.2.0/../../../../x86_64-w64-mingw32/lib/../lib/libmsvcrt.a(libmsvcrt_defs01110.o)
 .data          0x0000000140010130        0x0 A:/00_SHIELD/00_ITI/00_Sources/03_GCC_Compiler/msys64/mingw64/bin/../lib/gcc/x86_64-w64-mingw32/11.2.0/../../../../x86_64-w64-mingw32/lib/../lib/libmsvcrt.a(libmsvcrt_defs01113.o)
 .data          0x0000000140010130        0x0 A:/00_SHIELD/00_ITI/00_Sources/03_GCC_Compiler/msys64/mingw64/bin/../lib/gcc/x86_64-w64-mingw32/11.2.0/../../../../x86_64-w64-mingw32/lib/../lib/libmsvcrt.a(libmsvcrt_defs01128.o)
 .data          0x0000000140010130        0x0 A:/00_SHIELD/00_ITI/00_Sources/03_GCC_Compiler/msys64/mingw64/bin/../lib/gcc/x86_64-w64-mingw32/11.2.0/../../../../x86_64-w64-mingw32/lib/../lib/libmsvcrt.a(libmsvcrt_defs01131.o)
 .data          0x0000000140010130        0x0 A:/00_SHIELD/00_ITI/00_Sources/03_GCC_Compiler/msys64/mingw64/bin/../lib/gcc/x86_64-w64-mingw32/11.2.0/../../../../x86_64-w64-mingw32/lib/../lib/libmsvcrt.a(libmsvcrt_defs01132.o)
 .data          0x0000000140010130        0x0 A:/00_SHIELD/00_ITI/00_Sources/03_GCC_Compiler/msys64/mingw64/bin/../lib/gcc/x86_64-w64-mingw32/11.2.0/../../../../x86_64-w64-mingw32/lib/../lib/libmsvcrt.a(libmsvcrt_defs01146.o)
 .data          0x0000000140010130        0x0 A:/00_SHIELD/00_ITI/00_Sources/03_GCC_Compiler/msys64/mingw64/bin/../lib/gcc/x86_64-w64-mingw32/11.2.0/../../../../x86_64-w64-mingw32/lib/../lib/libmsvcrt.a(libmsvcrt_defs01151.o)
 .data          0x0000000140010130        0x0 A:/00_SHIELD/00_ITI/00_Sources/03_GCC_Compiler/msys64/mingw64/bin/../lib/gcc/x86_64-w64-mingw32/11.2.0/../../../../x86_64-w64-mingw32/lib/../lib/libmsvcrt.a(libmsvcrt_defs01158.o)
 .data          0x0000000140010130        0x0 A:/00_SHIELD/00_ITI/00_Sources/03_GCC_Compiler/msys64/mingw64/bin/../lib/gcc/x86_64-w64-mingw32/11.2.0/../../../../x86_64-w64-mingw32/lib/../lib/libmsvcrt.a(libmsvcrt_defs01166.o)
 .data          0x0000000140010130        0x0 A:/00_SHIELD/00_ITI/00_Sources/03_GCC_Compiler/msys64/mingw64/bin/../lib/gcc/x86_64-w64-mingw32/11.2.0/../../../../x86_64-w64-mingw32/lib/../lib/libmsvcrt.a(libmsvcrt_defs01168.o)
 .data          0x0000000140010130        0x0 A:/00_SHIELD/00_ITI/00_Sources/03_GCC_Compiler/msys64/mingw64/bin/../lib/gcc/x86_64-w64-mingw32/11.2.0/../../../../x86_64-w64-mingw32/lib/../lib/libmsvcrt.a(libmsvcrt_defs01186.o)
 .data          0x0000000140010130        0x0 A:/00_SHIELD/00_ITI/00_Sources/03_GCC_Compiler/msys64/mingw64/bin/../lib/gcc/x86_64-w64-mingw32/11.2.0/../../../../x86_64-w64-mingw32/lib/../lib/libmsvcrt.a(libmsvcrt_defs01198.o)
 .data          0x0000000140010130        0x0 A:/00_SHIELD/00_ITI/00_Sources/03_GCC_Compiler/msys64/mingw64/bin/../lib/gcc/x86_64-w64-mingw32/11.2.0/../../../../x86_64-w64-mingw32/lib/../lib/libmsvcrt.a(libmsvcrt_defs01219.o)
 .data          0x0000000140010130        0x0 A:/00_SHIELD/00_ITI/00_Sources/03_GCC_Compiler/msys64/mingw64/bin/../lib/gcc/x86_64-w64-mingw32/11.2.0/../../../../x86_64-w64-mingw32/lib/../lib/libmsvcrt.a(libmsvcrt_defs01221.o)
 .data          0x0000000140010130        0x0 A:/00_SHIELD/00_ITI/00_Sources/03_GCC_Compiler/msys64/mingw64/bin/../lib/gcc/x86_64-w64-mingw32/11.2.0/../../../../x86_64-w64-mingw32/lib/../lib/libmsvcrt.a(libmsvcrt_defs01224.o)
 .data          0x0000000140010130        0x0 A:/00_SHIELD/00_ITI/00_Sources/03_GCC_Compiler/msys64/mingw64/bin/../lib/gcc/x86_64-w64-mingw32/11.2.0/../../../../x86_64-w64-mingw32/lib/../lib/libmsvcrt.a(libmsvcrt_defs01235.o)
 .data          0x0000000140010130        0x0 A:/00_SHIELD/00_ITI/00_Sources/03_GCC_Compiler/msys64/mingw64/bin/../lib/gcc/x86_64-w64-mingw32/11.2.0/../../../../x86_64-w64-mingw32/lib/../lib/libmsvcrt.a(libmsvcrt_defs01236.o)
 .data          0x0000000140010130        0x0 A:/00_SHIELD/00_ITI/00_Sources/03_GCC_Compiler/msys64/mingw64/bin/../lib/gcc/x86_64-w64-mingw32/11.2.0/../../../../x86_64-w64-mingw32/lib/../lib/libmsvcrt.a(libmsvcrt_defs01252.o)
 .data          0x0000000140010130        0x0 A:/00_SHIELD/00_ITI/00_Sources/03_GCC_Compiler/msys64/mingw64/bin/../lib/gcc/x86_64-w64-mingw32/11.2.0/../../../../x86_64-w64-mingw32/lib/../lib/libmsvcrt.a(libmsvcrt_defs01258.o)
 .data          0x0000000140010130        0x0 A:/00_SHIELD/00_ITI/00_Sources/03_GCC_Compiler/msys64/mingw64/bin/../lib/gcc/x86_64-w64-mingw32/11.2.0/../../../../x86_64-w64-mingw32/lib/../lib/libmsvcrt.a(libmsvcrt_defs01259.o)
 .data          0x0000000140010130        0x0 A:/00_SHIELD/00_ITI/00_Sources/03_GCC_Compiler/msys64/mingw64/bin/../lib/gcc/x86_64-w64-mingw32/11.2.0/../../../../x86_64-w64-mingw32/lib/../lib/libmsvcrt.a(libmsvcrt_defs01285.o)
 .data          0x0000000140010130        0x0 A:/00_SHIELD/00_ITI/00_Sources/03_GCC_Compiler/msys64/mingw64/bin/../lib/gcc/x86_64-w64-mingw32/11.2.0/../../../../x86_64-w64-mingw32/lib/../lib/libmsvcrt.a(libmsvcrt_defh.o)
 .data          0x0000000140010130        0x0 A:/00_SHIELD/00_ITI/00_Sources/03_GCC_Compiler/msys64/mingw64/bin/../lib/gcc/x86_64-w64-mingw32/11.2.0/../../../../x86_64-w64-mingw32/lib/../lib/libmsvcrt.a(libmsvcrt_deft.o)
 .data          0x0000000140010130        0x0 A:/00_SHIELD/00_ITI/00_Sources/03_GCC_Compiler/msys64/mingw64/bin/../lib/gcc/x86_64-w64-mingw32/11.2.0/../../../../x86_64-w64-mingw32/lib/../lib/libkernel32.a(libkernel32s01546.o)
 .data          0x0000000140010130        0x0 A:/00_SHIELD/00_ITI/00_Sources/03_GCC_Compiler/msys64/mingw64/bin/../lib/gcc/x86_64-w64-mingw32/11.2.0/../../../../x86_64-w64-mingw32/lib/../lib/libkernel32.a(libkernel32s01493.o)
 .data          0x0000000140010130        0x0 A:/00_SHIELD/00_ITI/00_Sources/03_GCC_Compiler/msys64/mingw64/bin/../lib/gcc/x86_64-w64-mingw32/11.2.0/../../../../x86_64-w64-mingw32/lib/../lib/libkernel32.a(libkernel32s01491.o)
 .data          0x0000000140010130        0x0 A:/00_SHIELD/00_ITI/00_Sources/03_GCC_Compiler/msys64/mingw64/bin/../lib/gcc/x86_64-w64-mingw32/11.2.0/../../../../x86_64-w64-mingw32/lib/../lib/libkernel32.a(libkernel32s01444.o)
 .data          0x0000000140010130        0x0 A:/00_SHIELD/00_ITI/00_Sources/03_GCC_Compiler/msys64/mingw64/bin/../lib/gcc/x86_64-w64-mingw32/11.2.0/../../../../x86_64-w64-mingw32/lib/../lib/libkernel32.a(libkernel32s01409.o)
 .data          0x0000000140010130        0x0 A:/00_SHIELD/00_ITI/00_Sources/03_GCC_Compiler/msys64/mingw64/bin/../lib/gcc/x86_64-w64-mingw32/11.2.0/../../../../x86_64-w64-mingw32/lib/../lib/libkernel32.a(libkernel32s01393.o)
 .data          0x0000000140010130        0x0 A:/00_SHIELD/00_ITI/00_Sources/03_GCC_Compiler/msys64/mingw64/bin/../lib/gcc/x86_64-w64-mingw32/11.2.0/../../../../x86_64-w64-mingw32/lib/../lib/libkernel32.a(libkernel32s01035.o)
 .data          0x0000000140010130        0x0 A:/00_SHIELD/00_ITI/00_Sources/03_GCC_Compiler/msys64/mingw64/bin/../lib/gcc/x86_64-w64-mingw32/11.2.0/../../../../x86_64-w64-mingw32/lib/../lib/libkernel32.a(libkernel32s00983.o)
 .data          0x0000000140010130        0x0 A:/00_SHIELD/00_ITI/00_Sources/03_GCC_Compiler/msys64/mingw64/bin/../lib/gcc/x86_64-w64-mingw32/11.2.0/../../../../x86_64-w64-mingw32/lib/../lib/libkernel32.a(libkernel32s00918.o)
 .data          0x0000000140010130        0x0 A:/00_SHIELD/00_ITI/00_Sources/03_GCC_Compiler/msys64/mingw64/bin/../lib/gcc/x86_64-w64-mingw32/11.2.0/../../../../x86_64-w64-mingw32/lib/../lib/libkernel32.a(libkernel32s00891.o)
 .data          0x0000000140010130        0x0 A:/00_SHIELD/00_ITI/00_Sources/03_GCC_Compiler/msys64/mingw64/bin/../lib/gcc/x86_64-w64-mingw32/11.2.0/../../../../x86_64-w64-mingw32/lib/../lib/libkernel32.a(libkernel32s00742.o)
 .data          0x0000000140010130        0x0 A:/00_SHIELD/00_ITI/00_Sources/03_GCC_Compiler/msys64/mingw64/bin/../lib/gcc/x86_64-w64-mingw32/11.2.0/../../../../x86_64-w64-mingw32/lib/../lib/libkernel32.a(libkernel32s00629.o)
 .data          0x0000000140010130        0x0 A:/00_SHIELD/00_ITI/00_Sources/03_GCC_Compiler/msys64/mingw64/bin/../lib/gcc/x86_64-w64-mingw32/11.2.0/../../../../x86_64-w64-mingw32/lib/../lib/libkernel32.a(libkernel32s00318.o)
 .data          0x0000000140010130        0x0 A:/00_SHIELD/00_ITI/00_Sources/03_GCC_Compiler/msys64/mingw64/bin/../lib/gcc/x86_64-w64-mingw32/11.2.0/../../../../x86_64-w64-mingw32/lib/../lib/libkernel32.a(libkernel32s00282.o)
 .data          0x0000000140010130        0x0 A:/00_SHIELD/00_ITI/00_Sources/03_GCC_Compiler/msys64/mingw64/bin/../lib/gcc/x86_64-w64-mingw32/11.2.0/../../../../x86_64-w64-mingw32/lib/../lib/libkernel32.a(libkernel32h.o)
 .data          0x0000000140010130        0x0 A:/00_SHIELD/00_ITI/00_Sources/03_GCC_Compiler/msys64/mingw64/bin/../lib/gcc/x86_64-w64-mingw32/11.2.0/../../../../x86_64-w64-mingw32/lib/../lib/libkernel32.a(libkernel32t.o)
 .data          0x0000000140010130        0x0 A:/00_SHIELD/00_ITI/00_Sources/03_GCC_Compiler/msys64/mingw64/bin/../lib/gcc/x86_64-w64-mingw32/11.2.0/crtend.o
 *(.data2)
 *(SORT_BY_NAME(.data$*))
 *(.jcr)
                0x0000000140010130                __data_end__ = .
 *(.data_cygwin_nocopy)

.rdata          0x0000000140011000     0x1800
 *(.rdata)
 .rdata         0x0000000140011000       0x20 C:\Users\mmich\AppData\Local\Temp\ccIWdNSo.o
 .rdata         0x0000000140011020       0x60 A:/00_SHIELD/00_ITI/00_Sources/03_GCC_Compiler/msys64/mingw64/bin/../lib/gcc/x86_64-w64-mingw32/11.2.0/../../../../x86_64-w64-mingw32/lib/../lib/libmingw32.a(lib64_libmingw32_a-tlssup.o)
                0x0000000140011020                __dyn_tls_init_callback
                0x0000000140011040                _tls_used
 .rdata         0x0000000140011080      0x140 A:/00_SHIELD/00_ITI/00_Sources/03_GCC_Compiler/msys64/mingw64/bin/../lib/gcc/x86_64-w64-mingw32/11.2.0/../../../../x86_64-w64-mingw32/lib/../lib/libmingw32.a(lib64_libmingw32_a-merr.o)
 .rdata         0x00000001400111c0      0x160 A:/00_SHIELD/00_ITI/00_Sources/03_GCC_Compiler/msys64/mingw64/bin/../lib/gcc/x86_64-w64-mingw32/11.2.0/../../../../x86_64-w64-mingw32/lib/../lib/libmingw32.a(lib64_libmingw32_a-pseudo-reloc.o)
 .rdata         0x0000000140011320       0x30 A:/00_SHIELD/00_ITI/00_Sources/03_GCC_Compiler/msys64/mingw64/bin/../lib/gcc/x86_64-w64-mingw32/11.2.0/../../../../x86_64-w64-mingw32/lib/../lib/libmingw32.a(lib64_libmingw32_a-crt_handler.o)
 .rdata         0x0000000140011350      0x280 A:/00_SHIELD/00_ITI/00_Sources/03_GCC_Compiler/msys64/mingw64/bin/../lib/gcc/x86_64-w64-mingw32/11.2.0/../../../../x86_64-w64-mingw32/lib/../lib/libmingwex.a(lib64_libmingwex_a-mingw_vfscanf.o)
 .rdata         0x00000001400115d0       0x20 A:/00_SHIELD/00_ITI/00_Sources/03_GCC_Compiler/msys64/mingw64/bin/../lib/gcc/x86_64-w64-mingw32/11.2.0/../../../../x86_64-w64-mingw32/lib/../lib/libmingwex.a(lib64_libmingwex_a-strtof.o)
 .rdata         0x00000001400115f0       0x20 A:/00_SHIELD/00_ITI/00_Sources/03_GCC_Compiler/msys64/mingw64/bin/../lib/gcc/x86_64-w64-mingw32/11.2.0/../../../../x86_64-w64-mingw32/lib/../lib/libmingwex.a(lib64_libmingwex_a-strtopx.o)
 .rdata         0x0000000140011610      0x190 A:/00_SHIELD/00_ITI/00_Sources/03_GCC_Compiler/msys64/mingw64/bin/../lib/gcc/x86_64-w64-mingw32/11.2.0/../../../../x86_64-w64-mingw32/lib/../lib/libmingwex.a(lib64_libmingwex_a-mingw_pformat.o)
 .rdata         0x00000001400117a0       0x90 A:/00_SHIELD/00_ITI/00_Sources/03_GCC_Compiler/msys64/mingw64/bin/../lib/gcc/x86_64-w64-mingw32/11.2.0/../../../../x86_64-w64-mingw32/lib/../lib/libmingwex.a(lib64_libmingwex_a-gdtoa.o)
 *fill*         0x0000000140011830       0x10 
 .rdata         0x0000000140011840      0x160 A:/00_SHIELD/00_ITI/00_Sources/03_GCC_Compiler/msys64/mingw64/bin/../lib/gcc/x86_64-w64-mingw32/11.2.0/../../../../x86_64-w64-mingw32/lib/../lib/libmingwex.a(lib64_libmingwex_a-misc.o)
                0x0000000140011860                __tens_D2A
                0x0000000140011920                __tinytens_D2A
                0x0000000140011960                __bigtens_D2A
 .rdata         0x00000001400119a0      0x180 A:/00_SHIELD/00_ITI/00_Sources/03_GCC_Compiler/msys64/mingw64/bin/../lib/gcc/x86_64-w64-mingw32/11.2.0/../../../../x86_64-w64-mingw32/lib/../lib/libmingwex.a(lib64_libmingwex_a-strtodg.o)
 .rdata         0x0000000140011b20       0x20 A:/00_SHIELD/00_ITI/00_Sources/03_GCC_Compiler/msys64/mingw64/bin/../lib/gcc/x86_64-w64-mingw32/11.2.0/../../../../x86_64-w64-mingw32/lib/../lib/libmingwex.a(lib64_libmingwex_a-hd_init.o)
 *(SORT_BY_NAME(.rdata$*))
 .rdata$.refptr._CRT_MT
                0x0000000140011b40       0x10 A:/00_SHIELD/00_ITI/00_Sources/03_GCC_Compiler/msys64/mingw64/bin/../lib/gcc/x86_64-w64-mingw32/11.2.0/../../../../x86_64-w64-mingw32/lib/../lib/libmingw32.a(lib64_libmingw32_a-tlssup.o)
                0x0000000140011b40                .refptr._CRT_MT
 .rdata$.refptr._MINGW_INSTALL_DEBUG_MATHERR
                0x0000000140011b50       0x10 A:/00_SHIELD/00_ITI/00_Sources/03_GCC_Compiler/msys64/mingw64/bin/../lib/gcc/x86_64-w64-mingw32/11.2.0/../../../../x86_64-w64-mingw32/lib/../lib/crt2.o
                0x0000000140011b50                .refptr._MINGW_INSTALL_DEBUG_MATHERR
 .rdata$.refptr.__CTOR_LIST__
                0x0000000140011b60       0x10 A:/00_SHIELD/00_ITI/00_Sources/03_GCC_Compiler/msys64/mingw64/bin/../lib/gcc/x86_64-w64-mingw32/11.2.0/../../../../x86_64-w64-mingw32/lib/../lib/libmingw32.a(lib64_libmingw32_a-gccmain.o)
                0x0000000140011b60                .refptr.__CTOR_LIST__
 .rdata$.refptr.__RUNTIME_PSEUDO_RELOC_LIST_END__
                0x0000000140011b70       0x10 A:/00_SHIELD/00_ITI/00_Sources/03_GCC_Compiler/msys64/mingw64/bin/../lib/gcc/x86_64-w64-mingw32/11.2.0/../../../../x86_64-w64-mingw32/lib/../lib/libmingw32.a(lib64_libmingw32_a-pseudo-reloc.o)
                0x0000000140011b70                .refptr.__RUNTIME_PSEUDO_RELOC_LIST_END__
 .rdata$.refptr.__RUNTIME_PSEUDO_RELOC_LIST__
                0x0000000140011b80       0x10 A:/00_SHIELD/00_ITI/00_Sources/03_GCC_Compiler/msys64/mingw64/bin/../lib/gcc/x86_64-w64-mingw32/11.2.0/../../../../x86_64-w64-mingw32/lib/../lib/libmingw32.a(lib64_libmingw32_a-pseudo-reloc.o)
                0x0000000140011b80                .refptr.__RUNTIME_PSEUDO_RELOC_LIST__
 .rdata$.refptr.__bigtens_D2A
                0x0000000140011b90       0x10 A:/00_SHIELD/00_ITI/00_Sources/03_GCC_Compiler/msys64/mingw64/bin/../lib/gcc/x86_64-w64-mingw32/11.2.0/../../../../x86_64-w64-mingw32/lib/../lib/libmingwex.a(lib64_libmingwex_a-strtodg.o)
                0x0000000140011b90                .refptr.__bigtens_D2A
 .rdata$.refptr.__dyn_tls_init_callback
                0x0000000140011ba0       0x10 A:/00_SHIELD/00_ITI/00_Sources/03_GCC_Compiler/msys64/mingw64/bin/../lib/gcc/x86_64-w64-mingw32/11.2.0/../../../../x86_64-w64-mingw32/lib/../lib/crt2.o
                0x0000000140011ba0                .refptr.__dyn_tls_init_callback
 .rdata$.refptr.__hexdig_D2A
                0x0000000140011bb0       0x10 A:/00_SHIELD/00_ITI/00_Sources/03_GCC_Compiler/msys64/mingw64/bin/../lib/gcc/x86_64-w64-mingw32/11.2.0/../../../../x86_64-w64-mingw32/lib/../lib/libmingwex.a(lib64_libmingwex_a-gethex.o)
                0x0000000140011bb0                .refptr.__hexdig_D2A
 .rdata$.refptr.__image_base__
                0x0000000140011bc0       0x10 A:/00_SHIELD/00_ITI/00_Sources/03_GCC_Compiler/msys64/mingw64/bin/../lib/gcc/x86_64-w64-mingw32/11.2.0/../../../../x86_64-w64-mingw32/lib/../lib/crt2.o
                0x0000000140011bc0                .refptr.__image_base__
 .rdata$.refptr.__imp___initenv
                0x0000000140011bd0       0x10 A:/00_SHIELD/00_ITI/00_Sources/03_GCC_Compiler/msys64/mingw64/bin/../lib/gcc/x86_64-w64-mingw32/11.2.0/../../../../x86_64-w64-mingw32/lib/../lib/crt2.o
                0x0000000140011bd0                .refptr.__imp___initenv
 .rdata$.refptr.__imp__acmdln
                0x0000000140011be0       0x10 A:/00_SHIELD/00_ITI/00_Sources/03_GCC_Compiler/msys64/mingw64/bin/../lib/gcc/x86_64-w64-mingw32/11.2.0/../../../../x86_64-w64-mingw32/lib/../lib/libmsvcrt.a(lib64_libmsvcrt_extra_a-__p__acmdln.o)
                0x0000000140011be0                .refptr.__imp__acmdln
 .rdata$.refptr.__imp__commode
                0x0000000140011bf0       0x10 A:/00_SHIELD/00_ITI/00_Sources/03_GCC_Compiler/msys64/mingw64/bin/../lib/gcc/x86_64-w64-mingw32/11.2.0/../../../../x86_64-w64-mingw32/lib/../lib/libmsvcrt.a(lib64_libmsvcrt_extra_a-__p__commode.o)
                0x0000000140011bf0                .refptr.__imp__commode
 .rdata$.refptr.__imp__fmode
                0x0000000140011c00       0x10 A:/00_SHIELD/00_ITI/00_Sources/03_GCC_Compiler/msys64/mingw64/bin/../lib/gcc/x86_64-w64-mingw32/11.2.0/../../../../x86_64-w64-mingw32/lib/../lib/libmsvcrt.a(lib64_libmsvcrt_extra_a-__p__fmode.o)
                0x0000000140011c00                .refptr.__imp__fmode
 .rdata$.refptr.__mingw_app_type
                0x0000000140011c10       0x10 A:/00_SHIELD/00_ITI/00_Sources/03_GCC_Compiler/msys64/mingw64/bin/../lib/gcc/x86_64-w64-mingw32/11.2.0/../../../../x86_64-w64-mingw32/lib/../lib/crt2.o
                0x0000000140011c10                .refptr.__mingw_app_type
 .rdata$.refptr.__mingw_initltsdrot_force
                0x0000000140011c20       0x10 A:/00_SHIELD/00_ITI/00_Sources/03_GCC_Compiler/msys64/mingw64/bin/../lib/gcc/x86_64-w64-mingw32/11.2.0/../../../../x86_64-w64-mingw32/lib/../lib/crt2.o
                0x0000000140011c20                .refptr.__mingw_initltsdrot_force
 .rdata$.refptr.__mingw_initltsdyn_force
                0x0000000140011c30       0x10 A:/00_SHIELD/00_ITI/00_Sources/03_GCC_Compiler/msys64/mingw64/bin/../lib/gcc/x86_64-w64-mingw32/11.2.0/../../../../x86_64-w64-mingw32/lib/../lib/crt2.o
                0x0000000140011c30                .refptr.__mingw_initltsdyn_force
 .rdata$.refptr.__mingw_initltssuo_force
                0x0000000140011c40       0x10 A:/00_SHIELD/00_ITI/00_Sources/03_GCC_Compiler/msys64/mingw64/bin/../lib/gcc/x86_64-w64-mingw32/11.2.0/../../../../x86_64-w64-mingw32/lib/../lib/crt2.o
                0x0000000140011c40                .refptr.__mingw_initltssuo_force
 .rdata$.refptr.__mingw_oldexcpt_handler
                0x0000000140011c50       0x10 A:/00_SHIELD/00_ITI/00_Sources/03_GCC_Compiler/msys64/mingw64/bin/../lib/gcc/x86_64-w64-mingw32/11.2.0/../../../../x86_64-w64-mingw32/lib/../lib/crt2.o
                0x0000000140011c50                .refptr.__mingw_oldexcpt_handler
 .rdata$.refptr.__native_startup_lock
                0x0000000140011c60       0x10 A:/00_SHIELD/00_ITI/00_Sources/03_GCC_Compiler/msys64/mingw64/bin/../lib/gcc/x86_64-w64-mingw32/11.2.0/../../../../x86_64-w64-mingw32/lib/../lib/crt2.o
                0x0000000140011c60                .refptr.__native_startup_lock
 .rdata$.refptr.__native_startup_state
                0x0000000140011c70       0x10 A:/00_SHIELD/00_ITI/00_Sources/03_GCC_Compiler/msys64/mingw64/bin/../lib/gcc/x86_64-w64-mingw32/11.2.0/../../../../x86_64-w64-mingw32/lib/../lib/crt2.o
                0x0000000140011c70                .refptr.__native_startup_state
 .rdata$.refptr.__tens_D2A
                0x0000000140011c80       0x10 A:/00_SHIELD/00_ITI/00_Sources/03_GCC_Compiler/msys64/mingw64/bin/../lib/gcc/x86_64-w64-mingw32/11.2.0/../../../../x86_64-w64-mingw32/lib/../lib/libmingwex.a(lib64_libmingwex_a-gdtoa.o)
                0x0000000140011c80                .refptr.__tens_D2A
 .rdata$.refptr.__tinytens_D2A
                0x0000000140011c90       0x10 A:/00_SHIELD/00_ITI/00_Sources/03_GCC_Compiler/msys64/mingw64/bin/../lib/gcc/x86_64-w64-mingw32/11.2.0/../../../../x86_64-w64-mingw32/lib/../lib/libmingwex.a(lib64_libmingwex_a-strtodg.o)
                0x0000000140011c90                .refptr.__tinytens_D2A
 .rdata$.refptr.__xc_a
                0x0000000140011ca0       0x10 A:/00_SHIELD/00_ITI/00_Sources/03_GCC_Compiler/msys64/mingw64/bin/../lib/gcc/x86_64-w64-mingw32/11.2.0/../../../../x86_64-w64-mingw32/lib/../lib/crt2.o
                0x0000000140011ca0                .refptr.__xc_a
 .rdata$.refptr.__xc_z
                0x0000000140011cb0       0x10 A:/00_SHIELD/00_ITI/00_Sources/03_GCC_Compiler/msys64/mingw64/bin/../lib/gcc/x86_64-w64-mingw32/11.2.0/../../../../x86_64-w64-mingw32/lib/../lib/crt2.o
                0x0000000140011cb0                .refptr.__xc_z
 .rdata$.refptr.__xi_a
                0x0000000140011cc0       0x10 A:/00_SHIELD/00_ITI/00_Sources/03_GCC_Compiler/msys64/mingw64/bin/../lib/gcc/x86_64-w64-mingw32/11.2.0/../../../../x86_64-w64-mingw32/lib/../lib/crt2.o
                0x0000000140011cc0                .refptr.__xi_a
 .rdata$.refptr.__xi_z
                0x0000000140011cd0       0x10 A:/00_SHIELD/00_ITI/00_Sources/03_GCC_Compiler/msys64/mingw64/bin/../lib/gcc/x86_64-w64-mingw32/11.2.0/../../../../x86_64-w64-mingw32/lib/../lib/crt2.o
                0x0000000140011cd0                .refptr.__xi_z
 .rdata$.refptr._commode
                0x0000000140011ce0       0x10 A:/00_SHIELD/00_ITI/00_Sources/03_GCC_Compiler/msys64/mingw64/bin/../lib/gcc/x86_64-w64-mingw32/11.2.0/../../../../x86_64-w64-mingw32/lib/../lib/crt2.o
                0x0000000140011ce0                .refptr._commode
 .rdata$.refptr._dowildcard
                0x0000000140011cf0       0x10 A:/00_SHIELD/00_ITI/00_Sources/03_GCC_Compiler/msys64/mingw64/bin/../lib/gcc/x86_64-w64-mingw32/11.2.0/../../../../x86_64-w64-mingw32/lib/../lib/crt2.o
                0x0000000140011cf0                .refptr._dowildcard
 .rdata$.refptr._fmode
                0x0000000140011d00       0x10 A:/00_SHIELD/00_ITI/00_Sources/03_GCC_Compiler/msys64/mingw64/bin/../lib/gcc/x86_64-w64-mingw32/11.2.0/../../../../x86_64-w64-mingw32/lib/../lib/crt2.o
                0x0000000140011d00                .refptr._fmode
 .rdata$.refptr._gnu_exception_handler
                0x0000000140011d10       0x10 A:/00_SHIELD/00_ITI/00_Sources/03_GCC_Compiler/msys64/mingw64/bin/../lib/gcc/x86_64-w64-mingw32/11.2.0/../../../../x86_64-w64-mingw32/lib/../lib/crt2.o
                0x0000000140011d10                .refptr._gnu_exception_handler
 .rdata$.refptr._matherr
                0x0000000140011d20       0x10 A:/00_SHIELD/00_ITI/00_Sources/03_GCC_Compiler/msys64/mingw64/bin/../lib/gcc/x86_64-w64-mingw32/11.2.0/../../../../x86_64-w64-mingw32/lib/../lib/crt2.o
                0x0000000140011d20                .refptr._matherr
 .rdata$.refptr._newmode
                0x0000000140011d30       0x10 A:/00_SHIELD/00_ITI/00_Sources/03_GCC_Compiler/msys64/mingw64/bin/../lib/gcc/x86_64-w64-mingw32/11.2.0/../../../../x86_64-w64-mingw32/lib/../lib/crt2.o
                0x0000000140011d30                .refptr._newmode
 .rdata$zzz     0x0000000140011d40       0x30 A:/00_SHIELD/00_ITI/00_Sources/03_GCC_Compiler/msys64/mingw64/bin/../lib/gcc/x86_64-w64-mingw32/11.2.0/../../../../x86_64-w64-mingw32/lib/../lib/crt2.o
 .rdata$zzz     0x0000000140011d70       0x30 A:/00_SHIELD/00_ITI/00_Sources/03_GCC_Compiler/msys64/mingw64/bin/../lib/gcc/x86_64-w64-mingw32/11.2.0/crtbegin.o
 .rdata$zzz     0x0000000140011da0       0x30 C:\Users\mmich\AppData\Local\Temp\ccIWdNSo.o
 .rdata$zzz     0x0000000140011dd0       0x30 A:/00_SHIELD/00_ITI/00_Sources/03_GCC_Compiler/msys64/mingw64/bin/../lib/gcc/x86_64-w64-mingw32/11.2.0/../../../../x86_64-w64-mingw32/lib/../lib/libmingw32.a(lib64_libmingw32_a-gccmain.o)
 .rdata$zzz     0x0000000140011e00       0x30 A:/00_SHIELD/00_ITI/00_Sources/03_GCC_Compiler/msys64/mingw64/bin/../lib/gcc/x86_64-w64-mingw32/11.2.0/../../../../x86_64-w64-mingw32/lib/../lib/libmingw32.a(lib64_libmingw32_a-natstart.o)
 .rdata$zzz     0x0000000140011e30       0x30 A:/00_SHIELD/00_ITI/00_Sources/03_GCC_Compiler/msys64/mingw64/bin/../lib/gcc/x86_64-w64-mingw32/11.2.0/../../../../x86_64-w64-mingw32/lib/../lib/libmingw32.a(lib64_libmingw32_a-wildcard.o)
 .rdata$zzz     0x0000000140011e60       0x30 A:/00_SHIELD/00_ITI/00_Sources/03_GCC_Compiler/msys64/mingw64/bin/../lib/gcc/x86_64-w64-mingw32/11.2.0/../../../../x86_64-w64-mingw32/lib/../lib/libmingw32.a(lib64_libmingw32_a-dllargv.o)
 .rdata$zzz     0x0000000140011e90       0x30 A:/00_SHIELD/00_ITI/00_Sources/03_GCC_Compiler/msys64/mingw64/bin/../lib/gcc/x86_64-w64-mingw32/11.2.0/../../../../x86_64-w64-mingw32/lib/../lib/libmingw32.a(lib64_libmingw32_a-_newmode.o)
 .rdata$zzz     0x0000000140011ec0       0x30 A:/00_SHIELD/00_ITI/00_Sources/03_GCC_Compiler/msys64/mingw64/bin/../lib/gcc/x86_64-w64-mingw32/11.2.0/../../../../x86_64-w64-mingw32/lib/../lib/libmingw32.a(lib64_libmingw32_a-tlssup.o)
 .rdata$zzz     0x0000000140011ef0       0x30 A:/00_SHIELD/00_ITI/00_Sources/03_GCC_Compiler/msys64/mingw64/bin/../lib/gcc/x86_64-w64-mingw32/11.2.0/../../../../x86_64-w64-mingw32/lib/../lib/libmingw32.a(lib64_libmingw32_a-xncommod.o)
 .rdata$zzz     0x0000000140011f20       0x30 A:/00_SHIELD/00_ITI/00_Sources/03_GCC_Compiler/msys64/mingw64/bin/../lib/gcc/x86_64-w64-mingw32/11.2.0/../../../../x86_64-w64-mingw32/lib/../lib/libmingw32.a(lib64_libmingw32_a-cinitexe.o)
 .rdata$zzz     0x0000000140011f50       0x30 A:/00_SHIELD/00_ITI/00_Sources/03_GCC_Compiler/msys64/mingw64/bin/../lib/gcc/x86_64-w64-mingw32/11.2.0/../../../../x86_64-w64-mingw32/lib/../lib/libmingw32.a(lib64_libmingw32_a-merr.o)
 .rdata$zzz     0x0000000140011f80       0x30 A:/00_SHIELD/00_ITI/00_Sources/03_GCC_Compiler/msys64/mingw64/bin/../lib/gcc/x86_64-w64-mingw32/11.2.0/../../../../x86_64-w64-mingw32/lib/../lib/libmingw32.a(lib64_libmingw32_a-CRT_fp10.o)
 .rdata$zzz     0x0000000140011fb0       0x30 A:/00_SHIELD/00_ITI/00_Sources/03_GCC_Compiler/msys64/mingw64/bin/../lib/gcc/x86_64-w64-mingw32/11.2.0/../../../../x86_64-w64-mingw32/lib/../lib/libmingw32.a(lib64_libmingw32_a-mingw_helpers.o)
 .rdata$zzz     0x0000000140011fe0       0x30 A:/00_SHIELD/00_ITI/00_Sources/03_GCC_Compiler/msys64/mingw64/bin/../lib/gcc/x86_64-w64-mingw32/11.2.0/../../../../x86_64-w64-mingw32/lib/../lib/libmingw32.a(lib64_libmingw32_a-pseudo-reloc.o)
 .rdata$zzz     0x0000000140012010       0x30 A:/00_SHIELD/00_ITI/00_Sources/03_GCC_Compiler/msys64/mingw64/bin/../lib/gcc/x86_64-w64-mingw32/11.2.0/../../../../x86_64-w64-mingw32/lib/../lib/libmingw32.a(lib64_libmingw32_a-usermatherr.o)
 .rdata$zzz     0x0000000140012040       0x30 A:/00_SHIELD/00_ITI/00_Sources/03_GCC_Compiler/msys64/mingw64/bin/../lib/gcc/x86_64-w64-mingw32/11.2.0/../../../../x86_64-w64-mingw32/lib/../lib/libmingw32.a(lib64_libmingw32_a-xtxtmode.o)
 .rdata$zzz     0x0000000140012070       0x30 A:/00_SHIELD/00_ITI/00_Sources/03_GCC_Compiler/msys64/mingw64/bin/../lib/gcc/x86_64-w64-mingw32/11.2.0/../../../../x86_64-w64-mingw32/lib/../lib/libmingw32.a(lib64_libmingw32_a-crt_handler.o)
 .rdata$zzz     0x00000001400120a0       0x30 A:/00_SHIELD/00_ITI/00_Sources/03_GCC_Compiler/msys64/mingw64/bin/../lib/gcc/x86_64-w64-mingw32/11.2.0/../../../../x86_64-w64-mingw32/lib/../lib/libmingw32.a(lib64_libmingw32_a-tlsthrd.o)
 .rdata$zzz     0x00000001400120d0       0x30 A:/00_SHIELD/00_ITI/00_Sources/03_GCC_Compiler/msys64/mingw64/bin/../lib/gcc/x86_64-w64-mingw32/11.2.0/../../../../x86_64-w64-mingw32/lib/../lib/libmingw32.a(lib64_libmingw32_a-tlsmcrt.o)
 .rdata$zzz     0x0000000140012100       0x30 A:/00_SHIELD/00_ITI/00_Sources/03_GCC_Compiler/msys64/mingw64/bin/../lib/gcc/x86_64-w64-mingw32/11.2.0/../../../../x86_64-w64-mingw32/lib/../lib/libmingw32.a(lib64_libmingw32_a-pseudo-reloc-list.o)
 .rdata$zzz     0x0000000140012130       0x30 A:/00_SHIELD/00_ITI/00_Sources/03_GCC_Compiler/msys64/mingw64/bin/../lib/gcc/x86_64-w64-mingw32/11.2.0/../../../../x86_64-w64-mingw32/lib/../lib/libmingw32.a(lib64_libmingw32_a-pesect.o)
 .rdata$zzz     0x0000000140012160       0x30 A:/00_SHIELD/00_ITI/00_Sources/03_GCC_Compiler/msys64/mingw64/bin/../lib/gcc/x86_64-w64-mingw32/11.2.0/libgcc.a(_ctors.o)
 .rdata$zzz     0x0000000140012190       0x30 A:/00_SHIELD/00_ITI/00_Sources/03_GCC_Compiler/msys64/mingw64/bin/../lib/gcc/x86_64-w64-mingw32/11.2.0/../../../../x86_64-w64-mingw32/lib/../lib/libmingwex.a(lib64_libmingwex_a-mingw_matherr.o)
 .rdata$zzz     0x00000001400121c0       0x30 A:/00_SHIELD/00_ITI/00_Sources/03_GCC_Compiler/msys64/mingw64/bin/../lib/gcc/x86_64-w64-mingw32/11.2.0/../../../../x86_64-w64-mingw32/lib/../lib/libmingwex.a(lib64_libmingwex_a-mingw_vfprintf.o)
 .rdata$zzz     0x00000001400121f0       0x30 A:/00_SHIELD/00_ITI/00_Sources/03_GCC_Compiler/msys64/mingw64/bin/../lib/gcc/x86_64-w64-mingw32/11.2.0/../../../../x86_64-w64-mingw32/lib/../lib/libmingwex.a(lib64_libmingwex_a-mingw_vfscanf.o)
 .rdata$zzz     0x0000000140012220       0x30 A:/00_SHIELD/00_ITI/00_Sources/03_GCC_Compiler/msys64/mingw64/bin/../lib/gcc/x86_64-w64-mingw32/11.2.0/../../../../x86_64-w64-mingw32/lib/../lib/libmingwex.a(lib64_libmingwex_a-strtof.o)
 .rdata$zzz     0x0000000140012250       0x30 A:/00_SHIELD/00_ITI/00_Sources/03_GCC_Compiler/msys64/mingw64/bin/../lib/gcc/x86_64-w64-mingw32/11.2.0/../../../../x86_64-w64-mingw32/lib/../lib/libmingwex.a(lib64_libmingwex_a-strtopx.o)
 .rdata$zzz     0x0000000140012280       0x30 A:/00_SHIELD/00_ITI/00_Sources/03_GCC_Compiler/msys64/mingw64/bin/../lib/gcc/x86_64-w64-mingw32/11.2.0/../../../../x86_64-w64-mingw32/lib/../lib/libmingwex.a(lib64_libmingwex_a-strtoimax.o)
 .rdata$zzz     0x00000001400122b0       0x30 A:/00_SHIELD/00_ITI/00_Sources/03_GCC_Compiler/msys64/mingw64/bin/../lib/gcc/x86_64-w64-mingw32/11.2.0/../../../../x86_64-w64-mingw32/lib/../lib/libmingwex.a(lib64_libmingwex_a-strtoumax.o)
 .rdata$zzz     0x00000001400122e0       0x30 A:/00_SHIELD/00_ITI/00_Sources/03_GCC_Compiler/msys64/mingw64/bin/../lib/gcc/x86_64-w64-mingw32/11.2.0/../../../../x86_64-w64-mingw32/lib/../lib/libmingwex.a(lib64_libmingwex_a-mingw_pformat.o)
 .rdata$zzz     0x0000000140012310       0x30 A:/00_SHIELD/00_ITI/00_Sources/03_GCC_Compiler/msys64/mingw64/bin/../lib/gcc/x86_64-w64-mingw32/11.2.0/../../../../x86_64-w64-mingw32/lib/../lib/libmingwex.a(lib64_libmingwex_a-dmisc.o)
 .rdata$zzz     0x0000000140012340       0x30 A:/00_SHIELD/00_ITI/00_Sources/03_GCC_Compiler/msys64/mingw64/bin/../lib/gcc/x86_64-w64-mingw32/11.2.0/../../../../x86_64-w64-mingw32/lib/../lib/libmingwex.a(lib64_libmingwex_a-gdtoa.o)
 .rdata$zzz     0x0000000140012370       0x30 A:/00_SHIELD/00_ITI/00_Sources/03_GCC_Compiler/msys64/mingw64/bin/../lib/gcc/x86_64-w64-mingw32/11.2.0/../../../../x86_64-w64-mingw32/lib/../lib/libmingwex.a(lib64_libmingwex_a-gmisc.o)
 .rdata$zzz     0x00000001400123a0       0x30 A:/00_SHIELD/00_ITI/00_Sources/03_GCC_Compiler/msys64/mingw64/bin/../lib/gcc/x86_64-w64-mingw32/11.2.0/../../../../x86_64-w64-mingw32/lib/../lib/libmingwex.a(lib64_libmingwex_a-misc.o)
 .rdata$zzz     0x00000001400123d0       0x30 A:/00_SHIELD/00_ITI/00_Sources/03_GCC_Compiler/msys64/mingw64/bin/../lib/gcc/x86_64-w64-mingw32/11.2.0/../../../../x86_64-w64-mingw32/lib/../lib/libmingwex.a(lib64_libmingwex_a-strtodg.o)
 .rdata$zzz     0x0000000140012400       0x30 A:/00_SHIELD/00_ITI/00_Sources/03_GCC_Compiler/msys64/mingw64/bin/../lib/gcc/x86_64-w64-mingw32/11.2.0/../../../../x86_64-w64-mingw32/lib/../lib/libmingwex.a(lib64_libmingwex_a-sum.o)
 .rdata$zzz     0x0000000140012430       0x30 A:/00_SHIELD/00_ITI/00_Sources/03_GCC_Compiler/msys64/mingw64/bin/../lib/gcc/x86_64-w64-mingw32/11.2.0/../../../../x86_64-w64-mingw32/lib/../lib/libmingwex.a(lib64_libmingwex_a-strnlen.o)
 .rdata$zzz     0x0000000140012460       0x30 A:/00_SHIELD/00_ITI/00_Sources/03_GCC_Compiler/msys64/mingw64/bin/../lib/gcc/x86_64-w64-mingw32/11.2.0/../../../../x86_64-w64-mingw32/lib/../lib/libmingwex.a(lib64_libmingwex_a-wcsnlen.o)
 .rdata$zzz     0x0000000140012490       0x30 A:/00_SHIELD/00_ITI/00_Sources/03_GCC_Compiler/msys64/mingw64/bin/../lib/gcc/x86_64-w64-mingw32/11.2.0/../../../../x86_64-w64-mingw32/lib/../lib/libmingwex.a(lib64_libmingwex_a-gethex.o)
 .rdata$zzz     0x00000001400124c0       0x30 A:/00_SHIELD/00_ITI/00_Sources/03_GCC_Compiler/msys64/mingw64/bin/../lib/gcc/x86_64-w64-mingw32/11.2.0/../../../../x86_64-w64-mingw32/lib/../lib/libmingwex.a(lib64_libmingwex_a-hd_init.o)
 .rdata$zzz     0x00000001400124f0       0x30 A:/00_SHIELD/00_ITI/00_Sources/03_GCC_Compiler/msys64/mingw64/bin/../lib/gcc/x86_64-w64-mingw32/11.2.0/../../../../x86_64-w64-mingw32/lib/../lib/libmingwex.a(lib64_libmingwex_a-hexnan.o)
 .rdata$zzz     0x0000000140012520       0x30 A:/00_SHIELD/00_ITI/00_Sources/03_GCC_Compiler/msys64/mingw64/bin/../lib/gcc/x86_64-w64-mingw32/11.2.0/../../../../x86_64-w64-mingw32/lib/../lib/libmingwex.a(lib64_libmingwex_a-smisc.o)
 .rdata$zzz     0x0000000140012550       0x30 A:/00_SHIELD/00_ITI/00_Sources/03_GCC_Compiler/msys64/mingw64/bin/../lib/gcc/x86_64-w64-mingw32/11.2.0/../../../../x86_64-w64-mingw32/lib/../lib/libmsvcrt.a(lib64_libmsvcrt_extra_a-__p__fmode.o)
 .rdata$zzz     0x0000000140012580       0x30 A:/00_SHIELD/00_ITI/00_Sources/03_GCC_Compiler/msys64/mingw64/bin/../lib/gcc/x86_64-w64-mingw32/11.2.0/../../../../x86_64-w64-mingw32/lib/../lib/libmsvcrt.a(lib64_libmsvcrt_extra_a-__p__commode.o)
 .rdata$zzz     0x00000001400125b0       0x30 A:/00_SHIELD/00_ITI/00_Sources/03_GCC_Compiler/msys64/mingw64/bin/../lib/gcc/x86_64-w64-mingw32/11.2.0/../../../../x86_64-w64-mingw32/lib/../lib/libmsvcrt.a(lib64_libmsvcrt_extra_a-__p__acmdln.o)
 .rdata$zzz     0x00000001400125e0       0x30 A:/00_SHIELD/00_ITI/00_Sources/03_GCC_Compiler/msys64/mingw64/bin/../lib/gcc/x86_64-w64-mingw32/11.2.0/../../../../x86_64-w64-mingw32/lib/../lib/libmsvcrt.a(lib64_libmsvcrt_extra_a-mingw_lock.o)
 .rdata$zzz     0x0000000140012610       0x30 A:/00_SHIELD/00_ITI/00_Sources/03_GCC_Compiler/msys64/mingw64/bin/../lib/gcc/x86_64-w64-mingw32/11.2.0/../../../../x86_64-w64-mingw32/lib/../lib/libmsvcrt.a(lib64_libmsvcrt_extra_a-invalid_parameter_handler.o)
 .rdata$zzz     0x0000000140012640       0x30 A:/00_SHIELD/00_ITI/00_Sources/03_GCC_Compiler/msys64/mingw64/bin/../lib/gcc/x86_64-w64-mingw32/11.2.0/../../../../x86_64-w64-mingw32/lib/../lib/libmsvcrt.a(lib64_libmsvcrt_common_a-acrt_iob_func.o)