Archive member included to satisfy reference by file (symbol)

A:/00_SHIELD/00_ITI/00_Sources/03_GCC_Compiler/msys64/mingw64/bin/../lib/gcc/x86_64-w64-mingw32/11.2.0/../../../../x86_64-w64-mingw32/lib/../lib/libmingw32.a(lib64_libmingw32_a-gccmain.o)
                              A:/00_SHIELD/00_ITI/00_Sources/03_GCC_Compiler/msys64/mingw64/bin/../lib/gcc/x86_64-w64-mingw32/11.2.0/../../../../x86_64-w64-mingw32/lib/../lib/crt2.o (__main)
A:/00_SHIELD/00_ITI/00_Sources/03_GCC_Compiler/msys64/mingw64/bin/../lib/gcc/x86_64-w64-mingw32/11.2.0/../../../../x86_64-w64-mingw32/lib/../lib/libmingw32.a(lib64_libmingw32_a-natstart.o)
                              A:/00_SHIELD/00_ITI/00_Sources/03_GCC_Compiler/msys64/mingw64/bin/../lib/gcc/x86_64-w64-mingw32/11.2.0/../../../../x86_64-w64-mingw32/lib/../lib/crt2.o (__native_startup_lock)
A:/00_SHIELD/00_ITI/00_Sources/03_GCC_Compiler/msys64/mingw64/bin/../lib/gcc/x86_64-w64-mingw32/11.2.0/../../../../x86_64-w64-mingw32/lib/../lib/libmingw32.a(lib64_libmingw32_a-wildcard.o)
                              A:/00_SHIELD/00_ITI/00_Sources/03_GCC_Compiler/msys64/mingw64/bin/../lib/gcc/x86_64-w64-mingw32/11.2.0/../../../../x86_64-w64-mingw32/lib/../lib/crt2.o (_dowildcard)
A:/00_SHIELD/00_ITI/00_Sources/03_GCC_Compiler/msys64/mingw64/bin/../lib/gcc/x86_64-w64-mingw32/11.2.0/../../../../x86_64-w64-mingw32/lib/../lib/libmingw32.a(lib64_libmingw32_a-dllargv.o)
                              A:/00_SHIELD/00_ITI/00_Sources/03_GCC_Compiler/msys64/mingw64/bin/../lib/gcc/x86_64-w64-mingw32/11.2.0/../../../../x86_64-w64-mingw32/lib/../lib/crt2.o (_setargv)
A:/00_SHIELD/00_ITI/00_Sources/03_GCC_Compiler/msys64/mingw64/bin/../lib/gcc/x86_64-w64-mingw32/11.2.0/../../../../x86_64-w64-mingw32/lib/../lib/libmingw32.a(lib64_libmingw32_a-_newmode.o)
                              A:/00_SHIELD/00_ITI/00_Sources/03_GCC_Compiler/msys64/mingw64/bin/../lib/gcc/x86_64-w64-mingw32/11.2.0/../../../../x86_64-w64-mingw32/lib/../lib/crt2.o (_newmode)
A:/00_SHIELD/00_ITI/00_Sources/03_GCC_Compiler/msys64/mingw64/bin/../lib/gcc/x86_64-w64-mingw32/11.2.0/../../../../x86_64-w64-mingw32/lib/../lib/libmingw32.a(lib64_libmingw32_a-tlssup.o)
                              A:/00_SHIELD/00_ITI/00_Sources/03_GCC_Compiler/msys64/mingw64/bin/../lib/gcc/x86_64-w64-mingw32/11.2.0/../../../../x86_64-w64-mingw32/lib/../lib/crt2.o (__mingw_initltssuo_force)
A:/00_SHIELD/00_ITI/00_Sources/03_GCC_Compiler/msys64/mingw64/bin/../lib/gcc/x86_64-w64-mingw32/11.2.0/../../../../x86_64-w64-mingw32/lib/../lib/libmingw32.a(lib64_libmingw32_a-xncommod.o)
                              A:/00_SHIELD/00_ITI/00_Sources/03_GCC_Compiler/msys64/mingw64/bin/../lib/gcc/x86_64-w64-mingw32/11.2.0/../../../../x86_64-w64-mingw32/lib/../lib/crt2.o (_commode)
A:/00_SHIELD/00_ITI/00_Sources/03_GCC_Compiler/msys64/mingw64/bin/../lib/gcc/x86_64-w64-mingw32/11.2.0/../../../../x86_64-w64-mingw32/lib/../lib/libmingw32.a(lib64_libmingw32_a-cinitexe.o)
                              A:/00_SHIELD/00_ITI/00_Sources/03_GCC_Compiler/msys64/mingw64/bin/../lib/gcc/x86_64-w64-mingw32/11.2.0/../../../../x86_64-w64-mingw32/lib/../lib/crt2.o (__xc_z)
A:/00_SHIELD/00_ITI/00_Sources/03_GCC_Compiler/msys64/mingw64/bin/../lib/gcc/x86_64-w64-mingw32/11.2.0/../../../../x86_64-w64-mingw32/lib/../lib/libmingw32.a(lib64_libmingw32_a-merr.o)
                              A:/00_SHIELD/00_ITI/00_Sources/03_GCC_Compiler/msys64/mingw64/bin/../lib/gcc/x86_64-w64-mingw32/11.2.0/../../../../x86_64-w64-mingw32/lib/../lib/crt2.o (_matherr)
A:/00_SHIELD/00_ITI/00_Sources/03_GCC_Compiler/msys64/mingw64/bin/../lib/gcc/x86_64-w64-mingw32/11.2.0/../../../../x86_64-w64-mingw32/lib/../lib/libmingw32.a(lib64_libmingw32_a-CRT_fp10.o)
                              A:/00_SHIELD/00_ITI/00_Sources/03_GCC_Compiler/msys64/mingw64/bin/../lib/gcc/x86_64-w64-mingw32/11.2.0/../../../../x86_64-w64-mingw32/lib/../lib/crt2.o (_fpreset)
A:/00_SHIELD/00_ITI/00_Sources/03_GCC_Compiler/msys64/mingw64/bin/../lib/gcc/x86_64-w64-mingw32/11.2.0/../../../../x86_64-w64-mingw32/lib/../lib/libmingw32.a(lib64_libmingw32_a-mingw_helpers.o)
                              A:/00_SHIELD/00_ITI/00_Sources/03_GCC_Compiler/msys64/mingw64/bin/../lib/gcc/x86_64-w64-mingw32/11.2.0/../../../../x86_64-w64-mingw32/lib/../lib/crt2.o (__mingw_app_type)
A:/00_SHIELD/00_ITI/00_Sources/03_GCC_Compiler/msys64/mingw64/bin/../lib/gcc/x86_64-w64-mingw32/11.2.0/../../../../x86_64-w64-mingw32/lib/../lib/libmingw32.a(lib64_libmingw32_a-pseudo-reloc.o)
                              A:/00_SHIELD/00_ITI/00_Sources/03_GCC_Compiler/msys64/mingw64/bin/../lib/gcc/x86_64-w64-mingw32/11.2.0/../../../../x86_64-w64-mingw32/lib/../lib/crt2.o (_pei386_runtime_relocator)
A:/00_SHIELD/00_ITI/00_Sources/03_GCC_Compiler/msys64/mingw64/bin/../lib/gcc/x86_64-w64-mingw32/11.2.0/../../../../x86_64-w64-mingw32/lib/../lib/libmingw32.a(lib64_libmingw32_a-usermatherr.o)
[...]
Memory Configuration

Name             Origin             Length             Attributes
*default*        0x0000000000000000 0xffffffffffffffff

Linker script and memory map

                0x0000000140000000                __image_base__ = 0x140000000
                0x0000000000000000                __dll__ = 0x0
                0x0000000140000000                __ImageBase = 0x140000000
                0x0000000000001000                __section_alignment__ = 0x1000
                0x0000000000000200                __file_alignment__ = 0x200
                0x0000000000000004                __major_os_version__ = 0x4
                0x0000000000000000                __minor_os_version__ = 0x0
                0x0000000000000000                __major_image_version__ = 0x0
                0x0000000000000000                __minor_image_version__ = 0x0
                0x0000000000000005                __major_subsystem_version__ = 0x5
                0x0000000000000002                __minor_subsystem_version__ = 0x2
                0x0000000000000003                __subsystem__ = 0x3
                0x0000000000200000                __size_of_stack_reserve__ = 0x200000
                0x0000000000001000                __size_of_stack_commit__ = 0x1000
                0x0000000000100000                __size_of_heap_reserve__ = 0x100000
                0x0000000000001000                __size_of_heap_commit__ = 0x1000
                0x0000000000000000                __loader_flags__ = 0x0
                0x0000000000000160                __dll_characteristics__ = 0x160
LOAD A:/00_SHIELD/00_ITI/00_Sources/03_GCC_Compiler/msys64/mingw64/bin/../lib/gcc/x86_64-w64-mingw32/11.2.0/../../../../x86_64-w64-mingw32/lib/../lib/crt2.o
LOAD A:/00_SHIELD/00_ITI/00_Sources/03_GCC_Compiler/msys64/mingw64/bin/../lib/gcc/x86_64-w64-mingw32/11.2.0/crtbegin.o
LOAD C:\Users\mmich\AppData\Local\Temp\ccI3quID.o
LOAD A:/00_SHIELD/00_ITI/00_Sources/03_GCC_Compiler/msys64/mingw64/bin/../lib/gcc/x86_64-w64-mingw32/11.2.0/../../../../x86_64-w64-mingw32/lib/../lib/libmingw32.a
LOAD A:/00_SHIELD/00_ITI/00_Sources/03_GCC_Compiler/msys64/mingw64/bin/../lib/gcc/x86_64-w64-mingw32/11.2.0/libgcc.a
LOAD A:/00_SHIELD/00_ITI/00_Sources/03_GCC_Compiler/msys64/mingw64/bin/../lib/gcc/x86_64-w64-mingw32/11.2.0/libgcc_eh.a
LOAD A:/00_SHIELD/00_ITI/00_Sources/03_GCC_Compiler/msys64/mingw64/bin/../lib/gcc/x86_64-w64-mingw32/11.2.0/../../../../x86_64-w64-mingw32/lib/../lib/libmoldname.a
LOAD A:/00_SHIELD/00_ITI/00_Sources/03_GCC_Compiler/msys64/mingw64/bin/../lib/gcc/x86_64-w64-mingw32/11.2.0/../../../../x86_64-w64-mingw32/lib/../lib/libmingwex.a
LOAD A:/00_SHIELD/00_ITI/00_Sources/03_GCC_Compiler/msys64/mingw64/bin/../lib/gcc/x86_64-w64-mingw32/11.2.0/../../../../x86_64-w64-mingw32/lib/../lib/libmsvcrt.a
LOAD A:/00_SHIELD/00_ITI/00_Sources/03_GCC_Compiler/msys64/mingw64/bin/../lib/gcc/x86_64-w64-mingw32/11.2.0/../../../../x86_64-w64-mingw32/lib/../lib/libkernel32.a
LOAD A:/00_SHIELD/00_ITI/00_Sources/03_GCC_Compiler/msys64/mingw64/bin/../lib/gcc/x86_64-w64-mingw32/11.2.0/../../../../x86_64-w64-mingw32/lib/../lib/libpthread.dll.a
LOAD A:/00_SHIELD/00_ITI/00_Sources/03_GCC_Compiler/msys64/mingw64/bin/../lib/gcc/x86_64-w64-mingw32/11.2.0/../../../../x86_64-w64-mingw32/lib/../lib/libadvapi32.a
LOAD A:/00_SHIELD/00_ITI/00_Sources/03_GCC_Compiler/msys64/mingw64/bin/../lib/gcc/x86_64-w64-mingw32/11.2.0/../../../../x86_64-w64-mingw32/lib/../lib/libshell32.a
LOAD A:/00_SHIELD/00_ITI/00_Sources/03_GCC_Compiler/msys64/mingw64/bin/../lib/gcc/x86_64-w64-mingw32/11.2.0/../../../../x86_64-w64-mingw32/lib/../lib/libuser32.a
LOAD A:/00_SHIELD/00_ITI/00_Sources/03_GCC_Compiler/msys64/mingw64/bin/../lib/gcc/x86_64-w64-mingw32/11.2.0/../../../../x86_64-w64-mingw32/lib/../lib/libkernel32.a
LOAD A:/00_SHIELD/00_ITI/00_Sources/03_GCC_Compiler/msys64/mingw64/bin/../lib/gcc/x86_64-w64-mingw32/11.2.0/../../../../x86_64-w64-mingw32/lib/../lib/libmingw32.a
LOAD A:/00_SHIELD/00_ITI/00_Sources/03_GCC_Compiler/msys64/mingw64/bin/../lib/gcc/x86_64-w64-mingw32/11.2.0/libgcc.a
LOAD A:/00_SHIELD/00_ITI/00_Sources/03_GCC_Compiler/msys64/mingw64/bin/../lib/gcc/x86_64-w64-mingw32/11.2.0/libgcc_eh.a
LOAD A:/00_SHIELD/00_ITI/00_Sources/03_GCC_Compiler/msys64/mingw64/bin/../lib/gcc/x86_64-w64-mingw32/11.2.0/../../../../x86_64-w64-mingw32/lib/../lib/libmoldname.a
LOAD A:/00_SHIELD/00_ITI/00_Sources/03_GCC_Compiler/msys64/mingw64/bin/../lib/gcc/x86_64-w64-mingw32/11.2.0/../../../../x86_64-w64-mingw32/lib/../lib/libmingwex.a
LOAD A:/00_SHIELD/00_ITI/00_Sources/03_GCC_Compiler/msys64/mingw64/bin/../lib/gcc/x86_64-w64-mingw32/11.2.0/../../../../x86_64-w64-mingw32/lib/../lib/libmsvcrt.a
LOAD A:/00_SHIELD/00_ITI/00_Sources/03_GCC_Compiler/msys64/mingw64/bin/../lib/gcc/x86_64-w64-mingw32/11.2.0/../../../../x86_64-w64-mingw32/lib/../lib/libkernel32.a
LOAD A:/00_SHIELD/00_ITI/00_Sources/03_GCC_Compiler/msys64/mingw64/bin/../lib/gcc/x86_64-w64-mingw32/11.2.0/../../../../x86_64-w64-mingw32/lib/../lib/default-manifest.o
LOAD A:/00_SHIELD/00_ITI/00_Sources/03_GCC_Compiler/msys64/mingw64/bin/../lib/gcc/x86_64-w64-mingw32/11.2.0/crtend.o
                0x00000000000004a8                . = SIZEOF_HEADERS
                0x0000000000001000                . = ALIGN (__section_alignment__)

.text           0x0000000140001000     0x6e00
 *(SORT_NONE(.init))
 *(.text)
 .text          0x0000000140001000      0x510 A:/00_SHIELD/00_ITI/00_Sources/03_GCC_Compiler/msys64/mingw64/bin/../lib/gcc/x86_64-w64-mingw32/11.2.0/../../../../x86_64-w64-mingw32/lib/../lib/crt2.o
                0x00000001400014b0                WinMainCRTStartup
                0x00000001400014d0                mainCRTStartup
                0x00000001400014f0                atexit
 .text          0x0000000140001510       0x20 A:/00_SHIELD/00_ITI/00_Sources/03_GCC_Compiler/msys64/mingw64/bin/../lib/gcc/x86_64-w64-mingw32/11.2.0/crtbegin.o
                0x0000000140001510                __gcc_register_frame
                0x0000000140001520                __gcc_deregister_frame
 .text          0x0000000140001530      0x1b0 C:\Users\mmich\AppData\Local\Temp\ccI3quID.o
                0x0000000140001581                main
 .text          0x00000001400016e0       0xd0 A:/00_SHIELD/00_ITI/00_Sources/03_GCC_Compiler/msys64/mingw64/bin/../lib/gcc/x86_64-w64-mingw32/11.2.0/../../../../x86_64-w64-mingw32/lib/../lib/libmingw32.a(lib64_libmingw32_a-gccmain.o)
                0x00000001400016e0                __do_global_dtors
                0x0000000140001720                __do_global_ctors
                0x0000000140001790                __main
 .text          0x00000001400017b0        0x0 A:/00_SHIELD/00_ITI/00_Sources/03_GCC_Compiler/msys64/mingw64/bin/../lib/gcc/x86_64-w64-mingw32/11.2.0/../../../../x86_64-w64-mingw32/lib/../lib/libmingw32.a(lib64_libmingw32_a-natstart.o)
 .text          0x00000001400017b0        0x0 A:/00_SHIELD/00_ITI/00_Sources/03_GCC_Compiler/msys64/mingw64/bin/../lib/gcc/x86_64-w64-mingw32/11.2.0/../../../../x86_64-w64-mingw32/lib/../lib/libmingw32.a(lib64_libmingw32_a-wildcard.o)
 .text          0x00000001400017b0       0x10 A:/00_SHIELD/00_ITI/00_Sources/03_GCC_Compiler/msys64/mingw64/bin/../lib/gcc/x86_64-w64-mingw32/11.2.0/../../../../x86_64-w64-mingw32/lib/../lib/libmingw32.a(lib64_libmingw32_a-dllargv.o)
                0x00000001400017b0                _setargv
 .text          0x00000001400017c0        0x0 A:/00_SHIELD/00_ITI/00_Sources/03_GCC_Compiler/msys64/mingw64/bin/../lib/gcc/x86_64-w64-mingw32/11.2.0/../../../../x86_64-w64-mingw32/lib/../lib/libmingw32.a(lib64_libmingw32_a-_newmode.o)
 .text          0x00000001400017c0       0xd0 A:/00_SHIELD/00_ITI/00_Sources/03_GCC_Compiler/msys64/mingw64/bin/../lib/gcc/x86_64-w64-mingw32/11.2.0/../../../../x86_64-w64-mingw32/lib/../lib/libmingw32.a(lib64_libmingw32_a-tlssup.o)
                0x00000001400017f0                __dyn_tls_init
                0x0000000140001880                __tlregdtor
 .text          0x0000000140001890        0x0 A:/00_SHIELD/00_ITI/00_Sources/03_GCC_Compiler/msys64/mingw64/bin/../lib/gcc/x86_64-w64-mingw32/11.2.0/../../../../x86_64-w64-mingw32/lib/../lib/libmingw32.a(lib64_libmingw32_a-xncommod.o)
 .text          0x0000000140001890        0x0 A:/00_SHIELD/00_ITI/00_Sources/03_GCC_Compiler/msys64/mingw64/bin/../lib/gcc/x86_64-w64-mingw32/11.2.0/../../../../x86_64-w64-mingw32/lib/../lib/libmingw32.a(lib64_libmingw32_a-cinitexe.o)
 .text          0x0000000140001890      0x100 A:/00_SHIELD/00_ITI/00_Sources/03_GCC_Compiler/msys64/mingw64/bin/../lib/gcc/x86_64-w64-mingw32/11.2.0/../../../../x86_64-w64-mingw32/lib/../lib/libmingw32.a(lib64_libmingw32_a-merr.o)
                0x0000000140001890                _matherr
 .text          0x0000000140001990       0x10 A:/00_SHIELD/00_ITI/00_Sources/03_GCC_Compiler/msys64/mingw64/bin/../lib/gcc/x86_64-w64-mingw32/11.2.0/../../../../x86_64-w64-mingw32/lib/../lib/libmingw32.a(lib64_libmingw32_a-CRT_fp10.o)
                0x0000000140001990                fpreset
                0x0000000140001990                _fpreset
 .text          0x00000001400019a0        0x0 A:/00_SHIELD/00_ITI/00_Sources/03_GCC_Compiler/msys64/mingw64/bin/../lib/gcc/x86_64-w64-mingw32/11.2.0/../../../../x86_64-w64-mingw32/lib/../lib/libmingw32.a(lib64_libmingw32_a-mingw_helpers.o)
 .text          0x00000001400019a0      0x520 A:/00_SHIELD/00_ITI/00_Sources/03_GCC_Compiler/msys64/mingw64/bin/../lib/gcc/x86_64-w64-mingw32/11.2.0/../../../../x86_64-w64-mingw32/lib/../lib/libmingw32.a(lib64_libmingw32_a-pseudo-reloc.o)
                0x0000000140001b80                _pei386_runtime_relocator
 .text          0x0000000140001ec0       0x60 A:/00_SHIELD/00_ITI/00_Sources/03_GCC_Compiler/msys64/mingw64/bin/../lib/gcc/x86_64-w64-mingw32/11.2.0/../../../../x86_64-w64-mingw32/lib/../lib/libmingw32.a(lib64_libmingw32_a-usermatherr.o)
                0x0000000140001ec0                __mingw_raise_matherr
                0x0000000140001f10                __mingw_setusermatherr
 .text          0x0000000140001f20        0x0 A:/00_SHIELD/00_ITI/00_Sources/03_GCC_Compiler/msys64/mingw64/bin/../lib/gcc/x86_64-w64-mingw32/11.2.0/../../../../x86_64-w64-mingw32/lib/../lib/libmingw32.a(lib64_libmingw32_a-xtxtmode.o)
 .text          0x0000000140001f20      0x1c0 A:/00_SHIELD/00_ITI/00_Sources/03_GCC_Compiler/msys64/mingw64/bin/../lib/gcc/x86_64-w64-mingw32/11.2.0/../../../../x86_64-w64-mingw32/lib/../lib/libmingw32.a(lib64_libmingw32_a-crt_handler.o)
                0x0000000140001f20                _gnu_exception_handler
 .text          0x00000001400020e0      0x290 A:/00_SHIELD/00_ITI/00_Sources/03_GCC_Compiler/msys64/mingw64/bin/../lib/gcc/x86_64-w64-mingw32/11.2.0/../../../../x86_64-w64-mingw32/lib/../lib/libmingw32.a(lib64_libmingw32_a-tlsthrd.o)
                0x0000000140002160                ___w64_mingwthr_add_key_dtor
                0x00000001400021f0                ___w64_mingwthr_remove_key_dtor
                0x0000000140002280                __mingw_TLScallback
 .text          0x0000000140002370        0x0 A:/00_SHIELD/00_ITI/00_Sources/03_GCC_Compiler/msys64/mingw64/bin/../lib/gcc/x86_64-w64-mingw32/11.2.0/../../../../x86_64-w64-mingw32/lib/../lib/libmingw32.a(lib64_libmingw32_a-tlsmcrt.o)
 .text          0x0000000140002370        0x0 A:/00_SHIELD/00_ITI/00_Sources/03_GCC_Compiler/msys64/mingw64/bin/../lib/gcc/x86_64-w64-mingw32/11.2.0/../../../../x86_64-w64-mingw32/lib/../lib/libmingw32.a(lib64_libmingw32_a-pseudo-reloc-list.o)
 .text          0x0000000140002370      0x3e0 A:/00_SHIELD/00_ITI/00_Sources/03_GCC_Compiler/msys64/mingw64/bin/../lib/gcc/x86_64-w64-mingw32/11.2.0/../../../../x86_64-w64-mingw32/lib/../lib/libmingw32.a(lib64_libmingw32_a-pesect.o)
                0x0000000140002370                _ValidateImageBase
                0x00000001400023a0                _FindPESection
                0x00000001400023f0                _FindPESectionByName
                0x0000000140002490                __mingw_GetSectionForAddress
                0x0000000140002510                __mingw_GetSectionCount
                0x0000000140002550                _FindPESectionExec
                0x00000001400025c0                _GetPEImageBase
                0x0000000140002600                _IsNonwritableInCurrentImage
                0x0000000140002690                __mingw_enum_import_library_names
 .text          0x0000000140002750       0x40 A:/00_SHIELD/00_ITI/00_Sources/03_GCC_Compiler/msys64/mingw64/bin/../lib/gcc/x86_64-w64-mingw32/11.2.0/libgcc.a(_chkstk_ms.o)
                0x0000000140002750                ___chkstk_ms
 .text          0x0000000140002790        0x0 A:/00_SHIELD/00_ITI/00_Sources/03_GCC_Compiler/msys64/mingw64/bin/../lib/gcc/x86_64-w64-mingw32/11.2.0/libgcc.a(_ctors.o)
 .text          0x0000000140002790        0x0 A:/00_SHIELD/00_ITI/00_Sources/03_GCC_Compiler/msys64/mingw64/bin/../lib/gcc/x86_64-w64-mingw32/11.2.0/../../../../x86_64-w64-mingw32/lib/../lib/libmingwex.a(lib64_libmingwex_a-mingw_matherr.o)
 .text          0x0000000140002790       0x50 A:/00_SHIELD/00_ITI/00_Sources/03_GCC_Compiler/msys64/mingw64/bin/../lib/gcc/x86_64-w64-mingw32/11.2.0/../../../../x86_64-w64-mingw32/lib/../lib/libmingwex.a(lib64_libmingwex_a-mingw_vfprintf.o)
                0x0000000140002790                __mingw_vfprintf
 .text          0x00000001400027e0     0x25e0 A:/00_SHIELD/00_ITI/00_Sources/03_GCC_Compiler/msys64/mingw64/bin/../lib/gcc/x86_64-w64-mingw32/11.2.0/../../../../x86_64-w64-mingw32/lib/../lib/libmingwex.a(lib64_libmingwex_a-mingw_pformat.o)
                0x0000000140004280                __mingw_pformat
 .text          0x0000000140004dc0      0x250 A:/00_SHIELD/00_ITI/00_Sources/03_GCC_Compiler/msys64/mingw64/bin/../lib/gcc/x86_64-w64-mingw32/11.2.0/../../../../x86_64-w64-mingw32/lib/../lib/libmingwex.a(lib64_libmingwex_a-dmisc.o)
                0x0000000140004dc0                __rv_alloc_D2A
                0x0000000140004e00                __nrv_alloc_D2A
                0x0000000140004e80                __freedtoa
                0x0000000140004ea0                __quorem_D2A
 .text          0x0000000140005010     0x16e0 A:/00_SHIELD/00_ITI/00_Sources/03_GCC_Compiler/msys64/mingw64/bin/../lib/gcc/x86_64-w64-mingw32/11.2.0/../../../../x86_64-w64-mingw32/lib/../lib/libmingwex.a(lib64_libmingwex_a-gdtoa.o)
                0x0000000140005010                __gdtoa
 .text          0x00000001400066f0      0x150 A:/00_SHIELD/00_ITI/00_Sources/03_GCC_Compiler/msys64/mingw64/bin/../lib/gcc/x86_64-w64-mingw32/11.2.0/../../../../x86_64-w64-mingw32/lib/../lib/libmingwex.a(lib64_libmingwex_a-gmisc.o)
                0x00000001400066f0                __rshift_D2A
                0x00000001400067f0                __trailz_D2A
 .text          0x0000000140006840      0xd00 A:/00_SHIELD/00_ITI/00_Sources/03_GCC_Compiler/msys64/mingw64/bin/../lib/gcc/x86_64-w64-mingw32/11.2.0/../../../../x86_64-w64-mingw32/lib/../lib/libmingwex.a(lib64_libmingwex_a-misc.o)
                0x0000000140006970                __Balloc_D2A
                0x0000000140006a70                __Bfree_D2A
                0x0000000140006ae0                __multadd_D2A
                0x0000000140006b90                __i2b_D2A
                0x0000000140006c50                __mult_D2A
                0x0000000140006db0                __pow5mult_D2A
                0x0000000140006fc0                __lshift_D2A
                0x00000001400070d0                __cmp_D2A
                0x0000000140007120                __diff_D2A
                0x00000001400072f0                __b2d_D2A
                0x0000000140007400                __d2b_D2A
                0x0000000140007510                __strcp_D2A
 .text          0x0000000140007540       0x30 A:/00_SHIELD/00_ITI/00_Sources/03_GCC_Compiler/msys64/mingw64/bin/../lib/gcc/x86_64-w64-mingw32/11.2.0/../../../../x86_64-w64-mingw32/lib/../lib/libmingwex.a(lib64_libmingwex_a-strnlen.o)
                0x0000000140007540                strnlen
 .text          0x0000000140007570       0x30 A:/00_SHIELD/00_ITI/00_Sources/03_GCC_Compiler/msys64/mingw64/bin/../lib/gcc/x86_64-w64-mingw32/11.2.0/../../../../x86_64-w64-mingw32/lib/../lib/libmingwex.a(lib64_libmingwex_a-wcsnlen.o)
                0x0000000140007570                wcsnlen
 .text          0x00000001400075a0       0x10 A:/00_SHIELD/00_ITI/00_Sources/03_GCC_Compiler/msys64/mingw64/bin/../lib/gcc/x86_64-w64-mingw32/11.2.0/../../../../x86_64-w64-mingw32/lib/../lib/libmsvcrt.a(lib64_libmsvcrt_extra_a-__p__fmode.o)
                0x00000001400075a0                __p__fmode
 .text          0x00000001400075b0       0x10 A:/00_SHIELD/00_ITI/00_Sources/03_GCC_Compiler/msys64/mingw64/bin/../lib/gcc/x86_64-w64-mingw32/11.2.0/../../../../x86_64-w64-mingw32/lib/../lib/libmsvcrt.a(lib64_libmsvcrt_extra_a-__p__commode.o)
                0x00000001400075b0                __p__commode
 .text          0x00000001400075c0       0x10 A:/00_SHIELD/00_ITI/00_Sources/03_GCC_Compiler/msys64/mingw64/bin/../lib/gcc/x86_64-w64-mingw32/11.2.0/../../../../x86_64-w64-mingw32/lib/../lib/libmsvcrt.a(lib64_libmsvcrt_extra_a-__p__acmdln.o)
                0x00000001400075c0                __p__acmdln
 .text          0x00000001400075d0       0xd0 A:/00_SHIELD/00_ITI/00_Sources/03_GCC_Compiler/msys64/mingw64/bin/../lib/gcc/x86_64-w64-mingw32/11.2.0/../../../../x86_64-w64-mingw32/lib/../lib/libmsvcrt.a(lib64_libmsvcrt_extra_a-mingw_lock.o)
                0x00000001400075d0                _lock_file
                0x0000000140007640                _unlock_file
 .text          0x00000001400076a0       0x20 A:/00_SHIELD/00_ITI/00_Sources/03_GCC_Compiler/msys64/mingw64/bin/../lib/gcc/x86_64-w64-mingw32/11.2.0/../../../../x86_64-w64-mingw32/lib/../lib/libmsvcrt.a(lib64_libmsvcrt_extra_a-invalid_parameter_handler.o)
                0x00000001400076a0                _get_invalid_parameter_handler
                0x00000001400076b0                _set_invalid_parameter_handler
 .text          0x00000001400076c0       0x20 A:/00_SHIELD/00_ITI/00_Sources/03_GCC_Compiler/msys64/mingw64/bin/../lib/gcc/x86_64-w64-mingw32/11.2.0/../../../../x86_64-w64-mingw32/lib/../lib/libmsvcrt.a(lib64_libmsvcrt_common_a-acrt_iob_func.o)
                0x00000001400076c0                __acrt_iob_func
 .text          0x00000001400076e0      0x1e0 A:/00_SHIELD/00_ITI/00_Sources/03_GCC_Compiler/msys64/mingw64/bin/../lib/gcc/x86_64-w64-mingw32/11.2.0/../../../../x86_64-w64-mingw32/lib/../lib/libmsvcrt.a(lib64_libmsvcrt_common_a-wcrtomb.o)
                0x0000000140007770                wcrtomb
                0x00000001400077c0                wcsrtombs
 .text          0x00000001400078c0      0x360 A:/00_SHIELD/00_ITI/00_Sources/03_GCC_Compiler/msys64/mingw64/bin/../lib/gcc/x86_64-w64-mingw32/11.2.0/../../../../x86_64-w64-mingw32/lib/../lib/libmsvcrt.a(lib64_libmsvcrt_common_a-mbrtowc.o)
                0x0000000140007a40                mbrtowc
                0x0000000140007ab0                mbsrtowcs
                0x0000000140007bc0                mbrlen
 .text          0x0000000140007c20        0x8 A:/00_SHIELD/00_ITI/00_Sources/03_GCC_Compiler/msys64/mingw64/bin/../lib/gcc/x86_64-w64-mingw32/11.2.0/../../../../x86_64-w64-mingw32/lib/../lib/libmsvcrt.a(libmsvcrt_defs00055.o)
                0x0000000140007c20                __C_specific_handler
 .text          0x0000000140007c28        0x8 A:/00_SHIELD/00_ITI/00_Sources/03_GCC_Compiler/msys64/mingw64/bin/../lib/gcc/x86_64-w64-mingw32/11.2.0/../../../../x86_64-w64-mingw32/lib/../lib/libmsvcrt.a(libmsvcrt_defs00063.o)
                0x0000000140007c28                ___lc_codepage_func
 .text          0x0000000140007c30        0x8 A:/00_SHIELD/00_ITI/00_Sources/03_GCC_Compiler/msys64/mingw64/bin/../lib/gcc/x86_64-w64-mingw32/11.2.0/../../../../x86_64-w64-mingw32/lib/../lib/libmsvcrt.a(libmsvcrt_defs00066.o)
                0x0000000140007c30                ___mb_cur_max_func
 .text          0x0000000140007c38        0x8 A:/00_SHIELD/00_ITI/00_Sources/03_GCC_Compiler/msys64/mingw64/bin/../lib/gcc/x86_64-w64-mingw32/11.2.0/../../../../x86_64-w64-mingw32/lib/../lib/libmsvcrt.a(libmsvcrt_defs00081.o)
                0x0000000140007c38                __getmainargs
 .text          0x0000000140007c40        0x0 A:/00_SHIELD/00_ITI/00_Sources/03_GCC_Compiler/msys64/mingw64/bin/../lib/gcc/x86_64-w64-mingw32/11.2.0/../../../../x86_64-w64-mingw32/lib/../lib/libmsvcrt.a(libmsvcrt_defs00082.o)
 .text          0x0000000140007c40        0x8 A:/00_SHIELD/00_ITI/00_Sources/03_GCC_Compiler/msys64/mingw64/bin/../lib/gcc/x86_64-w64-mingw32/11.2.0/../../../../x86_64-w64-mingw32/lib/../lib/libmsvcrt.a(libmsvcrt_defs00083.o)
                0x0000000140007c40                __iob_func
 .text          0x0000000140007c48        0x8 A:/00_SHIELD/00_ITI/00_Sources/03_GCC_Compiler/msys64/mingw64/bin/../lib/gcc/x86_64-w64-mingw32/11.2.0/../../../../x86_64-w64-mingw32/lib/../lib/libmsvcrt.a(libmsvcrt_defs00097.o)
                0x0000000140007c48                __set_app_type
 .text          0x0000000140007c50        0x8 A:/00_SHIELD/00_ITI/00_Sources/03_GCC_Compiler/msys64/mingw64/bin/../lib/gcc/x86_64-w64-mingw32/11.2.0/../../../../x86_64-w64-mingw32/lib/../lib/libmsvcrt.a(libmsvcrt_defs00099.o)
                0x0000000140007c50                __setusermatherr
 .text          0x0000000140007c58        0x0 A:/00_SHIELD/00_ITI/00_Sources/03_GCC_Compiler/msys64/mingw64/bin/../lib/gcc/x86_64-w64-mingw32/11.2.0/../../../../x86_64-w64-mingw32/lib/../lib/libmsvcrt.a(libmsvcrt_defs00116.o)
 .text          0x0000000140007c58        0x8 A:/00_SHIELD/00_ITI/00_Sources/03_GCC_Compiler/msys64/mingw64/bin/../lib/gcc/x86_64-w64-mingw32/11.2.0/../../../../x86_64-w64-mingw32/lib/../lib/libmsvcrt.a(libmsvcrt_defs00123.o)
                0x0000000140007c58                _amsg_exit
 .text          0x0000000140007c60        0x8 A:/00_SHIELD/00_ITI/00_Sources/03_GCC_Compiler/msys64/mingw64/bin/../lib/gcc/x86_64-w64-mingw32/11.2.0/../../../../x86_64-w64-mingw32/lib/../lib/libmsvcrt.a(libmsvcrt_defs00141.o)
                0x0000000140007c60                _cexit
 .text          0x0000000140007c68        0x0 A:/00_SHIELD/00_ITI/00_Sources/03_GCC_Compiler/msys64/mingw64/bin/../lib/gcc/x86_64-w64-mingw32/11.2.0/../../../../x86_64-w64-mingw32/lib/../lib/libmsvcrt.a(libmsvcrt_defs00157.o)
 .text          0x0000000140007c68        0x8 A:/00_SHIELD/00_ITI/00_Sources/03_GCC_Compiler/msys64/mingw64/bin/../lib/gcc/x86_64-w64-mingw32/11.2.0/../../../../x86_64-w64-mingw32/lib/../lib/libmsvcrt.a(libmsvcrt_defs00204.o)
                0x0000000140007c68                _errno
 .text          0x0000000140007c70        0x0 A:/00_SHIELD/00_ITI/00_Sources/03_GCC_Compiler/msys64/mingw64/bin/../lib/gcc/x86_64-w64-mingw32/11.2.0/../../../../x86_64-w64-mingw32/lib/../lib/libmsvcrt.a(libmsvcrt_defs00254.o)
 .text          0x0000000140007c70        0x8 A:/00_SHIELD/00_ITI/00_Sources/03_GCC_Compiler/msys64/mingw64/bin/../lib/gcc/x86_64-w64-mingw32/11.2.0/../../../../x86_64-w64-mingw32/lib/../lib/libmsvcrt.a(libmsvcrt_defs00332.o)
                0x0000000140007c70                _initterm
 .text          0x0000000140007c78        0x8 A:/00_SHIELD/00_ITI/00_Sources/03_GCC_Compiler/msys64/mingw64/bin/../lib/gcc/x86_64-w64-mingw32/11.2.0/../../../../x86_64-w64-mingw32/lib/../lib/libmsvcrt.a(libmsvcrt_defs00442.o)
                0x0000000140007c78                _lock
 .text          0x0000000140007c80        0x8 A:/00_SHIELD/00_ITI/00_Sources/03_GCC_Compiler/msys64/mingw64/bin/../lib/gcc/x86_64-w64-mingw32/11.2.0/../../../../x86_64-w64-mingw32/lib/../lib/libmsvcrt.a(libmsvcrt_defs00614.o)
                0x0000000140007c80                _onexit
 .text          0x0000000140007c88        0x8 A:/00_SHIELD/00_ITI/00_Sources/03_GCC_Compiler/msys64/mingw64/bin/../lib/gcc/x86_64-w64-mingw32/11.2.0/../../../../x86_64-w64-mingw32/lib/../lib/libmsvcrt.a(libmsvcrt_defs00823.o)
                0x0000000140007c88                _unlock
 .text          0x0000000140007c90        0x8 A:/00_SHIELD/00_ITI/00_Sources/03_GCC_Compiler/msys64/mingw64/bin/../lib/gcc/x86_64-w64-mingw32/11.2.0/../../../../x86_64-w64-mingw32/lib/../lib/libmsvcrt.a(libmsvcrt_defs01038.o)
                0x0000000140007c90                abort
 .text          0x0000000140007c98        0x8 A:/00_SHIELD/00_ITI/00_Sources/03_GCC_Compiler/msys64/mingw64/bin/../lib/gcc/x86_64-w64-mingw32/11.2.0/../../../../x86_64-w64-mingw32/lib/../lib/libmsvcrt.a(libmsvcrt_defs01056.o)
                0x0000000140007c98                calloc
 .text          0x0000000140007ca0        0x8 A:/00_SHIELD/00_ITI/00_Sources/03_GCC_Compiler/msys64/mingw64/bin/../lib/gcc/x86_64-w64-mingw32/11.2.0/../../../../x86_64-w64-mingw32/lib/../lib/libmsvcrt.a(libmsvcrt_defs01069.o)
                0x0000000140007ca0                exit
 .text          0x0000000140007ca8        0x8 A:/00_SHIELD/00_ITI/00_Sources/03_GCC_Compiler/msys64/mingw64/bin/../lib/gcc/x86_64-w64-mingw32/11.2.0/../../../../x86_64-w64-mingw32/lib/../lib/libmsvcrt.a(libmsvcrt_defs01090.o)
                0x0000000140007ca8                fprintf
 .text          0x0000000140007cb0        0x8 A:/00_SHIELD/00_ITI/00_Sources/03_GCC_Compiler/msys64/mingw64/bin/../lib/gcc/x86_64-w64-mingw32/11.2.0/../../../../x86_64-w64-mingw32/lib/../lib/libmsvcrt.a(libmsvcrt_defs01092.o)
                0x0000000140007cb0                fputc
 .text          0x0000000140007cb8        0x8 A:/00_SHIELD/00_ITI/00_Sources/03_GCC_Compiler/msys64/mingw64/bin/../lib/gcc/x86_64-w64-mingw32/11.2.0/../../../../x86_64-w64-mingw32/lib/../lib/libmsvcrt.a(libmsvcrt_defs01097.o)
                0x0000000140007cb8                free
 .text          0x0000000140007cc0        0x8 A:/00_SHIELD/00_ITI/00_Sources/03_GCC_Compiler/msys64/mingw64/bin/../lib/gcc/x86_64-w64-mingw32/11.2.0/../../../../x86_64-w64-mingw32/lib/../lib/libmsvcrt.a(libmsvcrt_defs01110.o)
                0x0000000140007cc0                fwrite
 .text          0x0000000140007cc8        0x8 A:/00_SHIELD/00_ITI/00_Sources/03_GCC_Compiler/msys64/mingw64/bin/../lib/gcc/x86_64-w64-mingw32/11.2.0/../../../../x86_64-w64-mingw32/lib/../lib/libmsvcrt.a(libmsvcrt_defs01151.o)
                0x0000000140007cc8                localeconv
 .text          0x0000000140007cd0        0x8 A:/00_SHIELD/00_ITI/00_Sources/03_GCC_Compiler/msys64/mingw64/bin/../lib/gcc/x86_64-w64-mingw32/11.2.0/../../../../x86_64-w64-mingw32/lib/../lib/libmsvcrt.a(libmsvcrt_defs01158.o)
                0x0000000140007cd0                malloc
 .text          0x0000000140007cd8        0x8 A:/00_SHIELD/00_ITI/00_Sources/03_GCC_Compiler/msys64/mingw64/bin/../lib/gcc/x86_64-w64-mingw32/11.2.0/../../../../x86_64-w64-mingw32/lib/../lib/libmsvcrt.a(libmsvcrt_defs01166.o)
                0x0000000140007cd8                memcpy
 .text          0x0000000140007ce0        0x8 A:/00_SHIELD/00_ITI/00_Sources/03_GCC_Compiler/msys64/mingw64/bin/../lib/gcc/x86_64-w64-mingw32/11.2.0/../../../../x86_64-w64-mingw32/lib/../lib/libmsvcrt.a(libmsvcrt_defs01168.o)
                0x0000000140007ce0                memset
 .text          0x0000000140007ce8        0x8 A:/00_SHIELD/00_ITI/00_Sources/03_GCC_Compiler/msys64/mingw64/bin/../lib/gcc/x86_64-w64-mingw32/11.2.0/../../../../x86_64-w64-mingw32/lib/../lib/libmsvcrt.a(libmsvcrt_defs01198.o)
                0x0000000140007ce8                signal
 .text          0x0000000140007cf0        0x8 A:/00_SHIELD/00_ITI/00_Sources/03_GCC_Compiler/msys64/mingw64/bin/../lib/gcc/x86_64-w64-mingw32/11.2.0/../../../../x86_64-w64-mingw32/lib/../lib/libmsvcrt.a(libmsvcrt_defs01219.o)
                0x0000000140007cf0                strerror
 .text          0x0000000140007cf8        0x8 A:/00_SHIELD/00_ITI/00_Sources/03_GCC_Compiler/msys64/mingw64/bin/../lib/gcc/x86_64-w64-mingw32/11.2.0/../../../../x86_64-w64-mingw32/lib/../lib/libmsvcrt.a(libmsvcrt_defs01221.o)
                0x0000000140007cf8                strlen
 .text          0x0000000140007d00        0x8 A:/00_SHIELD/00_ITI/00_Sources/03_GCC_Compiler/msys64/mingw64/bin/../lib/gcc/x86_64-w64-mingw32/11.2.0/../../../../x86_64-w64-mingw32/lib/../lib/libmsvcrt.a(libmsvcrt_defs01224.o)
                0x0000000140007d00                strncmp
 .text          0x0000000140007d08        0x8 A:/00_SHIELD/00_ITI/00_Sources/03_GCC_Compiler/msys64/mingw64/bin/../lib/gcc/x86_64-w64-mingw32/11.2.0/../../../../x86_64-w64-mingw32/lib/../lib/libmsvcrt.a(libmsvcrt_defs01259.o)
                0x0000000140007d08                vfprintf
 .text          0x0000000140007d10        0x8 A:/00_SHIELD/00_ITI/00_Sources/03_GCC_Compiler/msys64/mingw64/bin/../lib/gcc/x86_64-w64-mingw32/11.2.0/../../../../x86_64-w64-mingw32/lib/../lib/libmsvcrt.a(libmsvcrt_defs01285.o)
                0x0000000140007d10                wcslen
 *fill*         0x0000000140007d18        0x8 
 .text          0x0000000140007d20        0x0 A:/00_SHIELD/00_ITI/00_Sources/03_GCC_Compiler/msys64/mingw64/bin/../lib/gcc/x86_64-w64-mingw32/11.2.0/../../../../x86_64-w64-mingw32/lib/../lib/libmsvcrt.a(libmsvcrt_defh.o)
 .text          0x0000000140007d20        0x0 A:/00_SHIELD/00_ITI/00_Sources/03_GCC_Compiler/msys64/mingw64/bin/../lib/gcc/x86_64-w64-mingw32/11.2.0/../../../../x86_64-w64-mingw32/lib/../lib/libmsvcrt.a(libmsvcrt_deft.o)
 .text          0x0000000140007d20        0x8 A:/00_SHIELD/00_ITI/00_Sources/03_GCC_Compiler/msys64/mingw64/bin/../lib/gcc/x86_64-w64-mingw32/11.2.0/../../../../x86_64-w64-mingw32/lib/../lib/libkernel32.a(libkernel32s01546.o)
                0x0000000140007d20                WideCharToMultiByte
 .text          0x0000000140007d28        0x8 A:/00_SHIELD/00_ITI/00_Sources/03_GCC_Compiler/msys64/mingw64/bin/../lib/gcc/x86_64-w64-mingw32/11.2.0/../../../../x86_64-w64-mingw32/lib/../lib/libkernel32.a(libkernel32s01493.o)
                0x0000000140007d28                VirtualQuery
 .text          0x0000000140007d30        0x8 A:/00_SHIELD/00_ITI/00_Sources/03_GCC_Compiler/msys64/mingw64/bin/../lib/gcc/x86_64-w64-mingw32/11.2.0/../../../../x86_64-w64-mingw32/lib/../lib/libkernel32.a(libkernel32s01491.o)
                0x0000000140007d30                VirtualProtect
 .text          0x0000000140007d38        0x8 A:/00_SHIELD/00_ITI/00_Sources/03_GCC_Compiler/msys64/mingw64/bin/../lib/gcc/x86_64-w64-mingw32/11.2.0/../../../../x86_64-w64-mingw32/lib/../lib/libkernel32.a(libkernel32s01444.o)
                0x0000000140007d38                TlsGetValue
 .text          0x0000000140007d40        0x8 A:/00_SHIELD/00_ITI/00_Sources/03_GCC_Compiler/msys64/mingw64/bin/../lib/gcc/x86_64-w64-mingw32/11.2.0/../../../../x86_64-w64-mingw32/lib/../lib/libkernel32.a(libkernel32s01409.o)
                0x0000000140007d40                Sleep
 .text          0x0000000140007d48        0x8 A:/00_SHIELD/00_ITI/00_Sources/03_GCC_Compiler/msys64/mingw64/bin/../lib/gcc/x86_64-w64-mingw32/11.2.0/../../../../x86_64-w64-mingw32/lib/../lib/libkernel32.a(libkernel32s01393.o)
                0x0000000140007d48                SetUnhandledExceptionFilter
 .text          0x0000000140007d50        0x8 A:/00_SHIELD/00_ITI/00_Sources/03_GCC_Compiler/msys64/mingw64/bin/../lib/gcc/x86_64-w64-mingw32/11.2.0/../../../../x86_64-w64-mingw32/lib/../lib/libkernel32.a(libkernel32s01035.o)
                0x0000000140007d50                MultiByteToWideChar
 .text          0x0000000140007d58        0x8 A:/00_SHIELD/00_ITI/00_Sources/03_GCC_Compiler/msys64/mingw64/bin/../lib/gcc/x86_64-w64-mingw32/11.2.0/../../../../x86_64-w64-mingw32/lib/../lib/libkernel32.a(libkernel32s00983.o)
                0x0000000140007d58                LeaveCriticalSection
 .text          0x0000000140007d60        0x8 A:/00_SHIELD/00_ITI/00_Sources/03_GCC_Compiler/msys64/mingw64/bin/../lib/gcc/x86_64-w64-mingw32/11.2.0/../../../../x86_64-w64-mingw32/lib/../lib/libkernel32.a(libkernel32s00918.o)
                0x0000000140007d60                IsDBCSLeadByteEx
 .text          0x0000000140007d68        0x8 A:/00_SHIELD/00_ITI/00_Sources/03_GCC_Compiler/msys64/mingw64/bin/../lib/gcc/x86_64-w64-mingw32/11.2.0/../../../../x86_64-w64-mingw32/lib/../lib/libkernel32.a(libkernel32s00891.o)
                0x0000000140007d68                InitializeCriticalSection
 .text          0x0000000140007d70        0x8 A:/00_SHIELD/00_ITI/00_Sources/03_GCC_Compiler/msys64/mingw64/bin/../lib/gcc/x86_64-w64-mingw32/11.2.0/../../../../x86_64-w64-mingw32/lib/../lib/libkernel32.a(libkernel32s00742.o)
                0x0000000140007d70                GetStartupInfoA
 .text          0x0000000140007d78        0x8 A:/00_SHIELD/00_ITI/00_Sources/03_GCC_Compiler/msys64/mingw64/bin/../lib/gcc/x86_64-w64-mingw32/11.2.0/../../../../x86_64-w64-mingw32/lib/../lib/libkernel32.a(libkernel32s00629.o)
                0x0000000140007d78                GetLastError
 .text          0x0000000140007d80        0x8 A:/00_SHIELD/00_ITI/00_Sources/03_GCC_Compiler/msys64/mingw64/bin/../lib/gcc/x86_64-w64-mingw32/11.2.0/../../../../x86_64-w64-mingw32/lib/../lib/libkernel32.a(libkernel32s00318.o)
                0x0000000140007d80                EnterCriticalSection
 .text          0x0000000140007d88        0x8 A:/00_SHIELD/00_ITI/00_Sources/03_GCC_Compiler/msys64/mingw64/bin/../lib/gcc/x86_64-w64-mingw32/11.2.0/../../../../x86_64-w64-mingw32/lib/../lib/libkernel32.a(libkernel32s00282.o)
                0x0000000140007d88                DeleteCriticalSection
 .text          0x0000000140007d90        0x0 A:/00_SHIELD/00_ITI/00_Sources/03_GCC_Compiler/msys64/mingw64/bin/../lib/gcc/x86_64-w64-mingw32/11.2.0/../../../../x86_64-w64-mingw32/lib/../lib/libkernel32.a(libkernel32h.o)
 .text          0x0000000140007d90        0x0 A:/00_SHIELD/00_ITI/00_Sources/03_GCC_Compiler/msys64/mingw64/bin/../lib/gcc/x86_64-w64-mingw32/11.2.0/../../../../x86_64-w64-mingw32/lib/../lib/libkernel32.a(libkernel32t.o)
 .text          0x0000000140007d90        0x0 A:/00_SHIELD/00_ITI/00_Sources/03_GCC_Compiler/msys64/mingw64/bin/../lib/gcc/x86_64-w64-mingw32/11.2.0/crtend.o
 *(SORT_BY_NAME(.text$*))
 *(.text.*)
 .text.startup  0x0000000140007d90       0x10 A:/00_SHIELD/00_ITI/00_Sources/03_GCC_Compiler/msys64/mingw64/bin/../lib/gcc/x86_64-w64-mingw32/11.2.0/crtend.o
 *(.gnu.linkonce.t.*)
 *(.glue_7t)
 *(.glue_7)
                0x0000000140007da0                . = ALIGN (0x8)
                0x0000000140007da0                ___CTOR_LIST__ = .
                0x0000000140007da0                __CTOR_LIST__ = .
                0x0000000140007da0        0x4 LONG 0xffffffffffffffff
                0x0000000140007da4        0x4 LONG 0xffffffffffffffff
 *(.ctors)
 *(.ctor)
 *(SORT_BY_NAME(.ctors.*))
 .ctors.65535   0x0000000140007da8        0x8 A:/00_SHIELD/00_ITI/00_Sources/03_GCC_Compiler/msys64/mingw64/bin/../lib/gcc/x86_64-w64-mingw32/11.2.0/crtend.o
                0x0000000140007db0        0x4 LONG 0x0
                0x0000000140007db4        0x4 LONG 0x0
                0x0000000140007db8                ___DTOR_LIST__ = .
                0x0000000140007db8                __DTOR_LIST__ = .
                0x0000000140007db8        0x4 LONG 0xffffffffffffffff
                0x0000000140007dbc        0x4 LONG 0xffffffffffffffff
 *(.dtors)
 *(.dtor)
 *(SORT_BY_NAME(.dtors.*))
                0x0000000140007dc0        0x4 LONG 0x0
                0x0000000140007dc4        0x4 LONG 0x0
 *(SORT_NONE(.fini))
 *(.gcc_exc)
                [!provide]                        PROVIDE (etext = .)
 *(.gcc_except_table)

.data           0x0000000140008000      0x200
                0x0000000140008000                __data_start__ = .
 *(.data)
 .data          0x0000000140008000       0x10 A:/00_SHIELD/00_ITI/00_Sources/03_GCC_Compiler/msys64/mingw64/bin/../lib/gcc/x86_64-w64-mingw32/11.2.0/../../../../x86_64-w64-mingw32/lib/../lib/crt2.o
                0x0000000140008000                __mingw_winmain_nShowCmd
 .data          0x0000000140008010        0x0 A:/00_SHIELD/00_ITI/00_Sources/03_GCC_Compiler/msys64/mingw64/bin/../lib/gcc/x86_64-w64-mingw32/11.2.0/crtbegin.o
 .data          0x0000000140008010        0x0 C:\Users\mmich\AppData\Local\Temp\ccI3quID.o
 .data          0x0000000140008010       0x10 A:/00_SHIELD/00_ITI/00_Sources/03_GCC_Compiler/msys64/mingw64/bin/../lib/gcc/x86_64-w64-mingw32/11.2.0/../../../../x86_64-w64-mingw32/lib/../lib/libmingw32.a(lib64_libmingw32_a-gccmain.o)
 .data          0x0000000140008020       0x10 A:/00_SHIELD/00_ITI/00_Sources/03_GCC_Compiler/msys64/mingw64/bin/../lib/gcc/x86_64-w64-mingw32/11.2.0/../../../../x86_64-w64-mingw32/lib/../lib/libmingw32.a(lib64_libmingw32_a-natstart.o)
                0x0000000140008020                __native_vcclrit_reason
                0x0000000140008024                __native_dllmain_reason
 .data          0x0000000140008030       0x10 A:/00_SHIELD/00_ITI/00_Sources/03_GCC_Compiler/msys64/mingw64/bin/../lib/gcc/x86_64-w64-mingw32/11.2.0/../../../../x86_64-w64-mingw32/lib/../lib/libmingw32.a(lib64_libmingw32_a-wildcard.o)
                0x0000000140008030                _dowildcard
 .data          0x0000000140008040        0x0 A:/00_SHIELD/00_ITI/00_Sources/03_GCC_Compiler/msys64/mingw64/bin/../lib/gcc/x86_64-w64-mingw32/11.2.0/../../../../x86_64-w64-mingw32/lib/../lib/libmingw32.a(lib64_libmingw32_a-dllargv.o)
 .data          0x0000000140008040        0x0 A:/00_SHIELD/00_ITI/00_Sources/03_GCC_Compiler/msys64/mingw64/bin/../lib/gcc/x86_64-w64-mingw32/11.2.0/../../../../x86_64-w64-mingw32/lib/../lib/libmingw32.a(lib64_libmingw32_a-_newmode.o)
 .data          0x0000000140008040        0x0 A:/00_SHIELD/00_ITI/00_Sources/03_GCC_Compiler/msys64/mingw64/bin/../lib/gcc/x86_64-w64-mingw32/11.2.0/../../../../x86_64-w64-mingw32/lib/../lib/libmingw32.a(lib64_libmingw32_a-tlssup.o)
 .data          0x0000000140008040        0x0 A:/00_SHIELD/00_ITI/00_Sources/03_GCC_Compiler/msys64/mingw64/bin/../lib/gcc/x86_64-w64-mingw32/11.2.0/../../../../x86_64-w64-mingw32/lib/../lib/libmingw32.a(lib64_libmingw32_a-xncommod.o)
 .data          0x0000000140008040        0x0 A:/00_SHIELD/00_ITI/00_Sources/03_GCC_Compiler/msys64/mingw64/bin/../lib/gcc/x86_64-w64-mingw32/11.2.0/../../../../x86_64-w64-mingw32/lib/../lib/libmingw32.a(lib64_libmingw32_a-cinitexe.o)
 .data          0x0000000140008040        0x0 A:/00_SHIELD/00_ITI/00_Sources/03_GCC_Compiler/msys64/mingw64/bin/../lib/gcc/x86_64-w64-mingw32/11.2.0/../../../../x86_64-w64-mingw32/lib/../lib/libmingw32.a(lib64_libmingw32_a-merr.o)
 .data          0x0000000140008040        0x0 A:/00_SHIELD/00_ITI/00_Sources/03_GCC_Compiler/msys64/mingw64/bin/../lib/gcc/x86_64-w64-mingw32/11.2.0/../../../../x86_64-w64-mingw32/lib/../lib/libmingw32.a(lib64_libmingw32_a-CRT_fp10.o)
 .data          0x0000000140008040        0x0 A:/00_SHIELD/00_ITI/00_Sources/03_GCC_Compiler/msys64/mingw64/bin/../lib/gcc/x86_64-w64-mingw32/11.2.0/../../../../x86_64-w64-mingw32/lib/../lib/libmingw32.a(lib64_libmingw32_a-mingw_helpers.o)
 .data          0x0000000140008040        0x0 A:/00_SHIELD/00_ITI/00_Sources/03_GCC_Compiler/msys64/mingw64/bin/../lib/gcc/x86_64-w64-mingw32/11.2.0/../../../../x86_64-w64-mingw32/lib/../lib/libmingw32.a(lib64_libmingw32_a-pseudo-reloc.o)
 .data          0x0000000140008040        0x0 A:/00_SHIELD/00_ITI/00_Sources/03_GCC_Compiler/msys64/mingw64/bin/../lib/gcc/x86_64-w64-mingw32/11.2.0/../../../../x86_64-w64-mingw32/lib/../lib/libmingw32.a(lib64_libmingw32_a-usermatherr.o)
 .data          0x0000000140008040        0x0 A:/00_SHIELD/00_ITI/00_Sources/03_GCC_Compiler/msys64/mingw64/bin/../lib/gcc/x86_64-w64-mingw32/11.2.0/../../../../x86_64-w64-mingw32/lib/../lib/libmingw32.a(lib64_libmingw32_a-xtxtmode.o)
 .data          0x0000000140008040        0x0 A:/00_SHIELD/00_ITI/00_Sources/03_GCC_Compiler/msys64/mingw64/bin/../lib/gcc/x86_64-w64-mingw32/11.2.0/../../../../x86_64-w64-mingw32/lib/../lib/libmingw32.a(lib64_libmingw32_a-crt_handler.o)
 .data          0x0000000140008040        0x0 A:/00_SHIELD/00_ITI/00_Sources/03_GCC_Compiler/msys64/mingw64/bin/../lib/gcc/x86_64-w64-mingw32/11.2.0/../../../../x86_64-w64-mingw32/lib/../lib/libmingw32.a(lib64_libmingw32_a-tlsthrd.o)
 .data          0x0000000140008040       0x10 A:/00_SHIELD/00_ITI/00_Sources/03_GCC_Compiler/msys64/mingw64/bin/../lib/gcc/x86_64-w64-mingw32/11.2.0/../../../../x86_64-w64-mingw32/lib/../lib/libmingw32.a(lib64_libmingw32_a-tlsmcrt.o)
                0x0000000140008040                _CRT_MT
 .data          0x0000000140008050        0x0 A:/00_SHIELD/00_ITI/00_Sources/03_GCC_Compiler/msys64/mingw64/bin/../lib/gcc/x86_64-w64-mingw32/11.2.0/../../../../x86_64-w64-mingw32/lib/../lib/libmingw32.a(lib64_libmingw32_a-pseudo-reloc-list.o)
 .data          0x0000000140008050        0x0 A:/00_SHIELD/00_ITI/00_Sources/03_GCC_Compiler/msys64/mingw64/bin/../lib/gcc/x86_64-w64-mingw32/11.2.0/../../../../x86_64-w64-mingw32/lib/../lib/libmingw32.a(lib64_libmingw32_a-pesect.o)
 .data          0x0000000140008050        0x0 A:/00_SHIELD/00_ITI/00_Sources/03_GCC_Compiler/msys64/mingw64/bin/../lib/gcc/x86_64-w64-mingw32/11.2.0/libgcc.a(_chkstk_ms.o)
 .data          0x0000000140008050        0x0 A:/00_SHIELD/00_ITI/00_Sources/03_GCC_Compiler/msys64/mingw64/bin/../lib/gcc/x86_64-w64-mingw32/11.2.0/libgcc.a(_ctors.o)
 .data          0x0000000140008050       0x10 A:/00_SHIELD/00_ITI/00_Sources/03_GCC_Compiler/msys64/mingw64/bin/../lib/gcc/x86_64-w64-mingw32/11.2.0/../../../../x86_64-w64-mingw32/lib/../lib/libmingwex.a(lib64_libmingwex_a-mingw_matherr.o)
                0x0000000140008050                _MINGW_INSTALL_DEBUG_MATHERR
 .data          0x0000000140008060        0x0 A:/00_SHIELD/00_ITI/00_Sources/03_GCC_Compiler/msys64/mingw64/bin/../lib/gcc/x86_64-w64-mingw32/11.2.0/../../../../x86_64-w64-mingw32/lib/../lib/libmingwex.a(lib64_libmingwex_a-mingw_vfprintf.o)
 .data          0x0000000140008060       0x20 A:/00_SHIELD/00_ITI/00_Sources/03_GCC_Compiler/msys64/mingw64/bin/../lib/gcc/x86_64-w64-mingw32/11.2.0/../../../../x86_64-w64-mingw32/lib/../lib/libmingwex.a(lib64_libmingwex_a-mingw_pformat.o)
 .data          0x0000000140008080        0x0 A:/00_SHIELD/00_ITI/00_Sources/03_GCC_Compiler/msys64/mingw64/bin/../lib/gcc/x86_64-w64-mingw32/11.2.0/../../../../x86_64-w64-mingw32/lib/../lib/libmingwex.a(lib64_libmingwex_a-dmisc.o)
 .data          0x0000000140008080        0x0 A:/00_SHIELD/00_ITI/00_Sources/03_GCC_Compiler/msys64/mingw64/bin/../lib/gcc/x86_64-w64-mingw32/11.2.0/../../../../x86_64-w64-mingw32/lib/../lib/libmingwex.a(lib64_libmingwex_a-gdtoa.o)
 .data          0x0000000140008080        0x0 A:/00_SHIELD/00_ITI/00_Sources/03_GCC_Compiler/msys64/mingw64/bin/../lib/gcc/x86_64-w64-mingw32/11.2.0/../../../../x86_64-w64-mingw32/lib/../lib/libmingwex.a(lib64_libmingwex_a-gmisc.o)
 .data          0x0000000140008080       0x10 A:/00_SHIELD/00_ITI/00_Sources/03_GCC_Compiler/msys64/mingw64/bin/../lib/gcc/x86_64-w64-mingw32/11.2.0/../../../../x86_64-w64-mingw32/lib/../lib/libmingwex.a(lib64_libmingwex_a-misc.o)
 .data          0x0000000140008090        0x0 A:/00_SHIELD/00_ITI/00_Sources/03_GCC_Compiler/msys64/mingw64/bin/../lib/gcc/x86_64-w64-mingw32/11.2.0/../../../../x86_64-w64-mingw32/lib/../lib/libmingwex.a(lib64_libmingwex_a-strnlen.o)
 .data          0x0000000140008090        0x0 A:/00_SHIELD/00_ITI/00_Sources/03_GCC_Compiler/msys64/mingw64/bin/../lib/gcc/x86_64-w64-mingw32/11.2.0/../../../../x86_64-w64-mingw32/lib/../lib/libmingwex.a(lib64_libmingwex_a-wcsnlen.o)
 .data          0x0000000140008090       0x10 A:/00_SHIELD/00_ITI/00_Sources/03_GCC_Compiler/msys64/mingw64/bin/../lib/gcc/x86_64-w64-mingw32/11.2.0/../../../../x86_64-w64-mingw32/lib/../lib/libmsvcrt.a(lib64_libmsvcrt_extra_a-__p__fmode.o)
                0x0000000140008090                __imp___p__fmode
 .data          0x00000001400080a0       0x10 A:/00_SHIELD/00_ITI/00_Sources/03_GCC_Compiler/msys64/mingw64/bin/../lib/gcc/x86_64-w64-mingw32/11.2.0/../../../../x86_64-w64-mingw32/lib/../lib/libmsvcrt.a(lib64_libmsvcrt_extra_a-__p__commode.o)
                0x00000001400080a0                __imp___p__commode
 .data          0x00000001400080b0       0x10 A:/00_SHIELD/00_ITI/00_Sources/03_GCC_Compiler/msys64/mingw64/bin/../lib/gcc/x86_64-w64-mingw32/11.2.0/../../../../x86_64-w64-mingw32/lib/../lib/libmsvcrt.a(lib64_libmsvcrt_extra_a-__p__acmdln.o)
                0x00000001400080b0                __imp___p__acmdln
 .data          0x00000001400080c0       0x10 A:/00_SHIELD/00_ITI/00_Sources/03_GCC_Compiler/msys64/mingw64/bin/../lib/gcc/x86_64-w64-mingw32/11.2.0/../../../../x86_64-w64-mingw32/lib/../lib/libmsvcrt.a(lib64_libmsvcrt_extra_a-mingw_lock.o)
                0x00000001400080c0                __imp__unlock_file
                0x00000001400080c8                __imp__lock_file
 .data          0x00000001400080d0       0x10 A:/00_SHIELD/00_ITI/00_Sources/03_GCC_Compiler/msys64/mingw64/bin/../lib/gcc/x86_64-w64-mingw32/11.2.0/../../../../x86_64-w64-mingw32/lib/../lib/libmsvcrt.a(lib64_libmsvcrt_extra_a-invalid_parameter_handler.o)
                0x00000001400080d0                __imp__get_invalid_parameter_handler
                0x00000001400080d8                __imp__set_invalid_parameter_handler
 .data          0x00000001400080e0       0x10 A:/00_SHIELD/00_ITI/00_Sources/03_GCC_Compiler/msys64/mingw64/bin/../lib/gcc/x86_64-w64-mingw32/11.2.0/../../../../x86_64-w64-mingw32/lib/../lib/libmsvcrt.a(lib64_libmsvcrt_common_a-acrt_iob_func.o)
                0x00000001400080e0                __imp___acrt_iob_func
 .data          0x00000001400080f0        0x0 A:/00_SHIELD/00_ITI/00_Sources/03_GCC_Compiler/msys64/mingw64/bin/../lib/gcc/x86_64-w64-mingw32/11.2.0/../../../../x86_64-w64-mingw32/lib/../lib/libmsvcrt.a(lib64_libmsvcrt_common_a-wcrtomb.o)
 .data          0x00000001400080f0        0x0 A:/00_SHIELD/00_ITI/00_Sources/03_GCC_Compiler/msys64/mingw64/bin/../lib/gcc/x86_64-w64-mingw32/11.2.0/../../../../x86_64-w64-mingw32/lib/../lib/libmsvcrt.a(lib64_libmsvcrt_common_a-mbrtowc.o)
 .data          0x00000001400080f0        0x0 A:/00_SHIELD/00_ITI/00_Sources/03_GCC_Compiler/msys64/mingw64/bin/../lib/gcc/x86_64-w64-mingw32/11.2.0/../../../../x86_64-w64-mingw32/lib/../lib/libmsvcrt.a(libmsvcrt_defs00055.o)
 .data          0x00000001400080f0        0x0 A:/00_SHIELD/00_ITI/00_Sources/03_GCC_Compiler/msys64/mingw64/bin/../lib/gcc/x86_64-w64-mingw32/11.2.0/../../../../x86_64-w64-mingw32/lib/../lib/libmsvcrt.a(libmsvcrt_defs00063.o)
 .data          0x00000001400080f0        0x0 A:/00_SHIELD/00_ITI/00_Sources/03_GCC_Compiler/msys64/mingw64/bin/../lib/gcc/x86_64-w64-mingw32/11.2.0/../../../../x86_64-w64-mingw32/lib/../lib/libmsvcrt.a(libmsvcrt_defs00066.o)
 .data          0x00000001400080f0        0x0 A:/00_SHIELD/00_ITI/00_Sources/03_GCC_Compiler/msys64/mingw64/bin/../lib/gcc/x86_64-w64-mingw32/11.2.0/../../../../x86_64-w64-mingw32/lib/../lib/libmsvcrt.a(libmsvcrt_defs00081.o)
 .data          0x00000001400080f0        0x0 A:/00_SHIELD/00_ITI/00_Sources/03_GCC_Compiler/msys64/mingw64/bin/../lib/gcc/x86_64-w64-mingw32/11.2.0/../../../../x86_64-w64-mingw32/lib/../lib/libmsvcrt.a(libmsvcrt_defs00082.o)
 .data          0x00000001400080f0        0x0 A:/00_SHIELD/00_ITI/00_Sources/03_GCC_Compiler/msys64/mingw64/bin/../lib/gcc/x86_64-w64-mingw32/11.2.0/../../../../x86_64-w64-mingw32/lib/../lib/libmsvcrt.a(libmsvcrt_defs00083.o)
 .data          0x00000001400080f0        0x0 A:/00_SHIELD/00_ITI/00_Sources/03_GCC_Compiler/msys64/mingw64/bin/../lib/gcc/x86_64-w64-mingw32/11.2.0/../../../../x86_64-w64-mingw32/lib/../lib/libmsvcrt.a(libmsvcrt_defs00097.o)
 .data          0x00000001400080f0        0x0 A:/00_SHIELD/00_ITI/00_Sources/03_GCC_Compiler/msys64/mingw64/bin/../lib/gcc/x86_64-w64-mingw32/11.2.0/../../../../x86_64-w64-mingw32/lib/../lib/libmsvcrt.a(libmsvcrt_defs00099.o)
 .data          0x00000001400080f0        0x0 A:/00_SHIELD/00_ITI/00_Sources/03_GCC_Compiler/msys64/mingw64/bin/../lib/gcc/x86_64-w64-mingw32/11.2.0/../../../../x86_64-w64-mingw32/lib/../lib/libmsvcrt.a(libmsvcrt_defs00116.o)
 .data          0x00000001400080f0        0x0 A:/00_SHIELD/00_ITI/00_Sources/03_GCC_Compiler/msys64/mingw64/bin/../lib/gcc/x86_64-w64-mingw32/11.2.0/../../../../x86_64-w64-mingw32/lib/../lib/libmsvcrt.a(libmsvcrt_defs00123.o)
 .data          0x00000001400080f0        0x0 A:/00_SHIELD/00_ITI/00_Sources/03_GCC_Compiler/msys64/mingw64/bin/../lib/gcc/x86_64-w64-mingw32/11.2.0/../../../../x86_64-w64-mingw32/lib/../lib/libmsvcrt.a(libmsvcrt_defs00141.o)
 .data          0x00000001400080f0        0x0 A:/00_SHIELD/00_ITI/00_Sources/03_GCC_Compiler/msys64/mingw64/bin/../lib/gcc/x86_64-w64-mingw32/11.2.0/../../../../x86_64-w64-mingw32/lib/../lib/libmsvcrt.a(libmsvcrt_defs00157.o)
 .data          0x00000001400080f0        0x0 A:/00_SHIELD/00_ITI/00_Sources/03_GCC_Compiler/msys64/mingw64/bin/../lib/gcc/x86_64-w64-mingw32/11.2.0/../../../../x86_64-w64-mingw32/lib/../lib/libmsvcrt.a(libmsvcrt_defs00204.o)
 .data          0x00000001400080f0        0x0 A:/00_SHIELD/00_ITI/00_Sources/03_GCC_Compiler/msys64/mingw64/bin/../lib/gcc/x86_64-w64-mingw32/11.2.0/../../../../x86_64-w64-mingw32/lib/../lib/libmsvcrt.a(libmsvcrt_defs00254.o)
 .data          0x00000001400080f0        0x0 A:/00_SHIELD/00_ITI/00_Sources/03_GCC_Compiler/msys64/mingw64/bin/../lib/gcc/x86_64-w64-mingw32/11.2.0/../../../../x86_64-w64-mingw32/lib/../lib/libmsvcrt.a(libmsvcrt_defs00332.o)
 .data          0x00000001400080f0        0x0 A:/00_SHIELD/00_ITI/00_Sources/03_GCC_Compiler/msys64/mingw64/bin/../lib/gcc/x86_64-w64-mingw32/11.2.0/../../../../x86_64-w64-mingw32/lib/../lib/libmsvcrt.a(libmsvcrt_defs00442.o)
 .data          0x00000001400080f0        0x0 A:/00_SHIELD/00_ITI/00_Sources/03_GCC_Compiler/msys64/mingw64/bin/../lib/gcc/x86_64-w64-mingw32/11.2.0/../../../../x86_64-w64-mingw32/lib/../lib/libmsvcrt.a(libmsvcrt_defs00614.o)
 .data          0x00000001400080f0        0x0 A:/00_SHIELD/00_ITI/00_Sources/03_GCC_Compiler/msys64/mingw64/bin/../lib/gcc/x86_64-w64-mingw32/11.2.0/../../../../x86_64-w64-mingw32/lib/../lib/libmsvcrt.a(libmsvcrt_defs00823.o)
 .data          0x00000001400080f0        0x0 A:/00_SHIELD/00_ITI/00_Sources/03_GCC_Compiler/msys64/mingw64/bin/../lib/gcc/x86_64-w64-mingw32/11.2.0/../../../../x86_64-w64-mingw32/lib/../lib/libmsvcrt.a(libmsvcrt_defs01038.o)
 .data          0x00000001400080f0        0x0 A:/00_SHIELD/00_ITI/00_Sources/03_GCC_Compiler/msys64/mingw64/bin/../lib/gcc/x86_64-w64-mingw32/11.2.0/../../../../x86_64-w64-mingw32/lib/../lib/libmsvcrt.a(libmsvcrt_defs01056.o)
 .data          0x00000001400080f0        0x0 A:/00_SHIELD/00_ITI/00_Sources/03_GCC_Compiler/msys64/mingw64/bin/../lib/gcc/x86_64-w64-mingw32/11.2.0/../../../../x86_64-w64-mingw32/lib/../lib/libmsvcrt.a(libmsvcrt_defs01069.o)
 .data          0x00000001400080f0        0x0 A:/00_SHIELD/00_ITI/00_Sources/03_GCC_Compiler/msys64/mingw64/bin/../lib/gcc/x86_64-w64-mingw32/11.2.0/../../../../x86_64-w64-mingw32/lib/../lib/libmsvcrt.a(libmsvcrt_defs01090.o)
 .data          0x00000001400080f0        0x0 A:/00_SHIELD/00_ITI/00_Sources/03_GCC_Compiler/msys64/mingw64/bin/../lib/gcc/x86_64-w64-mingw32/11.2.0/../../../../x86_64-w64-mingw32/lib/../lib/libmsvcrt.a(libmsvcrt_defs01092.o)
 .data          0x00000001400080f0        0x0 A:/00_SHIELD/00_ITI/00_Sources/03_GCC_Compiler/msys64/mingw64/bin/../lib/gcc/x86_64-w64-mingw32/11.2.0/../../../../x86_64-w64-mingw32/lib/../lib/libmsvcrt.a(libmsvcrt_defs01097.o)
 .data          0x00000001400080f0        0x0 A:/00_SHIELD/00_ITI/00_Sources/03_GCC_Compiler/msys64/mingw64/bin/../lib/gcc/x86_64-w64-mingw32/11.2.0/../../../../x86_64-w64-mingw32/lib/../lib/libmsvcrt.a(libmsvcrt_defs01110.o)
 .data          0x00000001400080f0        0x0 A:/00_SHIELD/00_ITI/00_Sources/03_GCC_Compiler/msys64/mingw64/bin/../lib/gcc/x86_64-w64-mingw32/11.2.0/../../../../x86_64-w64-mingw32/lib/../lib/libmsvcrt.a(libmsvcrt_defs01151.o)
 .data          0x00000001400080f0        0x0 A:/00_SHIELD/00_ITI/00_Sources/03_GCC_Compiler/msys64/mingw64/bin/../lib/gcc/x86_64-w64-mingw32/11.2.0/../../../../x86_64-w64-mingw32/lib/../lib/libmsvcrt.a(libmsvcrt_defs01158.o)
 .data          0x00000001400080f0        0x0 A:/00_SHIELD/00_ITI/00_Sources/03_GCC_Compiler/msys64/mingw64/bin/../lib/gcc/x86_64-w64-mingw32/11.2.0/../../../../x86_64-w64-mingw32/lib/../lib/libmsvcrt.a(libmsvcrt_defs01166.o)
 .data          0x00000001400080f0        0x0 A:/00_SHIELD/00_ITI/00_Sources/03_GCC_Compiler/msys64/mingw64/bin/../lib/gcc/x86_64-w64-mingw32/11.2.0/../../../../x86_64-w64-mingw32/lib/../lib/libmsvcrt.a(libmsvcrt_defs01168.o)
 .data          0x00000001400080f0        0x0 A:/00_SHIELD/00_ITI/00_Sources/03_GCC_Compiler/msys64/mingw64/bin/../lib/gcc/x86_64-w64-mingw32/11.2.0/../../../../x86_64-w64-mingw32/lib/../lib/libmsvcrt.a(libmsvcrt_defs01198.o)
 .data          0x00000001400080f0        0x0 A:/00_SHIELD/00_ITI/00_Sources/03_GCC_Compiler/msys64/mingw64/bin/../lib/gcc/x86_64-w64-mingw32/11.2.0/../../../../x86_64-w64-mingw32/lib/../lib/libmsvcrt.a(libmsvcrt_defs01219.o)
 .data          0x00000001400080f0        0x0 A:/00_SHIELD/00_ITI/00_Sources/03_GCC_Compiler/msys64/mingw64/bin/../lib/gcc/x86_64-w64-mingw32/11.2.0/../../../../x86_64-w64-mingw32/lib/../lib/libmsvcrt.a(libmsvcrt_defs01221.o)
 .data          0x00000001400080f0        0x0 A:/00_SHIELD/00_ITI/00_Sources/03_GCC_Compiler/msys64/mingw64/bin/../lib/gcc/x86_64-w64-mingw32/11.2.0/../../../../x86_64-w64-mingw32/lib/../lib/libmsvcrt.a(libmsvcrt_defs01224.o)
 .data          0x00000001400080f0        0x0 A:/00_SHIELD/00_ITI/00_Sources/03_GCC_Compiler/msys64/mingw64/bin/../lib/gcc/x86_64-w64-mingw32/11.2.0/../../../../x86_64-w64-mingw32/lib/../lib/libmsvcrt.a(libmsvcrt_defs01259.o)
 .data          0x00000001400080f0        0x0 A:/00_SHIELD/00_ITI/00_Sources/03_GCC_Compiler/msys64/mingw64/bin/../lib/gcc/x86_64-w64-mingw32/11.2.0/../../../../x86_64-w64-mingw32/lib/../lib/libmsvcrt.a(libmsvcrt_defs01285.o)
 .data          0x00000001400080f0        0x0 A:/00_SHIELD/00_ITI/00_Sources/03_GCC_Compiler/msys64/mingw64/bin/../lib/gcc/x86_64-w64-mingw32/11.2.0/../../../../x86_64-w64-mingw32/lib/../lib/libmsvcrt.a(libmsvcrt_defh.o)
 .data          0x00000001400080f0        0x0 A:/00_SHIELD/00_ITI/00_Sources/03_GCC_Compiler/msys64/mingw64/bin/../lib/gcc/x86_64-w64-mingw32/11.2.0/../../../../x86_64-w64-mingw32/lib/../lib/libmsvcrt.a(libmsvcrt_deft.o)
 .data          0x00000001400080f0        0x0 A:/00_SHIELD/00_ITI/00_Sources/03_GCC_Compiler/msys64/mingw64/bin/../lib/gcc/x86_64-w64-mingw32/11.2.0/../../../../x86_64-w64-mingw32/lib/../lib/libkernel32.a(libkernel32s01546.o)
 .data          0x00000001400080f0        0x0 A:/00_SHIELD/00_ITI/00_Sources/03_GCC_Compiler/msys64/mingw64/bin/../lib/gcc/x86_64-w64-mingw32/11.2.0/../../../../x86_64-w64-mingw32/lib/../lib/libkernel32.a(libkernel32s01493.o)
 .data          0x00000001400080f0        0x0 A:/00_SHIELD/00_ITI/00_Sources/03_GCC_Compiler/msys64/mingw64/bin/../lib/gcc/x86_64-w64-mingw32/11.2.0/../../../../x86_64-w64-mingw32/lib/../lib/libkernel32.a(libkernel32s01491.o)
 .data          0x00000001400080f0        0x0 A:/00_SHIELD/00_ITI/00_Sources/03_GCC_Compiler/msys64/mingw64/bin/../lib/gcc/x86_64-w64-mingw32/11.2.0/../../../../x86_64-w64-mingw32/lib/../lib/libkernel32.a(libkernel32s01444.o)
 .data          0x00000001400080f0        0x0 A:/00_SHIELD/00_ITI/00_Sources/03_GCC_Compiler/msys64/mingw64/bin/../lib/gcc/x86_64-w64-mingw32/11.2.0/../../../../x86_64-w64-mingw32/lib/../lib/libkernel32.a(libkernel32s01409.o)
 .data          0x00000001400080f0        0x0 A:/00_SHIELD/00_ITI/00_Sources/03_GCC_Compiler/msys64/mingw64/bin/../lib/gcc/x86_64-w64-mingw32/11.2.0/../../../../x86_64-w64-mingw32/lib/../lib/libkernel32.a(libkernel32s01393.o)
 .data          0x00000001400080f0        0x0 A:/00_SHIELD/00_ITI/00_Sources/03_GCC_Compiler/msys64/mingw64/bin/../lib/gcc/x86_64-w64-mingw32/11.2.0/../../../../x86_64-w64-mingw32/lib/../lib/libkernel32.a(libkernel32s01035.o)
 .data          0x00000001400080f0        0x0 A:/00_SHIELD/00_ITI/00_Sources/03_GCC_Compiler/msys64/mingw64/bin/../lib/gcc/x86_64-w64-mingw32/11.2.0/../../../../x86_64-w64-mingw32/lib/../lib/libkernel32.a(libkernel32s00983.o)
 .data          0x00000001400080f0        0x0 A:/00_SHIELD/00_ITI/00_Sources/03_GCC_Compiler/msys64/mingw64/bin/../lib/gcc/x86_64-w64-mingw32/11.2.0/../../../../x86_64-w64-mingw32/lib/../lib/libkernel32.a(libkernel32s00918.o)
 .data          0x00000001400080f0        0x0 A:/00_SHIELD/00_ITI/00_Sources/03_GCC_Compiler/msys64/mingw64/bin/../lib/gcc/x86_64-w64-mingw32/11.2.0/../../../../x86_64-w64-mingw32/lib/../lib/libkernel32.a(libkernel32s00891.o)
 .data          0x00000001400080f0        0x0 A:/00_SHIELD/00_ITI/00_Sources/03_GCC_Compiler/msys64/mingw64/bin/../lib/gcc/x86_64-w64-mingw32/11.2.0/../../../../x86_64-w64-mingw32/lib/../lib/libkernel32.a(libkernel32s00742.o)
 .data          0x00000001400080f0        0x0 A:/00_SHIELD/00_ITI/00_Sources/03_GCC_Compiler/msys64/mingw64/bin/../lib/gcc/x86_64-w64-mingw32/11.2.0/../../../../x86_64-w64-mingw32/lib/../lib/libkernel32.a(libkernel32s00629.o)
 .data          0x00000001400080f0        0x0 A:/00_SHIELD/00_ITI/00_Sources/03_GCC_Compiler/msys64/mingw64/bin/../lib/gcc/x86_64-w64-mingw32/11.2.0/../../../../x86_64-w64-mingw32/lib/../lib/libkernel32.a(libkernel32s00318.o)
 .data          0x00000001400080f0        0x0 A:/00_SHIELD/00_ITI/00_Sources/03_GCC_Compiler/msys64/mingw64/bin/../lib/gcc/x86_64-w64-mingw32/11.2.0/../../../../x86_64-w64-mingw32/lib/../lib/libkernel32.a(libkernel32s00282.o)
 .data          0x00000001400080f0        0x0 A:/00_SHIELD/00_ITI/00_Sources/03_GCC_Compiler/msys64/mingw64/bin/../lib/gcc/x86_64-w64-mingw32/11.2.0/../../../../x86_64-w64-mingw32/lib/../lib/libkernel32.a(libkernel32h.o)
 .data          0x00000001400080f0        0x0 A:/00_SHIELD/00_ITI/00_Sources/03_GCC_Compiler/msys64/mingw64/bin/../lib/gcc/x86_64-w64-mingw32/11.2.0/../../../../x86_64-w64-mingw32/lib/../lib/libkernel32.a(libkernel32t.o)
 .data          0x00000001400080f0        0x0 A:/00_SHIELD/00_ITI/00_Sources/03_GCC_Compiler/msys64/mingw64/bin/../lib/gcc/x86_64-w64-mingw32/11.2.0/crtend.o
 *(.data2)
 *(SORT_BY_NAME(.data$*))
 *(.jcr)
                0x00000001400080f0                __data_end__ = .
 *(.data_cygwin_nocopy)

.rdata          0x0000000140009000     0x1200
 *(.rdata)
 .rdata         0x0000000140009000       0x70 C:\Users\mmich\AppData\Local\Temp\ccI3quID.o
 *fill*         0x0000000140009070       0x10 
 .rdata         0x0000000140009080       0x60 A:/00_SHIELD/00_ITI/00_Sources/03_GCC_Compiler/msys64/mingw64/bin/../lib/gcc/x86_64-w64-mingw32/11.2.0/../../../../x86_64-w64-mingw32/lib/../lib/libmingw32.a(lib64_libmingw32_a-tlssup.o)
                0x0000000140009080                __dyn_tls_init_callback
                0x00000001400090a0                _tls_used
 .rdata         0x00000001400090e0      0x140 A:/00_SHIELD/00_ITI/00_Sources/03_GCC_Compiler/msys64/mingw64/bin/../lib/gcc/x86_64-w64-mingw32/11.2.0/../../../../x86_64-w64-mingw32/lib/../lib/libmingw32.a(lib64_libmingw32_a-merr.o)
 .rdata         0x0000000140009220      0x160 A:/00_SHIELD/00_ITI/00_Sources/03_GCC_Compiler/msys64/mingw64/bin/../lib/gcc/x86_64-w64-mingw32/11.2.0/../../../../x86_64-w64-mingw32/lib/../lib/libmingw32.a(lib64_libmingw32_a-pseudo-reloc.o)
 .rdata         0x0000000140009380       0x30 A:/00_SHIELD/00_ITI/00_Sources/03_GCC_Compiler/msys64/mingw64/bin/../lib/gcc/x86_64-w64-mingw32/11.2.0/../../../../x86_64-w64-mingw32/lib/../lib/libmingw32.a(lib64_libmingw32_a-crt_handler.o)
 .rdata         0x00000001400093b0      0x190 A:/00_SHIELD/00_ITI/00_Sources/03_GCC_Compiler/msys64/mingw64/bin/../lib/gcc/x86_64-w64-mingw32/11.2.0/../../../../x86_64-w64-mingw32/lib/../lib/libmingwex.a(lib64_libmingwex_a-mingw_pformat.o)
 .rdata         0x0000000140009540       0x90 A:/00_SHIELD/00_ITI/00_Sources/03_GCC_Compiler/msys64/mingw64/bin/../lib/gcc/x86_64-w64-mingw32/11.2.0/../../../../x86_64-w64-mingw32/lib/../lib/libmingwex.a(lib64_libmingwex_a-gdtoa.o)
 *fill*         0x00000001400095d0       0x10 
 .rdata         0x00000001400095e0      0x160 A:/00_SHIELD/00_ITI/00_Sources/03_GCC_Compiler/msys64/mingw64/bin/../lib/gcc/x86_64-w64-mingw32/11.2.0/../../../../x86_64-w64-mingw32/lib/../lib/libmingwex.a(lib64_libmingwex_a-misc.o)
                0x0000000140009600                __tens_D2A
                0x00000001400096c0                __tinytens_D2A
                0x0000000140009700                __bigtens_D2A
 *(SORT_BY_NAME(.rdata$*))
 .rdata$.refptr._CRT_MT
                0x0000000140009740       0x10 A:/00_SHIELD/00_ITI/00_Sources/03_GCC_Compiler/msys64/mingw64/bin/../lib/gcc/x86_64-w64-mingw32/11.2.0/../../../../x86_64-w64-mingw32/lib/../lib/libmingw32.a(lib64_libmingw32_a-tlssup.o)
                0x0000000140009740                .refptr._CRT_MT
 .rdata$.refptr._MINGW_INSTALL_DEBUG_MATHERR
                0x0000000140009750       0x10 A:/00_SHIELD/00_ITI/00_Sources/03_GCC_Compiler/msys64/mingw64/bin/../lib/gcc/x86_64-w64-mingw32/11.2.0/../../../../x86_64-w64-mingw32/lib/../lib/crt2.o
                0x0000000140009750                .refptr._MINGW_INSTALL_DEBUG_MATHERR
 .rdata$.refptr.__CTOR_LIST__
                0x0000000140009760       0x10 A:/00_SHIELD/00_ITI/00_Sources/03_GCC_Compiler/msys64/mingw64/bin/../lib/gcc/x86_64-w64-mingw32/11.2.0/../../../../x86_64-w64-mingw32/lib/../lib/libmingw32.a(lib64_libmingw32_a-gccmain.o)
                0x0000000140009760                .refptr.__CTOR_LIST__
 .rdata$.refptr.__RUNTIME_PSEUDO_RELOC_LIST_END__
                0x0000000140009770       0x10 A:/00_SHIELD/00_ITI/00_Sources/03_GCC_Compiler/msys64/mingw64/bin/../lib/gcc/x86_64-w64-mingw32/11.2.0/../../../../x86_64-w64-mingw32/lib/../lib/libmingw32.a(lib64_libmingw32_a-pseudo-reloc.o)
                0x0000000140009770                .refptr.__RUNTIME_PSEUDO_RELOC_LIST_END__
 .rdata$.refptr.__RUNTIME_PSEUDO_RELOC_LIST__
                0x0000000140009780       0x10 A:/00_SHIELD/00_ITI/00_Sources/03_GCC_Compiler/msys64/mingw64/bin/../lib/gcc/x86_64-w64-mingw32/11.2.0/../../../../x86_64-w64-mingw32/lib/../lib/libmingw32.a(lib64_libmingw32_a-pseudo-reloc.o)
                0x0000000140009780                .refptr.__RUNTIME_PSEUDO_RELOC_LIST__
 .rdata$.refptr.__dyn_tls_init_callback
                0x0000000140009790       0x10 A:/00_SHIELD/00_ITI/00_Sources/03_GCC_Compiler/msys64/mingw64/bin/../lib/gcc/x86_64-w64-mingw32/11.2.0/../../../../x86_64-w64-mingw32/lib/../lib/crt2.o
                0x0000000140009790                .refptr.__dyn_tls_init_callback
 .rdata$.refptr.__image_base__
                0x00000001400097a0       0x10 A:/00_SHIELD/00_ITI/00_Sources/03_GCC_Compiler/msys64/mingw64/bin/../lib/gcc/x86_64-w64-mingw32/11.2.0/../../../../x86_64-w64-mingw32/lib/../lib/crt2.o
                0x00000001400097a0                .refptr.__image_base__
 .rdata$.refptr.__imp___initenv
                0x00000001400097b0       0x10 A:/00_SHIELD/00_ITI/00_Sources/03_GCC_Compiler/msys64/mingw64/bin/../lib/gcc/x86_64-w64-mingw32/11.2.0/../../../../x86_64-w64-mingw32/lib/../lib/crt2.o
                0x00000001400097b0                .refptr.__imp___initenv
 .rdata$.refptr.__imp__acmdln
                0x00000001400097c0       0x10 A:/00_SHIELD/00_ITI/00_Sources/03_GCC_Compiler/msys64/mingw64/bin/../lib/gcc/x86_64-w64-mingw32/11.2.0/../../../../x86_64-w64-mingw32/lib/../lib/libmsvcrt.a(lib64_libmsvcrt_extra_a-__p__acmdln.o)
                0x00000001400097c0                .refptr.__imp__acmdln
 .rdata$.refptr.__imp__commode
                0x00000001400097d0       0x10 A:/00_SHIELD/00_ITI/00_Sources/03_GCC_Compiler/msys64/mingw64/bin/../lib/gcc/x86_64-w64-mingw32/11.2.0/../../../../x86_64-w64-mingw32/lib/../lib/libmsvcrt.a(lib64_libmsvcrt_extra_a-__p__commode.o)
                0x00000001400097d0                .refptr.__imp__commode
 .rdata$.refptr.__imp__fmode
                0x00000001400097e0       0x10 A:/00_SHIELD/00_ITI/00_Sources/03_GCC_Compiler/msys64/mingw64/bin/../lib/gcc/x86_64-w64-mingw32/11.2.0/../../../../x86_64-w64-mingw32/lib/../lib/libmsvcrt.a(lib64_libmsvcrt_extra_a-__p__fmode.o)
                0x00000001400097e0                .refptr.__imp__fmode
 .rdata$.refptr.__mingw_app_type
                0x00000001400097f0       0x10 A:/00_SHIELD/00_ITI/00_Sources/03_GCC_Compiler/msys64/mingw64/bin/../lib/gcc/x86_64-w64-mingw32/11.2.0/../../../../x86_64-w64-mingw32/lib/../lib/crt2.o
                0x00000001400097f0                .refptr.__mingw_app_type
 .rdata$.refptr.__mingw_initltsdrot_force
                0x0000000140009800       0x10 A:/00_SHIELD/00_ITI/00_Sources/03_GCC_Compiler/msys64/mingw64/bin/../lib/gcc/x86_64-w64-mingw32/11.2.0/../../../../x86_64-w64-mingw32/lib/../lib/crt2.o
                0x0000000140009800                .refptr.__mingw_initltsdrot_force
 .rdata$.refptr.__mingw_initltsdyn_force
                0x0000000140009810       0x10 A:/00_SHIELD/00_ITI/00_Sources/03_GCC_Compiler/msys64/mingw64/bin/../lib/gcc/x86_64-w64-mingw32/11.2.0/../../../../x86_64-w64-mingw32/lib/../lib/crt2.o
                0x0000000140009810                .refptr.__mingw_initltsdyn_force
 .rdata$.refptr.__mingw_initltssuo_force
                0x0000000140009820       0x10 A:/00_SHIELD/00_ITI/00_Sources/03_GCC_Compiler/msys64/mingw64/bin/../lib/gcc/x86_64-w64-mingw32/11.2.0/../../../../x86_64-w64-mingw32/lib/../lib/crt2.o
                0x0000000140009820                .refptr.__mingw_initltssuo_force
 .rdata$.refptr.__mingw_oldexcpt_handler
                0x0000000140009830       0x10 A:/00_SHIELD/00_ITI/00_Sources/03_GCC_Compiler/msys64/mingw64/bin/../lib/gcc/x86_64-w64-mingw32/11.2.0/../../../../x86_64-w64-mingw32/lib/../lib/crt2.o
                0x0000000140009830                .refptr.__mingw_oldexcpt_handler
 .rdata$.refptr.__native_startup_lock
                0x0000000140009840       0x10 A:/00_SHIELD/00_ITI/00_Sources/03_GCC_Compiler/msys64/mingw64/bin/../lib/gcc/x86_64-w64-mingw32/11.2.0/../../../../x86_64-w64-mingw32/lib/../lib/crt2.o
                0x0000000140009840                .refptr.__native_startup_lock
 .rdata$.refptr.__native_startup_state
                0x0000000140009850       0x10 A:/00_SHIELD/00_ITI/00_Sources/03_GCC_Compiler/msys64/mingw64/bin/../lib/gcc/x86_64-w64-mingw32/11.2.0/../../../../x86_64-w64-mingw32/lib/../lib/crt2.o
                0x0000000140009850                .refptr.__native_startup_state
 .rdata$.refptr.__tens_D2A
                0x0000000140009860       0x10 A:/00_SHIELD/00_ITI/00_Sources/03_GCC_Compiler/msys64/mingw64/bin/../lib/gcc/x86_64-w64-mingw32/11.2.0/../../../../x86_64-w64-mingw32/lib/../lib/libmingwex.a(lib64_libmingwex_a-gdtoa.o)
                0x0000000140009860                .refptr.__tens_D2A
 .rdata$.refptr.__xc_a
                0x0000000140009870       0x10 A:/00_SHIELD/00_ITI/00_Sources/03_GCC_Compiler/msys64/mingw64/bin/../lib/gcc/x86_64-w64-mingw32/11.2.0/../../../../x86_64-w64-mingw32/lib/../lib/crt2.o
                0x0000000140009870                .refptr.__xc_a
 .rdata$.refptr.__xc_z
                0x0000000140009880       0x10 A:/00_SHIELD/00_ITI/00_Sources/03_GCC_Compiler/msys64/mingw64/bin/../lib/gcc/x86_64-w64-mingw32/11.2.0/../../../../x86_64-w64-mingw32/lib/../lib/crt2.o
                0x0000000140009880                .refptr.__xc_z
 .rdata$.refptr.__xi_a
                0x0000000140009890       0x10 A:/00_SHIELD/00_ITI/00_Sources/03_GCC_Compiler/msys64/mingw64/bin/../lib/gcc/x86_64-w64-mingw32/11.2.0/../../../../x86_64-w64-mingw32/lib/../lib/crt2.o
                0x0000000140009890                .refptr.__xi_a
 .rdata$.refptr.__xi_z
                0x00000001400098a0       0x10 A:/00_SHIELD/00_ITI/00_Sources/03_GCC_Compiler/msys64/mingw64/bin/../lib/gcc/x86_64-w64-mingw32/11.2.0/../../../../x86_64-w64-mingw32/lib/../lib/crt2.o
                0x00000001400098a0                .refptr.__xi_z
 .rdata$.refptr._commode
                0x00000001400098b0       0x10 A:/00_SHIELD/00_ITI/00_Sources/03_GCC_Compiler/msys64/mingw64/bin/../lib/gcc/x86_64-w64-mingw32/11.2.0/../../../../x86_64-w64-mingw32/lib/../lib/crt2.o
                0x00000001400098b0                .refptr._commode
 .rdata$.refptr._dowildcard
                0x00000001400098c0       0x10 A:/00_SHIELD/00_ITI/00_Sources/03_GCC_Compiler/msys64/mingw64/bin/../lib/gcc/x86_64-w64-mingw32/11.2.0/../../../../x86_64-w64-mingw32/lib/../lib/crt2.o
                0x00000001400098c0                .refptr._dowildcard
 .rdata$.refptr._fmode
                0x00000001400098d0       0x10 A:/00_SHIELD/00_ITI/00_Sources/03_GCC_Compiler/msys64/mingw64/bin/../lib/gcc/x86_64-w64-mingw32/11.2.0/../../../../x86_64-w64-mingw32/lib/../lib/crt2.o
                0x00000001400098d0                .refptr._fmode
 .rdata$.refptr._gnu_exception_handler
                0x00000001400098e0       0x10 A:/00_SHIELD/00_ITI/00_Sources/03_GCC_Compiler/msys64/mingw64/bin/../lib/gcc/x86_64-w64-mingw32/11.2.0/../../../../x86_64-w64-mingw32/lib/../lib/crt2.o
                0x00000001400098e0                .refptr._gnu_exception_handler
 .rdata$.refptr._matherr
                0x00000001400098f0       0x10 A:/00_SHIELD/00_ITI/00_Sources/03_GCC_Compiler/msys64/mingw64/bin/../lib/gcc/x86_64-w64-mingw32/11.2.0/../../../../x86_64-w64-mingw32/lib/../lib/crt2.o
                0x00000001400098f0                .refptr._matherr
 .rdata$.refptr._newmode
                0x0000000140009900       0x10 A:/00_SHIELD/00_ITI/00_Sources/03_GCC_Compiler/msys64/mingw64/bin/../lib/gcc/x86_64-w64-mingw32/11.2.0/../../../../x86_64-w64-mingw32/lib/../lib/crt2.o
                0x0000000140009900                .refptr._newmode
 .rdata$zzz     0x0000000140009910       0x30 A:/00_SHIELD/00_ITI/00_Sources/03_GCC_Compiler/msys64/mingw64/bin/../lib/gcc/x86_64-w64-mingw32/11.2.0/../../../../x86_64-w64-mingw32/lib/../lib/crt2.o
 .rdata$zzz     0x0000000140009940       0x30 A:/00_SHIELD/00_ITI/00_Sources/03_GCC_Compiler/msys64/mingw64/bin/../lib/gcc/x86_64-w64-mingw32/11.2.0/crtbegin.o
 .rdata$zzz     0x0000000140009970       0x30 C:\Users\mmich\AppData\Local\Temp\ccI3quID.o
 .rdata$zzz     0x00000001400099a0       0x30 A:/00_SHIELD/00_ITI/00_Sources/03_GCC_Compiler/msys64/mingw64/bin/../lib/gcc/x86_64-w64-mingw32/11.2.0/../../../../x86_64-w64-mingw32/lib/../lib/libmingw32.a(lib64_libmingw32_a-gccmain.o)
 .rdata$zzz     0x00000001400099d0       0x30 A:/00_SHIELD/00_ITI/00_Sources/03_GCC_Compiler/msys64/mingw64/bin/../lib/gcc/x86_64-w64-mingw32/11.2.0/../../../../x86_64-w64-mingw32/lib/../lib/libmingw32.a(lib64_libmingw32_a-natstart.o)
 .rdata$zzz     0x0000000140009a00       0x30 A:/00_SHIELD/00_ITI/00_Sources/03_GCC_Compiler/msys64/mingw64/bin/../lib/gcc/x86_64-w64-mingw32/11.2.0/../../../../x86_64-w64-mingw32/lib/../lib/libmingw32.a(lib64_libmingw32_a-wildcard.o)
 .rdata$zzz     0x0000000140009a30       0x30 A:/00_SHIELD/00_ITI/00_Sources/03_GCC_Compiler/msys64/mingw64/bin/../lib/gcc/x86_64-w64-mingw32/11.2.0/../../../../x86_64-w64-mingw32/lib/../lib/libmingw32.a(lib64_libmingw32_a-dllargv.o)
 .rdata$zzz     0x0000000140009a60       0x30 A:/00_SHIELD/00_ITI/00_Sources/03_GCC_Compiler/msys64/mingw64/bin/../lib/gcc/x86_64-w64-mingw32/11.2.0/../../../../x86_64-w64-mingw32/lib/../lib/libmingw32.a(lib64_libmingw32_a-_newmode.o)
 .rdata$zzz     0x0000000140009a90       0x30 A:/00_SHIELD/00_ITI/00_Sources/03_GCC_Compiler/msys64/mingw64/bin/../lib/gcc/x86_64-w64-mingw32/11.2.0/../../../../x86_64-w64-mingw32/lib/../lib/libmingw32.a(lib64_libmingw32_a-tlssup.o)
 .rdata$zzz     0x0000000140009ac0       0x30 A:/00_SHIELD/00_ITI/00_Sources/03_GCC_Compiler/msys64/mingw64/bin/../lib/gcc/x86_64-w64-mingw32/11.2.0/../../../../x86_64-w64-mingw32/lib/../lib/libmingw32.a(lib64_libmingw32_a-xncommod.o)
 .rdata$zzz     0x0000000140009af0       0x30 A:/00_SHIELD/00_ITI/00_Sources/03_GCC_Compiler/msys64/mingw64/bin/../lib/gcc/x86_64-w64-mingw32/11.2.0/../../../../x86_64-w64-mingw32/lib/../lib/libmingw32.a(lib64_libmingw32_a-cinitexe.o)
 .rdata$zzz     0x0000000140009b20       0x30 A:/00_SHIELD/00_ITI/00_Sources/03_GCC_Compiler/msys64/mingw64/bin/../lib/gcc/x86_64-w64-mingw32/11.2.0/../../../../x86_64-w64-mingw32/lib/../lib/libmingw32.a(lib64_libmingw32_a-merr.o)
 .rdata$zzz     0x0000000140009b50       0x30 A:/00_SHIELD/00_ITI/00_Sources/03_GCC_Compiler/msys64/mingw64/bin/../lib/gcc/x86_64-w64-mingw32/11.2.0/../../../../x86_64-w64-mingw32/lib/../lib/libmingw32.a(lib64_libmingw32_a-CRT_fp10.o)
 .rdata$zzz     0x0000000140009b80       0x30 A:/00_SHIELD/00_ITI/00_Sources/03_GCC_Compiler/msys64/mingw64/bin/../lib/gcc/x86_64-w64-mingw32/11.2.0/../../../../x86_64-w64-mingw32/lib/../lib/libmingw32.a(lib64_libmingw32_a-mingw_helpers.o)
 .rdata$zzz     0x0000000140009bb0       0x30 A:/00_SHIELD/00_ITI/00_Sources/03_GCC_Compiler/msys64/mingw64/bin/../lib/gcc/x86_64-w64-mingw32/11.2.0/../../../../x86_64-w64-mingw32/lib/../lib/libmingw32.a(lib64_libmingw32_a-pseudo-reloc.o)
 .rdata$zzz     0x0000000140009be0       0x30 A:/00_SHIELD/00_ITI/00_Sources/03_GCC_Compiler/msys64/mingw64/bin/../lib/gcc/x86_64-w64-mingw32/11.2.0/../../../../x86_64-w64-mingw32/lib/../lib/libmingw32.a(lib64_libmingw32_a-usermatherr.o)
 .rdata$zzz     0x0000000140009c10       0x30 A:/00_SHIELD/00_ITI/00_Sources/03_GCC_Compiler/msys64/mingw64/bin/../lib/gcc/x86_64-w64-mingw32/11.2.0/../../../../x86_64-w64-mingw32/lib/../lib/libmingw32.a(lib64_libmingw32_a-xtxtmode.o)
 .rdata$zzz     0x0000000140009c40       0x30 A:/00_SHIELD/00_ITI/00_Sources/03_GCC_Compiler/msys64/mingw64/bin/../lib/gcc/x86_64-w64-mingw32/11.2.0/../../../../x86_64-w64-mingw32/lib/../lib/libmingw32.a(lib64_libmingw32_a-crt_handler.o)
 .rdata$zzz     0x0000000140009c70       0x30 A:/00_SHIELD/00_ITI/00_Sources/03_GCC_Compiler/msys64/mingw64/bin/../lib/gcc/x86_64-w64-mingw32/11.2.0/../../../../x86_64-w64-mingw32/lib/../lib/libmingw32.a(lib64_libmingw32_a-tlsthrd.o)
 .rdata$zzz     0x0000000140009ca0       0x30 A:/00_SHIELD/00_ITI/00_Sources/03_GCC_Compiler/msys64/mingw64/bin/../lib/gcc/x86_64-w64-mingw32/11.2.0/../../../../x86_64-w64-mingw32/lib/../lib/libmingw32.a(lib64_libmingw32_a-tlsmcrt.o)
 .rdata$zzz     0x0000000140009cd0       0x30 A:/00_SHIELD/00_ITI/00_Sources/03_GCC_Compiler/msys64/mingw64/bin/../lib/gcc/x86_64-w64-mingw32/11.2.0/../../../../x86_64-w64-mingw32/lib/../lib/libmingw32.a(lib64_libmingw32_a-pseudo-reloc-list.o)
 .rdata$zzz     0x0000000140009d00       0x30 A:/00_SHIELD/00_ITI/00_Sources/03_GCC_Compiler/msys64/mingw64/bin/../lib/gcc/x86_64-w64-mingw32/11.2.0/../../../../x86_64-w64-mingw32/lib/../lib/libmingw32.a(lib64_libmingw32_a-pesect.o)
 .rdata$zzz     0x0000000140009d30       0x30 A:/00_SHIELD/00_ITI/00_Sources/03_GCC_Compiler/msys64/mingw64/bin/../lib/gcc/x86_64-w64-mingw32/11.2.0/libgcc.a(_ctors.o)
 .rdata$zzz     0x0000000140009d60       0x30 A:/00_SHIELD/00_ITI/00_Sources/03_GCC_Compiler/msys64/mingw64/bin/../lib/gcc/x86_64-w64-mingw32/11.2.0/../../../../x86_64-w64-mingw32/lib/../lib/libmingwex.a(lib64_libmingwex_a-mingw_matherr.o)
 .rdata$zzz     0x0000000140009d90       0x30 A:/00_SHIELD/00_ITI/00_Sources/03_GCC_Compiler/msys64/mingw64/bin/../lib/gcc/x86_64-w64-mingw32/11.2.0/../../../../x86_64-w64-mingw32/lib/../lib/libmingwex.a(lib64_libmingwex_a-mingw_vfprintf.o)
 .rdata$zzz     0x0000000140009dc0       0x30 A:/00_SHIELD/00_ITI/00_Sources/03_GCC_Compiler/msys64/mingw64/bin/../lib/gcc/x86_64-w64-mingw32/11.2.0/../../../../x86_64-w64-mingw32/lib/../lib/libmingwex.a(lib64_libmingwex_a-mingw_pformat.o)
 .rdata$zzz     0x0000000140009df0       0x30 A:/00_SHIELD/00_ITI/00_Sources/03_GCC_Compiler/msys64/mingw64/bin/../lib/gcc/x86_64-w64-mingw32/11.2.0/../../../../x86_64-w64-mingw32/lib/../lib/libmingwex.a(lib64_libmingwex_a-dmisc.o)
 .rdata$zzz     0x0000000140009e20       0x30 A:/00_SHIELD/00_ITI/00_Sources/03_GCC_Compiler/msys64/mingw64/bin/../lib/gcc/x86_64-w64-mingw32/11.2.0/../../../../x86_64-w64-mingw32/lib/../lib/libmingwex.a(lib64_libmingwex_a-gdtoa.o)
 .rdata$zzz     0x0000000140009e50       0x30 A:/00_SHIELD/00_ITI/00_Sources/03_GCC_Compiler/msys64/mingw64/bin/../lib/gcc/x86_64-w64-mingw32/11.2.0/../../../../x86_64-w64-mingw32/lib/../lib/libmingwex.a(lib64_libmingwex_a-gmisc.o)
 .rdata$zzz     0x0000000140009e80       0x30 A:/00_SHIELD/00_ITI/00_Sources/03_GCC_Compiler/msys64/mingw64/bin/../lib/gcc/x86_64-w64-mingw32/11.2.0/../../../../x86_64-w64-mingw32/lib/../lib/libmingwex.a(lib64_libmingwex_a-misc.o)
 .rdata$zzz     0x0000000140009eb0       0x30 A:/00_SHIELD/00_ITI/00_Sources/03_GCC_Compiler/msys64/mingw64/bin/../lib/gcc/x86_64-w64-mingw32/11.2.0/../../../../x86_64-w64-mingw32/lib/../lib/libmingwex.a(lib64_libmingwex_a-strnlen.o)
 .rdata$zzz     0x0000000140009ee0       0x30 A:/00_SHIELD/00_ITI/00_Sources/03_GCC_Compiler/msys64/mingw64/bin/../lib/gcc/x86_64-w64-mingw32/11.2.0/../../../../x86_64-w64-mingw32/lib/../lib/libmingwex.a(lib64_libmingwex_a-wcsnlen.o)
 .rdata$zzz     0x0000000140009f10       0x30 A:/00_SHIELD/00_ITI/00_Sources/03_GCC_Compiler/msys64/mingw64/bin/../lib/gcc/x86_64-w64-mingw32/11.2.0/../../../../x86_64-w64-mingw32/lib/../lib/libmsvcrt.a(lib64_libmsvcrt_extra_a-__p__fmode.o)
 .rdata$zzz     0x0000000140009f40       0x30 A:/00_SHIELD/00_ITI/00_Sources/03_GCC_Compiler/msys64/mingw64/bin/../lib/gcc/x86_64-w64-mingw32/11.2.0/../../../../x86_64-w64-mingw32/lib/../lib/libmsvcrt.a(lib64_libmsvcrt_extra_a-__p__commode.o)
 .rdata$zzz     0x0000000140009f70       0x30 A:/00_SHIELD/00_ITI/00_Sources/03_GCC_Compiler/msys64/mingw64/bin/../lib/gcc/x86_64-w64-mingw32/11.2.0/../../../../x86_64-w64-mingw32/lib/../lib/libmsvcrt.a(lib64_libmsvcrt_extra_a-__p__acmdln.o)
 .rdata$zzz     0x0000000140009fa0       0x30 A:/00_SHIELD/00_ITI/00_Sources/03_GCC_Compiler/msys64/mingw64/bin/../lib/gcc/x86_64-w64-mingw32/11.2.0/../../../../x86_64-w64-mingw32/lib/../lib/libmsvcrt.a(lib64_libmsvcrt_extra_a-mingw_lock.o)
 .rdata$zzz     0x0000000140009fd0       0x30 A:/00_SHIELD/00_ITI/00_Sources/03_GCC_Compiler/msys64/mingw64/bin/../lib/gcc/x86_64-w64-mingw32/11.2.0/../../../../x86_64-w64-mingw32/lib/../lib/libmsvcrt.a(lib64_libmsvcrt_extra_a-invalid_parameter_handler.o)
 .rdata$zzz     0x000000014000a000       0x30 A:/00_SHIELD/00_ITI/00_Sources/03_GCC_Compiler/msys64/mingw64/bin/../lib/gcc/x86_64-w64-mingw32/11.2.0/../../../../x86_64-w64-mingw32/lib/../lib/libmsvcrt.a(lib64_libmsvcrt_common_a-acrt_iob_func.o)
 .rdata$zzz     0x000000014000a030       0x30 A:/00_SHIELD/00_ITI/00_Sources/03_GCC_Compiler/msys64/mingw64/bin/../lib/gcc/x86_64-w64-mingw32/11.2.0/../../../../x86_64-w64-mingw32/lib/../lib/libmsvcrt.a(lib64_libmsvcrt_common_a-wcrtomb.o)
 .rdata$zzz     0x000000014000a060       0x30 A:/00_SHIELD/00_ITI/00_Sources/03_GCC_Compiler/msys64/mingw64/bin/../lib/gcc/x86_64-w64-mingw32/11.2.0/../../../../x86_64-w64-mingw32/lib/../lib/libmsvcrt.a(lib64_libmsvcrt_common_a-mbrtowc.o)
 .rdata$zzz     0x000000014000a090       0x30 A:/00_SHIELD/00_ITI/00_Sources/03_GCC_Compiler/msys64/mingw64/bin/../lib/gcc/x86_64-w64-mingw32/11.2.0/crtend.o
                0x000000014000a0c0                . = ALIGN (0x4)
                0x000000014000a0c0                __rt_psrelocs_start = .
 *(.rdata_runtime_pseudo_reloc)
                0x000000014000a0c0                __rt_psrelocs_end = .
                0x0000000000000000                __rt_psrelocs_size = (__rt_psrelocs_end - __rt_psrelocs_start)
                0x000000014000a0c0                ___RUNTIME_PSEUDO_RELOC_LIST_END__ = .
                0x000000014000a0c0                __RUNTIME_PSEUDO_RELOC_LIST_END__ = .
                0x000000014000a0c0                ___RUNTIME_PSEUDO_RELOC_LIST__ = (. - __rt_psrelocs_size)
                0x000000014000a0c0                __RUNTIME_PSEUDO_RELOC_LIST__ = (. - __rt_psrelocs_size)

.eh_frame
 *(.eh_frame*)

.pdata          0x000000014000b000      0x600
 *(.pdata*)
 .pdata         0x000000014000b000       0x54 A:/00_SHIELD/00_ITI/00_Sources/03_GCC_Compiler/msys64/mingw64/bin/../lib/gcc/x86_64-w64-mingw32/11.2.0/../../../../x86_64-w64-mingw32/lib/../lib/crt2.o
 .pdata         0x000000014000b054       0x18 A:/00_SHIELD/00_ITI/00_Sources/03_GCC_Compiler/msys64/mingw64/bin/../lib/gcc/x86_64-w64-mingw32/11.2.0/crtbegin.o
 .pdata         0x000000014000b06c       0x18 C:\Users\mmich\AppData\Local\Temp\ccI3quID.o
 .pdata         0x000000014000b084       0x24 A:/00_SHIELD/00_ITI/00_Sources/03_GCC_Compiler/msys64/mingw64/bin/../lib/gcc/x86_64-w64-mingw32/11.2.0/../../../../x86_64-w64-mingw32/lib/../lib/libmingw32.a(lib64_libmingw32_a-gccmain.o)
 .pdata         0x000000014000b0a8        0xc A:/00_SHIELD/00_ITI/00_Sources/03_GCC_Compiler/msys64/mingw64/bin/../lib/gcc/x86_64-w64-mingw32/11.2.0/../../../../x86_64-w64-mingw32/lib/../lib/libmingw32.a(lib64_libmingw32_a-dllargv.o)
 .pdata         0x000000014000b0b4       0x24 A:/00_SHIELD/00_ITI/00_Sources/03_GCC_Compiler/msys64/mingw64/bin/../lib/gcc/x86_64-w64-mingw32/11.2.0/../../../../x86_64-w64-mingw32/lib/../lib/libmingw32.a(lib64_libmingw32_a-tlssup.o)
 .pdata         0x000000014000b0d8        0xc A:/00_SHIELD/00_ITI/00_Sources/03_GCC_Compiler/msys64/mingw64/bin/../lib/gcc/x86_64-w64-mingw32/11.2.0/../../../../x86_64-w64-mingw32/lib/../lib/libmingw32.a(lib64_libmingw32_a-merr.o)
 .pdata         0x000000014000b0e4        0xc A:/00_SHIELD/00_ITI/00_Sources/03_GCC_Compiler/msys64/mingw64/bin/../lib/gcc/x86_64-w64-mingw32/11.2.0/../../../../x86_64-w64-mingw32/lib/../lib/libmingw32.a(lib64_libmingw32_a-CRT_fp10.o)
 .pdata         0x000000014000b0f0       0x24 A:/00_SHIELD/00_ITI/00_Sources/03_GCC_Compiler/msys64/mingw64/bin/../lib/gcc/x86_64-w64-mingw32/11.2.0/../../../../x86_64-w64-mingw32/lib/../lib/libmingw32.a(lib64_libmingw32_a-pseudo-reloc.o)
 .pdata         0x000000014000b114       0x18 A:/00_SHIELD/00_ITI/00_Sources/03_GCC_Compiler/msys64/mingw64/bin/../lib/gcc/x86_64-w64-mingw32/11.2.0/../../../../x86_64-w64-mingw32/lib/../lib/libmingw32.a(lib64_libmingw32_a-usermatherr.o)
 .pdata         0x000000014000b12c        0xc A:/00_SHIELD/00_ITI/00_Sources/03_GCC_Compiler/msys64/mingw64/bin/../lib/gcc/x86_64-w64-mingw32/11.2.0/../../../../x86_64-w64-mingw32/lib/../lib/libmingw32.a(lib64_libmingw32_a-crt_handler.o)
 .pdata         0x000000014000b138       0x30 A:/00_SHIELD/00_ITI/00_Sources/03_GCC_Compiler/msys64/mingw64/bin/../lib/gcc/x86_64-w64-mingw32/11.2.0/../../../../x86_64-w64-mingw32/lib/../lib/libmingw32.a(lib64_libmingw32_a-tlsthrd.o)
 .pdata         0x000000014000b168       0x6c A:/00_SHIELD/00_ITI/00_Sources/03_GCC_Compiler/msys64/mingw64/bin/../lib/gcc/x86_64-w64-mingw32/11.2.0/../../../../x86_64-w64-mingw32/lib/../lib/libmingw32.a(lib64_libmingw32_a-pesect.o)
 .pdata         0x000000014000b1d4        0xc A:/00_SHIELD/00_ITI/00_Sources/03_GCC_Compiler/msys64/mingw64/bin/../lib/gcc/x86_64-w64-mingw32/11.2.0/../../../../x86_64-w64-mingw32/lib/../lib/libmingwex.a(lib64_libmingwex_a-mingw_vfprintf.o)
 .pdata         0x000000014000b1e0       0xc0 A:/00_SHIELD/00_ITI/00_Sources/03_GCC_Compiler/msys64/mingw64/bin/../lib/gcc/x86_64-w64-mingw32/11.2.0/../../../../x86_64-w64-mingw32/lib/../lib/libmingwex.a(lib64_libmingwex_a-mingw_pformat.o)
 .pdata         0x000000014000b2a0       0x30 A:/00_SHIELD/00_ITI/00_Sources/03_GCC_Compiler/msys64/mingw64/bin/../lib/gcc/x86_64-w64-mingw32/11.2.0/../../../../x86_64-w64-mingw32/lib/../lib/libmingwex.a(lib64_libmingwex_a-dmisc.o)
 .pdata         0x000000014000b2d0        0xc A:/00_SHIELD/00_ITI/00_Sources/03_GCC_Compiler/msys64/mingw64/bin/../lib/gcc/x86_64-w64-mingw32/11.2.0/../../../../x86_64-w64-mingw32/lib/../lib/libmingwex.a(lib64_libmingwex_a-gdtoa.o)
 .pdata         0x000000014000b2dc       0x18 A:/00_SHIELD/00_ITI/00_Sources/03_GCC_Compiler/msys64/mingw64/bin/../lib/gcc/x86_64-w64-mingw32/11.2.0/../../../../x86_64-w64-mingw32/lib/../lib/libmingwex.a(lib64_libmingwex_a-gmisc.o)
 .pdata         0x000000014000b2f4       0xa8 A:/00_SHIELD/00_ITI/00_Sources/03_GCC_Compiler/msys64/mingw64/bin/../lib/gcc/x86_64-w64-mingw32/11.2.0/../../../../x86_64-w64-mingw32/lib/../lib/libmingwex.a(lib64_libmingwex_a-misc.o)
 .pdata         0x000000014000b39c        0xc A:/00_SHIELD/00_ITI/00_Sources/03_GCC_Compiler/msys64/mingw64/bin/../lib/gcc/x86_64-w64-mingw32/11.2.0/../../../../x86_64-w64-mingw32/lib/../lib/libmingwex.a(lib64_libmingwex_a-strnlen.o)
 .pdata         0x000000014000b3a8        0xc A:/00_SHIELD/00_ITI/00_Sources/03_GCC_Compiler/msys64/mingw64/bin/../lib/gcc/x86_64-w64-mingw32/11.2.0/../../../../x86_64-w64-mingw32/lib/../lib/libmingwex.a(lib64_libmingwex_a-wcsnlen.o)
 .pdata         0x000000014000b3b4        0xc A:/00_SHIELD/00_ITI/00_Sources/03_GCC_Compiler/msys64/mingw64/bin/../lib/gcc/x86_64-w64-mingw32/11.2.0/../../../../x86_64-w64-mingw32/lib/../lib/libmsvcrt.a(lib64_libmsvcrt_extra_a-__p__fmode.o)
 .pdata         0x000000014000b3c0        0xc A:/00_SHIELD/00_ITI/00_Sources/03_GCC_Compiler/msys64/mingw64/bin/../lib/gcc/x86_64-w64-mingw32/11.2.0/../../../../x86_64-w64-mingw32/lib/../lib/libmsvcrt.a(lib64_libmsvcrt_extra_a-__p__commode.o)
 .pdata         0x000000014000b3cc        0xc A:/00_SHIELD/00_ITI/00_Sources/03_GCC_Compiler/msys64/mingw64/bin/../lib/gcc/x86_64-w64-mingw32/11.2.0/../../../../x86_64-w64-mingw32/lib/../lib/libmsvcrt.a(lib64_libmsvcrt_extra_a-__p__acmdln.o)
 .pdata         0x000000014000b3d8       0x18 A:/00_SHIELD/00_ITI/00_Sources/03_GCC_Compiler/msys64/mingw64/bin/../lib/gcc/x86_64-w64-mingw32/11.2.0/../../../../x86_64-w64-mingw32/lib/../lib/libmsvcrt.a(lib64_libmsvcrt_extra_a-mingw_lock.o)
 .pdata         0x000000014000b3f0       0x18 A:/00_SHIELD/00_ITI/00_Sources/03_GCC_Compiler/msys64/mingw64/bin/../lib/gcc/x86_64-w64-mingw32/11.2.0/../../../../x86_64-w64-mingw32/lib/../lib/libmsvcrt.a(lib64_libmsvcrt_extra_a-invalid_parameter_handler.o)
 .pdata         0x000000014000b408        0xc A:/00_SHIELD/00_ITI/00_Sources/03_GCC_Compiler/msys64/mingw64/bin/../lib/gcc/x86_64-w64-mingw32/11.2.0/../../../../x86_64-w64-mingw32/lib/../lib/libmsvcrt.a(lib64_libmsvcrt_common_a-acrt_iob_func.o)
 .pdata         0x000000014000b414       0x24 A:/00_SHIELD/00_ITI/00_Sources/03_GCC_Compiler/msys64/mingw64/bin/../lib/gcc/x86_64-w64-mingw32/11.2.0/../../../../x86_64-w64-mingw32/lib/../lib/libmsvcrt.a(lib64_libmsvcrt_common_a-wcrtomb.o)
 .pdata         0x000000014000b438       0x30 A:/00_SHIELD/00_ITI/00_Sources/03_GCC_Compiler/msys64/mingw64/bin/../lib/gcc/x86_64-w64-mingw32/11.2.0/../../../../x86_64-w64-mingw32/lib/../lib/libmsvcrt.a(lib64_libmsvcrt_common_a-mbrtowc.o)
 .pdata.startup
                0x000000014000b468        0xc A:/00_SHIELD/00_ITI/00_Sources/03_GCC_Compiler/msys64/mingw64/bin/../lib/gcc/x86_64-w64-mingw32/11.2.0/crtend.o

.xdata          0x000000014000c000      0x600
 *(.xdata*)
 .xdata         0x000000014000c000       0x70 A:/00_SHIELD/00_ITI/00_Sources/03_GCC_Compiler/msys64/mingw64/bin/../lib/gcc/x86_64-w64-mingw32/11.2.0/../../../../x86_64-w64-mingw32/lib/../lib/crt2.o
 .xdata         0x000000014000c070        0x8 A:/00_SHIELD/00_ITI/00_Sources/03_GCC_Compiler/msys64/mingw64/bin/../lib/gcc/x86_64-w64-mingw32/11.2.0/crtbegin.o
 .xdata         0x000000014000c078       0x18 C:\Users\mmich\AppData\Local\Temp\ccI3quID.o
 .xdata         0x000000014000c090       0x18 A:/00_SHIELD/00_ITI/00_Sources/03_GCC_Compiler/msys64/mingw64/bin/../lib/gcc/x86_64-w64-mingw32/11.2.0/../../../../x86_64-w64-mingw32/lib/../lib/libmingw32.a(lib64_libmingw32_a-gccmain.o)
 .xdata         0x000000014000c0a8        0x4 A:/00_SHIELD/00_ITI/00_Sources/03_GCC_Compiler/msys64/mingw64/bin/../lib/gcc/x86_64-w64-mingw32/11.2.0/../../../../x86_64-w64-mingw32/lib/../lib/libmingw32.a(lib64_libmingw32_a-dllargv.o)
 .xdata         0x000000014000c0ac       0x18 A:/00_SHIELD/00_ITI/00_Sources/03_GCC_Compiler/msys64/mingw64/bin/../lib/gcc/x86_64-w64-mingw32/11.2.0/../../../../x86_64-w64-mingw32/lib/../lib/libmingw32.a(lib64_libmingw32_a-tlssup.o)
 .xdata         0x000000014000c0c4       0x18 A:/00_SHIELD/00_ITI/00_Sources/03_GCC_Compiler/msys64/mingw64/bin/../lib/gcc/x86_64-w64-mingw32/11.2.0/../../../../x86_64-w64-mingw32/lib/../lib/libmingw32.a(lib64_libmingw32_a-merr.o)
 .xdata         0x000000014000c0dc        0x4 A:/00_SHIELD/00_ITI/00_Sources/03_GCC_Compiler/msys64/mingw64/bin/../lib/gcc/x86_64-w64-mingw32/11.2.0/../../../../x86_64-w64-mingw32/lib/../lib/libmingw32.a(lib64_libmingw32_a-CRT_fp10.o)
 .xdata         0x000000014000c0e0       0x30 A:/00_SHIELD/00_ITI/00_Sources/03_GCC_Compiler/msys64/mingw64/bin/../lib/gcc/x86_64-w64-mingw32/11.2.0/../../../../x86_64-w64-mingw32/lib/../lib/libmingw32.a(lib64_libmingw32_a-pseudo-reloc.o)
 .xdata         0x000000014000c110        0xc A:/00_SHIELD/00_ITI/00_Sources/03_GCC_Compiler/msys64/mingw64/bin/../lib/gcc/x86_64-w64-mingw32/11.2.0/../../../../x86_64-w64-mingw32/lib/../lib/libmingw32.a(lib64_libmingw32_a-usermatherr.o)
 .xdata         0x000000014000c11c        0x8 A:/00_SHIELD/00_ITI/00_Sources/03_GCC_Compiler/msys64/mingw64/bin/../lib/gcc/x86_64-w64-mingw32/11.2.0/../../../../x86_64-w64-mingw32/lib/../lib/libmingw32.a(lib64_libmingw32_a-crt_handler.o)
 .xdata         0x000000014000c124       0x34 A:/00_SHIELD/00_ITI/00_Sources/03_GCC_Compiler/msys64/mingw64/bin/../lib/gcc/x86_64-w64-mingw32/11.2.0/../../../../x86_64-w64-mingw32/lib/../lib/libmingw32.a(lib64_libmingw32_a-tlsthrd.o)
 .xdata         0x000000014000c158       0x2c A:/00_SHIELD/00_ITI/00_Sources/03_GCC_Compiler/msys64/mingw64/bin/../lib/gcc/x86_64-w64-mingw32/11.2.0/../../../../x86_64-w64-mingw32/lib/../lib/libmingw32.a(lib64_libmingw32_a-pesect.o)
 .xdata         0x000000014000c184        0xc A:/00_SHIELD/00_ITI/00_Sources/03_GCC_Compiler/msys64/mingw64/bin/../lib/gcc/x86_64-w64-mingw32/11.2.0/../../../../x86_64-w64-mingw32/lib/../lib/libmingwex.a(lib64_libmingwex_a-mingw_vfprintf.o)
 .xdata         0x000000014000c190       0xf4 A:/00_SHIELD/00_ITI/00_Sources/03_GCC_Compiler/msys64/mingw64/bin/../lib/gcc/x86_64-w64-mingw32/11.2.0/../../../../x86_64-w64-mingw32/lib/../lib/libmingwex.a(lib64_libmingwex_a-mingw_pformat.o)
 .xdata         0x000000014000c284       0x30 A:/00_SHIELD/00_ITI/00_Sources/03_GCC_Compiler/msys64/mingw64/bin/../lib/gcc/x86_64-w64-mingw32/11.2.0/../../../../x86_64-w64-mingw32/lib/../lib/libmingwex.a(lib64_libmingwex_a-dmisc.o)
 .xdata         0x000000014000c2b4       0x1c A:/00_SHIELD/00_ITI/00_Sources/03_GCC_Compiler/msys64/mingw64/bin/../lib/gcc/x86_64-w64-mingw32/11.2.0/../../../../x86_64-w64-mingw32/lib/../lib/libmingwex.a(lib64_libmingwex_a-gdtoa.o)
 .xdata         0x000000014000c2d0       0x14 A:/00_SHIELD/00_ITI/00_Sources/03_GCC_Compiler/msys64/mingw64/bin/../lib/gcc/x86_64-w64-mingw32/11.2.0/../../../../x86_64-w64-mingw32/lib/../lib/libmingwex.a(lib64_libmingwex_a-gmisc.o)
 .xdata         0x000000014000c2e4       0xac A:/00_SHIELD/00_ITI/00_Sources/03_GCC_Compiler/msys64/mingw64/bin/../lib/gcc/x86_64-w64-mingw32/11.2.0/../../../../x86_64-w64-mingw32/lib/../lib/libmingwex.a(lib64_libmingwex_a-misc.o)
 .xdata         0x000000014000c390        0x4 A:/00_SHIELD/00_ITI/00_Sources/03_GCC_Compiler/msys64/mingw64/bin/../lib/gcc/x86_64-w64-mingw32/11.2.0/../../../../x86_64-w64-mingw32/lib/../lib/libmingwex.a(lib64_libmingwex_a-strnlen.o)
 .xdata         0x000000014000c394        0x4 A:/00_SHIELD/00_ITI/00_Sources/03_GCC_Compiler/msys64/mingw64/bin/../lib/gcc/x86_64-w64-mingw32/11.2.0/../../../../x86_64-w64-mingw32/lib/../lib/libmingwex.a(lib64_libmingwex_a-wcsnlen.o)
 .xdata         0x000000014000c398        0x4 A:/00_SHIELD/00_ITI/00_Sources/03_GCC_Compiler/msys64/mingw64/bin/../lib/gcc/x86_64-w64-mingw32/11.2.0/../../../../x86_64-w64-mingw32/lib/../lib/libmsvcrt.a(lib64_libmsvcrt_extra_a-__p__fmode.o)
 .xdata         0x000000014000c39c        0x4 A:/00_SHIELD/00_ITI/00_Sources/03_GCC_Compiler/msys64/mingw64/bin/../lib/gcc/x86_64-w64-mingw32/11.2.0/../../../../x86_64-w64-mingw32/lib/../lib/libmsvcrt.a(lib64_libmsvcrt_extra_a-__p__commode.o)
 .xdata         0x000000014000c3a0        0x4 A:/00_SHIELD/00_ITI/00_Sources/03_GCC_Compiler/msys64/mingw64/bin/../lib/gcc/x86_64-w64-mingw32/11.2.0/../../../../x86_64-w64-mingw32/lib/../lib/libmsvcrt.a(lib64_libmsvcrt_extra_a-__p__acmdln.o)
 .xdata         0x000000014000c3a4       0x10 A:/00_SHIELD/00_ITI/00_Sources/03_GCC_Compiler/msys64/mingw64/bin/../lib/gcc/x86_64-w64-mingw32/11.2.0/../../../../x86_64-w64-mingw32/lib/../lib/libmsvcrt.a(lib64_libmsvcrt_extra_a-mingw_lock.o)
 .xdata         0x000000014000c3b4        0x8 A:/00_SHIELD/00_ITI/00_Sources/03_GCC_Compiler/msys64/mingw64/bin/../lib/gcc/x86_64-w64-mingw32/11.2.0/../../../../x86_64-w64-mingw32/lib/../lib/libmsvcrt.a(lib64_libmsvcrt_extra_a-invalid_parameter_handler.o)
 .xdata         0x000000014000c3bc        0x8 A:/00_SHIELD/00_ITI/00_Sources/03_GCC_Compiler/msys64/mingw64/bin/../lib/gcc/x86_64-w64-mingw32/11.2.0/../../../../x86_64-w64-mingw32/lib/../lib/libmsvcrt.a(lib64_libmsvcrt_common_a-acrt_iob_func.o)
 .xdata         0x000000014000c3c4       0x28 A:/00_SHIELD/00_ITI/00_Sources/03_GCC_Compiler/msys64/mingw64/bin/../lib/gcc/x86_64-w64-mingw32/11.2.0/../../../../x86_64-w64-mingw32/lib/../lib/libmsvcrt.a(lib64_libmsvcrt_common_a-wcrtomb.o)
 .xdata         0x000000014000c3ec       0x40 A:/00_SHIELD/00_ITI/00_Sources/03_GCC_Compiler/msys64/mingw64/bin/../lib/gcc/x86_64-w64-mingw32/11.2.0/../../../../x86_64-w64-mingw32/lib/../lib/libmsvcrt.a(lib64_libmsvcrt_common_a-mbrtowc.o)
 .xdata.startup
                0x000000014000c42c        0x4 A:/00_SHIELD/00_ITI/00_Sources/03_GCC_Compiler/msys64/mingw64/bin/../lib/gcc/x86_64-w64-mingw32/11.2.0/crtend.o

.bss            0x000000014000d000      0xb80
                0x000000014000d000                __bss_start__ = .
 *(.bss)
 .bss           0x000000014000d000       0x40 A:/00_SHIELD/00_ITI/00_Sources/03_GCC_Compiler/msys64/mingw64/bin/../lib/gcc/x86_64-w64-mingw32/11.2.0/../../../../x86_64-w64-mingw32/lib/../lib/crt2.o
                0x000000014000d000                __mingw_module_is_dll
                0x000000014000d008                __mingw_winmain_lpCmdLine
                0x000000014000d010                __mingw_winmain_hInstance
 .bss           0x000000014000d040        0x0 A:/00_SHIELD/00_ITI/00_Sources/03_GCC_Compiler/msys64/mingw64/bin/../lib/gcc/x86_64-w64-mingw32/11.2.0/crtbegin.o
 .bss           0x000000014000d040        0x0 C:\Users\mmich\AppData\Local\Temp\ccI3quID.o
 .bss           0x000000014000d040       0x10 A:/00_SHIELD/00_ITI/00_Sources/03_GCC_Compiler/msys64/mingw64/bin/../lib/gcc/x86_64-w64-mingw32/11.2.0/../../../../x86_64-w64-mingw32/lib/../lib/libmingw32.a(lib64_libmingw32_a-gccmain.o)
 .bss           0x000000014000d050       0x10 A:/00_SHIELD/00_ITI/00_Sources/03_GCC_Compiler/msys64/mingw64/bin/../lib/gcc/x86_64-w64-mingw32/11.2.0/../../../../x86_64-w64-mingw32/lib/../lib/libmingw32.a(lib64_libmingw32_a-natstart.o)
                0x000000014000d050                __native_startup_lock
                0x000000014000d058                __native_startup_state